[INFO] Scanning for projects...
[INFO] ------------------------------------------------------------------------
[INFO] Reactor Build Order:
[INFO] 
[INFO] Spring Boot Admin                                                  [pom]
[INFO] Spring Boot Admin Dependencies                                     [pom]
[INFO] Spring Boot Admin Build                                            [pom]
[INFO] Spring Boot Admin Server                                           [jar]
[INFO] Spring Boot Admin Server UI                                        [jar]
[INFO] Spring Boot Admin Client                                           [jar]
[INFO] Spring Boot Admin Docs                                             [pom]
[INFO] Spring Boot Admin Server Cloud                                     [jar]
[INFO] Spring Boot Admin Server Starter                                   [jar]
[INFO] Spring Boot Admin Client Starter                                   [jar]
[INFO] Spring Boot Admin Samples                                          [pom]
[INFO] Spring Boot Admin Server custom UI                                 [jar]
[INFO] Spring Boot Admin Sample Servlet                                   [jar]
[INFO] Spring Boot Admin Sample Reactive                                  [jar]
[INFO] Spring Boot Admin Sample War                                       [war]
[INFO] Spring Boot Admin Sample Hazelcast                                 [jar]
[INFO] Spring Boot Admin Sample Eureka                                    [jar]
[INFO] Spring Boot Admin Sample Consul                                    [jar]
[INFO] Spring Boot Admin Sample Zookeeper                                 [jar]
[INFO] 
[INFO] ------------------< de.codecentric:spring-boot-admin >------------------
[INFO] Building Spring Boot Admin 4.0.0-SNAPSHOT                         [1/19]
[INFO]   from pom.xml
[INFO] --------------------------------[ pom ]---------------------------------
[INFO] 
[INFO] --- clean:3.5.0:clean (default-clean) @ spring-boot-admin ---
[INFO] Deleting /home/ubuntu/repos/spring-boot-admin/target
[INFO] 
[INFO] --- flatten:1.7.3:clean (flatten-clean) @ spring-boot-admin ---
[INFO] Deleting /home/ubuntu/repos/spring-boot-admin/.flattened-pom.xml
[INFO] 
[INFO] --- checkstyle:3.6.0:check (checkstyle-validation) @ spring-boot-admin ---
[INFO] ------------------------------------------------------------------------
[INFO] Reactor Summary for Spring Boot Admin 4.0.0-SNAPSHOT:
[INFO] 
[INFO] Spring Boot Admin .................................. FAILURE [  1.785 s]
[INFO] Spring Boot Admin Dependencies ..................... SKIPPED
[INFO] Spring Boot Admin Build ............................ SKIPPED
[INFO] Spring Boot Admin Server ........................... SKIPPED
[INFO] Spring Boot Admin Server UI ........................ SKIPPED
[INFO] Spring Boot Admin Client ........................... SKIPPED
[INFO] Spring Boot Admin Docs ............................. SKIPPED
[INFO] Spring Boot Admin Server Cloud ..................... SKIPPED
[INFO] Spring Boot Admin Server Starter ................... SKIPPED
[INFO] Spring Boot Admin Client Starter ................... SKIPPED
[INFO] Spring Boot Admin Samples .......................... SKIPPED
[INFO] Spring Boot Admin Server custom UI ................. SKIPPED
[INFO] Spring Boot Admin Sample Servlet ................... SKIPPED
[INFO] Spring Boot Admin Sample Reactive .................. SKIPPED
[INFO] Spring Boot Admin Sample War ....................... SKIPPED
[INFO] Spring Boot Admin Sample Hazelcast ................. SKIPPED
[INFO] Spring Boot Admin Sample Eureka .................... SKIPPED
[INFO] Spring Boot Admin Sample Consul .................... SKIPPED
[INFO] Spring Boot Admin Sample Zookeeper ................. SKIPPED
[INFO] ------------------------------------------------------------------------
[INFO] BUILD FAILURE
[INFO] ------------------------------------------------------------------------
[INFO] Total time:  2.359 s
[INFO] Finished at: 2026-02-06T01:53:14Z
[INFO] ------------------------------------------------------------------------
[ERROR] Failed to execute goal org.apache.maven.plugins:maven-checkstyle-plugin:3.6.0:check (checkstyle-validation) on project spring-boot-admin: Failed during checkstyle configuration: cannot initialize module com.puppycrawl.tools.checkstyle.TreeWalker - cannot initialize module io.spring.javaformat.checkstyle.check.SpringImportOrderCheck - Property 'thirdPartyPackages' does not exist, please check the documentation -> [Help 1]
[ERROR] 
[ERROR] To see the full stack trace of the errors, re-run Maven with the -e switch.
[ERROR] Re-run Maven using the -X switch to enable full debug logging.
[ERROR] 
[ERROR] For more information about the errors and possible solutions, please read the following articles:
[ERROR] [Help 1] http://cwiki.apache.org/confluence/display/MAVEN/MojoExecutionException
