[INFO] Scanning for projects...
[INFO] ------------------------------------------------------------------------
[INFO] Reactor Build Order:
[INFO] 
[INFO] Spring Boot Admin                                                  [pom]
[INFO] Spring Boot Admin Dependencies                                     [pom]
[INFO] Spring Boot Admin Build                                            [pom]
[INFO] Spring Boot Admin Server                                           [jar]
[INFO] Spring Boot Admin Server UI                                        [jar]
[INFO] Spring Boot Admin Client                                           [jar]
[INFO] Spring Boot Admin Docs                                             [pom]
[INFO] Spring Boot Admin Server Cloud                                     [jar]
[INFO] Spring Boot Admin Server Starter                                   [jar]
[INFO] Spring Boot Admin Client Starter                                   [jar]
[INFO] Spring Boot Admin Samples                                          [pom]
[INFO] Spring Boot Admin Server custom UI                                 [jar]
[INFO] Spring Boot Admin Sample Servlet                                   [jar]
[INFO] Spring Boot Admin Sample Reactive                                  [jar]
[INFO] Spring Boot Admin Sample War                                       [war]
[INFO] Spring Boot Admin Sample Hazelcast                                 [jar]
[INFO] Spring Boot Admin Sample Eureka                                    [jar]
[INFO] Spring Boot Admin Sample Consul                                    [jar]
[INFO] Spring Boot Admin Sample Zookeeper                                 [jar]
[INFO] 
[INFO] ------------------< de.codecentric:spring-boot-admin >------------------
[INFO] Building Spring Boot Admin 4.0.0-SNAPSHOT                         [1/19]
[INFO]   from pom.xml
[INFO] --------------------------------[ pom ]---------------------------------
[INFO] 
[INFO] --- clean:3.5.0:clean (default-clean) @ spring-boot-admin ---
[INFO] Deleting /home/ubuntu/repos/spring-boot-admin/target
[INFO] 
[INFO] --- flatten:1.7.3:clean (flatten-clean) @ spring-boot-admin ---
[INFO] Deleting /home/ubuntu/repos/spring-boot-admin/.flattened-pom.xml
[INFO] 
[INFO] --- checkstyle:3.6.0:check (checkstyle-validation) @ spring-boot-admin ---
[INFO] Starting audit...
Audit done.
[INFO] You have 0 Checkstyle violations.
[INFO] 
[INFO] --- enforcer:3.6.2:enforce (enforce-maven) @ spring-boot-admin ---
[INFO] Rule 0: org.apache.maven.enforcer.rules.version.RequireMavenVersion passed
[INFO] 
[INFO] --- spring-javaformat:0.0.47:validate (default) @ spring-boot-admin ---
[INFO] 
[INFO] --- flatten:1.7.3:flatten (flatten) @ spring-boot-admin ---
[INFO] Generating flattened POM of project de.codecentric:spring-boot-admin:pom:4.0.0-SNAPSHOT...
[INFO] 
[INFO] --- source:3.4.0:jar-no-fork (attach-sources) @ spring-boot-admin ---
[INFO] 
[INFO] --- javadoc:3.12.0:jar (attach-javadocs) @ spring-boot-admin ---
[INFO] Not executing Javadoc as the project is not a Java classpath-capable package
[INFO] 
[INFO] --- install:3.1.4:install (default-install) @ spring-boot-admin ---
[INFO] Installing /home/ubuntu/repos/spring-boot-admin/.flattened-pom.xml to /home/ubuntu/.m2/repository/de/codecentric/spring-boot-admin/4.0.0-SNAPSHOT/spring-boot-admin-4.0.0-SNAPSHOT.pom
[INFO] 
[INFO] -----------< de.codecentric:spring-boot-admin-dependencies >------------
[INFO] Building Spring Boot Admin Dependencies 4.0.0-SNAPSHOT            [2/19]
[INFO]   from spring-boot-admin-dependencies/pom.xml
[INFO] --------------------------------[ pom ]---------------------------------
[INFO] 
[INFO] --- clean:3.5.0:clean (default-clean) @ spring-boot-admin-dependencies ---
[INFO] Deleting /home/ubuntu/repos/spring-boot-admin/spring-boot-admin-dependencies/target
[INFO] 
[INFO] --- flatten:1.7.3:clean (flatten-clean) @ spring-boot-admin-dependencies ---
[INFO] Deleting /home/ubuntu/repos/spring-boot-admin/spring-boot-admin-dependencies/.flattened-pom.xml
[INFO] 
[INFO] --- checkstyle:3.6.0:check (checkstyle-validation) @ spring-boot-admin-dependencies ---
[INFO] Starting audit...
Audit done.
[INFO] You have 0 Checkstyle violations.
[INFO] 
[INFO] --- enforcer:3.6.2:enforce (enforce-maven) @ spring-boot-admin-dependencies ---
[INFO] 
[INFO] --- spring-javaformat:0.0.47:validate (default) @ spring-boot-admin-dependencies ---
[INFO] 
[INFO] --- flatten:1.7.3:flatten (flatten) @ spring-boot-admin-dependencies ---
[INFO] Generating flattened POM of project de.codecentric:spring-boot-admin-dependencies:pom:4.0.0-SNAPSHOT...
[INFO] 
[INFO] --- source:3.4.0:jar-no-fork (attach-sources) @ spring-boot-admin-dependencies ---
[INFO] 
[INFO] --- javadoc:3.12.0:jar (attach-javadocs) @ spring-boot-admin-dependencies ---
[INFO] Not executing Javadoc as the project is not a Java classpath-capable package
[INFO] 
[INFO] --- install:3.1.4:install (default-install) @ spring-boot-admin-dependencies ---
[INFO] Installing /home/ubuntu/repos/spring-boot-admin/spring-boot-admin-dependencies/.flattened-pom.xml to /home/ubuntu/.m2/repository/de/codecentric/spring-boot-admin-dependencies/4.0.0-SNAPSHOT/spring-boot-admin-dependencies-4.0.0-SNAPSHOT.pom
[INFO] 
[INFO] ---------------< de.codecentric:spring-boot-admin-build >---------------
[INFO] Building Spring Boot Admin Build 4.0.0-SNAPSHOT                   [3/19]
[INFO]   from spring-boot-admin-build/pom.xml
[INFO] --------------------------------[ pom ]---------------------------------
[INFO] 
[INFO] --- clean:3.5.0:clean (default-clean) @ spring-boot-admin-build ---
[INFO] Deleting /home/ubuntu/repos/spring-boot-admin/spring-boot-admin-build/target
[INFO] 
[INFO] --- checkstyle:3.6.0:check (checkstyle-validation) @ spring-boot-admin-build ---
[INFO] Starting audit...
Audit done.
[INFO] You have 0 Checkstyle violations.
[INFO] 
[INFO] --- enforcer:3.6.2:enforce (enforce-maven) @ spring-boot-admin-build ---
[INFO] 
[INFO] --- spring-javaformat:0.0.47:validate (default) @ spring-boot-admin-build ---
[INFO] 
[INFO] --- build-helper:3.6.1:regex-property (generate-automatic-module-name) @ spring-boot-admin-build ---
[INFO] 
[INFO] --- flatten:1.7.3:flatten (flatten) @ spring-boot-admin-build ---
[INFO] Generating flattened POM of project de.codecentric:spring-boot-admin-build:pom:4.0.0-SNAPSHOT...
[INFO] 
[INFO] --- source:3.4.0:jar-no-fork (attach-sources) @ spring-boot-admin-build ---
[INFO] 
[INFO] --- javadoc:3.12.0:jar (attach-javadocs) @ spring-boot-admin-build ---
[INFO] Not executing Javadoc as the project is not a Java classpath-capable package
[INFO] 
[INFO] --- install:3.1.4:install (default-install) @ spring-boot-admin-build ---
[INFO] Installing /home/ubuntu/repos/spring-boot-admin/spring-boot-admin-build/.flattened-pom.xml to /home/ubuntu/.m2/repository/de/codecentric/spring-boot-admin-build/4.0.0-SNAPSHOT/spring-boot-admin-build-4.0.0-SNAPSHOT.pom
[INFO] 
[INFO] --------------< de.codecentric:spring-boot-admin-server >---------------
[INFO] Building Spring Boot Admin Server 4.0.0-SNAPSHOT                  [4/19]
[INFO]   from spring-boot-admin-server/pom.xml
[INFO] --------------------------------[ jar ]---------------------------------
[INFO] 
[INFO] --- clean:3.5.0:clean (default-clean) @ spring-boot-admin-server ---
[INFO] Deleting /home/ubuntu/repos/spring-boot-admin/spring-boot-admin-server/target
[INFO] 
[INFO] --- checkstyle:3.6.0:check (checkstyle-validation) @ spring-boot-admin-server ---
[INFO] Starting audit...
Audit done.
[INFO] You have 0 Checkstyle violations.
[INFO] 
[INFO] --- enforcer:3.6.2:enforce (enforce-maven) @ spring-boot-admin-server ---
[INFO] 
[INFO] --- spring-javaformat:0.0.47:validate (default) @ spring-boot-admin-server ---
[INFO] 
[INFO] --- build-helper:3.6.1:regex-property (generate-automatic-module-name) @ spring-boot-admin-server ---
[INFO] 
[INFO] --- resources:3.4.0:resources (default-resources) @ spring-boot-admin-server ---
[INFO] Copying 3 resources from src/main/resources to target/classes
[INFO] 
[INFO] --- flatten:1.7.3:flatten (flatten) @ spring-boot-admin-server ---
[INFO] Generating flattened POM of project de.codecentric:spring-boot-admin-server:jar:4.0.0-SNAPSHOT...
[INFO] 
[INFO] --- compiler:3.15.0:compile (default-compile) @ spring-boot-admin-server ---
[INFO] Recompiling the module because of changed source code.
[INFO] Compiling 150 source files with javac [debug parameters target 21] to target/classes
[WARNING] /home/ubuntu/repos/spring-boot-admin/spring-boot-admin-server/src/main/java/de/codecentric/boot/admin/server/notify/filter/AbstractContentNotifier.java:[105,100] org.springframework.context.expression.MapAccessor in org.springframework.context.expression has been deprecated and marked for removal
[WARNING] /home/ubuntu/repos/spring-boot-admin/spring-boot-admin-server/src/main/java/de/codecentric/boot/admin/server/notify/PagerdutyNotifier.java:[136,100] org.springframework.context.expression.MapAccessor in org.springframework.context.expression has been deprecated and marked for removal
[WARNING] /home/ubuntu/repos/spring-boot-admin/spring-boot-admin-server/src/main/java/de/codecentric/boot/admin/server/notify/OpsGenieNotifier.java:[176,100] org.springframework.context.expression.MapAccessor in org.springframework.context.expression has been deprecated and marked for removal
[WARNING] /home/ubuntu/repos/spring-boot-admin/spring-boot-admin-server/src/main/java/de/codecentric/boot/admin/server/notify/MicrosoftTeamsNotifier.java:[231,100] org.springframework.context.expression.MapAccessor in org.springframework.context.expression has been deprecated and marked for removal
[WARNING] /home/ubuntu/repos/spring-boot-admin/spring-boot-admin-server/src/main/java/de/codecentric/boot/admin/server/web/client/LegacyEndpointConverters.java:[65,30] org.springframework.http.codec.json.Jackson2JsonDecoder in org.springframework.http.codec.json has been deprecated and marked for removal
[WARNING] /home/ubuntu/repos/spring-boot-admin/spring-boot-admin-server/src/main/java/de/codecentric/boot/admin/server/web/client/LegacyEndpointConverters.java:[65,30] org.springframework.http.codec.json.Jackson2JsonDecoder in org.springframework.http.codec.json has been deprecated and marked for removal
[WARNING] /home/ubuntu/repos/spring-boot-admin/spring-boot-admin-server/src/main/java/de/codecentric/boot/admin/server/web/client/LegacyEndpointConverters.java:[65,30] org.springframework.http.codec.json.Jackson2JsonDecoder in org.springframework.http.codec.json has been deprecated and marked for removal
[WARNING] /home/ubuntu/repos/spring-boot-admin/spring-boot-admin-server/src/main/java/de/codecentric/boot/admin/server/web/client/LegacyEndpointConverters.java:[65,30] org.springframework.http.codec.json.Jackson2JsonDecoder in org.springframework.http.codec.json has been deprecated and marked for removal
[WARNING] /home/ubuntu/repos/spring-boot-admin/spring-boot-admin-server/src/main/java/de/codecentric/boot/admin/server/web/client/LegacyEndpointConverters.java:[65,30] org.springframework.http.codec.json.Jackson2JsonDecoder in org.springframework.http.codec.json has been deprecated and marked for removal
[WARNING] /home/ubuntu/repos/spring-boot-admin/spring-boot-admin-server/src/main/java/de/codecentric/boot/admin/server/web/client/LegacyEndpointConverters.java:[67,30] org.springframework.http.codec.json.Jackson2JsonEncoder in org.springframework.http.codec.json has been deprecated and marked for removal
[WARNING] /home/ubuntu/repos/spring-boot-admin/spring-boot-admin-server/src/main/java/de/codecentric/boot/admin/server/web/client/LegacyEndpointConverters.java:[67,30] org.springframework.http.codec.json.Jackson2JsonEncoder in org.springframework.http.codec.json has been deprecated and marked for removal
[WARNING] /home/ubuntu/repos/spring-boot-admin/spring-boot-admin-server/src/main/java/de/codecentric/boot/admin/server/web/client/LegacyEndpointConverters.java:[67,30] org.springframework.http.codec.json.Jackson2JsonEncoder in org.springframework.http.codec.json has been deprecated and marked for removal
[WARNING] /home/ubuntu/repos/spring-boot-admin/spring-boot-admin-server/src/main/java/de/codecentric/boot/admin/server/web/client/LegacyEndpointConverters.java:[67,30] org.springframework.http.codec.json.Jackson2JsonEncoder in org.springframework.http.codec.json has been deprecated and marked for removal
[WARNING] /home/ubuntu/repos/spring-boot-admin/spring-boot-admin-server/src/main/java/de/codecentric/boot/admin/server/web/client/LegacyEndpointConverters.java:[67,30] org.springframework.http.codec.json.Jackson2JsonEncoder in org.springframework.http.codec.json has been deprecated and marked for removal
[WARNING] /home/ubuntu/repos/spring-boot-admin/spring-boot-admin-server/src/main/java/de/codecentric/boot/admin/server/web/client/LegacyEndpointConverters.java:[73,31] org.springframework.http.codec.json.Jackson2JsonDecoder in org.springframework.http.codec.json has been deprecated and marked for removal
[WARNING] /home/ubuntu/repos/spring-boot-admin/spring-boot-admin-server/src/main/java/de/codecentric/boot/admin/server/web/client/LegacyEndpointConverters.java:[74,31] org.springframework.http.codec.json.Jackson2JsonEncoder in org.springframework.http.codec.json has been deprecated and marked for removal
[WARNING] /home/ubuntu/repos/spring-boot-admin/spring-boot-admin-server/src/main/java/de/codecentric/boot/admin/server/web/client/LegacyEndpointConverters.java:[469,69] non-varargs call of varargs method with inexact argument type for last parameter;
  cast to java.lang.Object for a varargs call
  cast to java.lang.Object[] for a non-varargs call and to suppress this warning
[INFO] /home/ubuntu/repos/spring-boot-admin/spring-boot-admin-server/src/main/java/de/codecentric/boot/admin/server/config/package-info.java: Some input files use or override a deprecated API.
[INFO] /home/ubuntu/repos/spring-boot-admin/spring-boot-admin-server/src/main/java/de/codecentric/boot/admin/server/config/package-info.java: Recompile with -Xlint:deprecation for details.
[INFO] /home/ubuntu/repos/spring-boot-admin/spring-boot-admin-server/src/main/java/de/codecentric/boot/admin/server/web/client/LegacyEndpointConverters.java: /home/ubuntu/repos/spring-boot-admin/spring-boot-admin-server/src/main/java/de/codecentric/boot/admin/server/web/client/LegacyEndpointConverters.java uses unchecked or unsafe operations.
[INFO] /home/ubuntu/repos/spring-boot-admin/spring-boot-admin-server/src/main/java/de/codecentric/boot/admin/server/web/client/LegacyEndpointConverters.java: Recompile with -Xlint:unchecked for details.
[INFO] 
[INFO] --- resources:3.4.0:testResources (default-testResources) @ spring-boot-admin-server ---
[INFO] Copying 27 resources from src/test/resources to target/test-classes
[INFO] 
[INFO] --- compiler:3.15.0:testCompile (default-testCompile) @ spring-boot-admin-server ---
[INFO] Recompiling the module because of changed dependency.
[INFO] Compiling 95 source files with javac [debug parameters target 21] to target/test-classes
[INFO] -------------------------------------------------------------
[ERROR] COMPILATION ERROR : 
[INFO] -------------------------------------------------------------
[ERROR] /home/ubuntu/repos/spring-boot-admin/spring-boot-admin-server/src/test/java/de/codecentric/boot/admin/server/config/AdminServerAutoConfigurationTest.java:[22,56] package org.springframework.boot.autoconfigure.hazelcast does not exist
[ERROR] /home/ubuntu/repos/spring-boot-admin/spring-boot-admin-server/src/test/java/de/codecentric/boot/admin/server/config/AdminServerAutoConfigurationTest.java:[23,67] package org.springframework.boot.autoconfigure.http.client.reactive does not exist
[ERROR] /home/ubuntu/repos/spring-boot-admin/spring-boot-admin-server/src/test/java/de/codecentric/boot/admin/server/config/AdminServerAutoConfigurationTest.java:[24,57] package org.springframework.boot.autoconfigure.web.client does not exist
[ERROR] /home/ubuntu/repos/spring-boot-admin/spring-boot-admin-server/src/test/java/de/codecentric/boot/admin/server/config/AdminServerAutoConfigurationTest.java:[25,75] package org.springframework.boot.autoconfigure.web.reactive.function.client does not exist
[ERROR] /home/ubuntu/repos/spring-boot-admin/spring-boot-admin-server/src/test/java/de/codecentric/boot/admin/server/config/AdminServerAutoConfigurationTest.java:[26,58] package org.springframework.boot.autoconfigure.web.servlet does not exist
[ERROR] /home/ubuntu/repos/spring-boot-admin/spring-boot-admin-server/src/test/java/de/codecentric/boot/admin/server/config/AdminServerCloudFoundryAutoConfigurationTest.java:[21,56] package org.springframework.boot.autoconfigure.hazelcast does not exist
[ERROR] /home/ubuntu/repos/spring-boot-admin/spring-boot-admin-server/src/test/java/de/codecentric/boot/admin/server/config/AdminServerCloudFoundryAutoConfigurationTest.java:[22,67] package org.springframework.boot.autoconfigure.http.client.reactive does not exist
[ERROR] /home/ubuntu/repos/spring-boot-admin/spring-boot-admin-server/src/test/java/de/codecentric/boot/admin/server/config/AdminServerCloudFoundryAutoConfigurationTest.java:[23,57] package org.springframework.boot.autoconfigure.web.client does not exist
[ERROR] /home/ubuntu/repos/spring-boot-admin/spring-boot-admin-server/src/test/java/de/codecentric/boot/admin/server/config/AdminServerCloudFoundryAutoConfigurationTest.java:[24,75] package org.springframework.boot.autoconfigure.web.reactive.function.client does not exist
[ERROR] /home/ubuntu/repos/spring-boot-admin/spring-boot-admin-server/src/test/java/de/codecentric/boot/admin/server/config/AdminServerCloudFoundryAutoConfigurationTest.java:[25,58] package org.springframework.boot.autoconfigure.web.servlet does not exist
[ERROR] /home/ubuntu/repos/spring-boot-admin/spring-boot-admin-server/src/test/java/de/codecentric/boot/admin/server/config/AdminServerInstanceWebClientConfigurationTest.java:[21,67] package org.springframework.boot.autoconfigure.http.client.reactive does not exist
[ERROR] /home/ubuntu/repos/spring-boot-admin/spring-boot-admin-server/src/test/java/de/codecentric/boot/admin/server/config/AdminServerInstanceWebClientConfigurationTest.java:[22,57] package org.springframework.boot.autoconfigure.web.client does not exist
[ERROR] /home/ubuntu/repos/spring-boot-admin/spring-boot-admin-server/src/test/java/de/codecentric/boot/admin/server/config/AdminServerInstanceWebClientConfigurationTest.java:[23,75] package org.springframework.boot.autoconfigure.web.reactive.function.client does not exist
[ERROR] /home/ubuntu/repos/spring-boot-admin/spring-boot-admin-server/src/test/java/de/codecentric/boot/admin/server/config/AdminServerInstanceWebClientConfigurationTest.java:[24,58] package org.springframework.boot.autoconfigure.web.servlet does not exist
[ERROR] /home/ubuntu/repos/spring-boot-admin/spring-boot-admin-server/src/test/java/de/codecentric/boot/admin/server/config/AdminServerNotifierAutoConfigurationTest.java:[22,56] package org.springframework.boot.autoconfigure.hazelcast does not exist
[ERROR] /home/ubuntu/repos/spring-boot-admin/spring-boot-admin-server/src/test/java/de/codecentric/boot/admin/server/config/AdminServerNotifierAutoConfigurationTest.java:[23,67] package org.springframework.boot.autoconfigure.http.client.reactive does not exist
[ERROR] /home/ubuntu/repos/spring-boot-admin/spring-boot-admin-server/src/test/java/de/codecentric/boot/admin/server/config/AdminServerNotifierAutoConfigurationTest.java:[24,57] package org.springframework.boot.autoconfigure.web.client does not exist
[ERROR] /home/ubuntu/repos/spring-boot-admin/spring-boot-admin-server/src/test/java/de/codecentric/boot/admin/server/config/AdminServerNotifierAutoConfigurationTest.java:[25,75] package org.springframework.boot.autoconfigure.web.reactive.function.client does not exist
[ERROR] /home/ubuntu/repos/spring-boot-admin/spring-boot-admin-server/src/test/java/de/codecentric/boot/admin/server/config/AdminServerNotifierAutoConfigurationTest.java:[26,58] package org.springframework.boot.autoconfigure.web.servlet does not exist
[ERROR] /home/ubuntu/repos/spring-boot-admin/spring-boot-admin-server/src/test/java/de/codecentric/boot/admin/server/utils/jackson/BuildVersionMixinTest.java:[21,45] package com.fasterxml.jackson.datatype.jsr310 does not exist
[ERROR] /home/ubuntu/repos/spring-boot-admin/spring-boot-admin-server/src/test/java/de/codecentric/boot/admin/server/utils/jackson/EndpointMixinTest.java:[23,45] package com.fasterxml.jackson.datatype.jsr310 does not exist
[ERROR] /home/ubuntu/repos/spring-boot-admin/spring-boot-admin-server/src/test/java/de/codecentric/boot/admin/server/utils/jackson/EndpointsMixinTest.java:[23,45] package com.fasterxml.jackson.datatype.jsr310 does not exist
[ERROR] /home/ubuntu/repos/spring-boot-admin/spring-boot-admin-server/src/test/java/de/codecentric/boot/admin/server/utils/jackson/InfoMixinTest.java:[26,45] package com.fasterxml.jackson.datatype.jsr310 does not exist
[ERROR] /home/ubuntu/repos/spring-boot-admin/spring-boot-admin-server/src/test/java/de/codecentric/boot/admin/server/utils/jackson/InstanceDeregisteredEventMixinTest.java:[25,45] package com.fasterxml.jackson.datatype.jsr310 does not exist
[ERROR] /home/ubuntu/repos/spring-boot-admin/spring-boot-admin-server/src/test/java/de/codecentric/boot/admin/server/utils/jackson/InstanceEndpointsDetectedEventMixinTest.java:[25,45] package com.fasterxml.jackson.datatype.jsr310 does not exist
[ERROR] /home/ubuntu/repos/spring-boot-admin/spring-boot-admin-server/src/test/java/de/codecentric/boot/admin/server/utils/jackson/InstanceEventMixinTest.java:[21,45] package com.fasterxml.jackson.datatype.jsr310 does not exist
[ERROR] /home/ubuntu/repos/spring-boot-admin/spring-boot-admin-server/src/test/java/de/codecentric/boot/admin/server/utils/jackson/InstanceIdMixinTest.java:[23,45] package com.fasterxml.jackson.datatype.jsr310 does not exist
[ERROR] /home/ubuntu/repos/spring-boot-admin/spring-boot-admin-server/src/test/java/de/codecentric/boot/admin/server/utils/jackson/InstanceInfoChangedEventMixinTest.java:[28,45] package com.fasterxml.jackson.datatype.jsr310 does not exist
[ERROR] /home/ubuntu/repos/spring-boot-admin/spring-boot-admin-server/src/test/java/de/codecentric/boot/admin/server/utils/jackson/InstanceRegisteredEventMixinTest.java:[26,45] package com.fasterxml.jackson.datatype.jsr310 does not exist
[ERROR] /home/ubuntu/repos/spring-boot-admin/spring-boot-admin-server/src/test/java/de/codecentric/boot/admin/server/utils/jackson/InstanceRegistrationUpdatedEventMixinTest.java:[26,45] package com.fasterxml.jackson.datatype.jsr310 does not exist
[ERROR] /home/ubuntu/repos/spring-boot-admin/spring-boot-admin-server/src/test/java/de/codecentric/boot/admin/server/utils/jackson/InstanceStatusChangedEventMixinTest.java:[27,45] package com.fasterxml.jackson.datatype.jsr310 does not exist
[ERROR] /home/ubuntu/repos/spring-boot-admin/spring-boot-admin-server/src/test/java/de/codecentric/boot/admin/server/utils/jackson/StatusInfoMixinTest.java:[24,45] package com.fasterxml.jackson.datatype.jsr310 does not exist
[ERROR] /home/ubuntu/repos/spring-boot-admin/spring-boot-admin-server/src/test/java/de/codecentric/boot/admin/server/utils/jackson/TagsMixinTest.java:[25,45] package com.fasterxml.jackson.datatype.jsr310 does not exist
[INFO] 33 errors 
[INFO] -------------------------------------------------------------
[INFO] ------------------------------------------------------------------------
[INFO] Reactor Summary for Spring Boot Admin 4.0.0-SNAPSHOT:
[INFO] 
[INFO] Spring Boot Admin .................................. SUCCESS [  2.107 s]
[INFO] Spring Boot Admin Dependencies ..................... SUCCESS [  0.079 s]
[INFO] Spring Boot Admin Build ............................ SUCCESS [  0.151 s]
[INFO] Spring Boot Admin Server ........................... FAILURE [  9.971 s]
[INFO] Spring Boot Admin Server UI ........................ SKIPPED
[INFO] Spring Boot Admin Client ........................... SKIPPED
[INFO] Spring Boot Admin Docs ............................. SKIPPED
[INFO] Spring Boot Admin Server Cloud ..................... SKIPPED
[INFO] Spring Boot Admin Server Starter ................... SKIPPED
[INFO] Spring Boot Admin Client Starter ................... SKIPPED
[INFO] Spring Boot Admin Samples .......................... SKIPPED
[INFO] Spring Boot Admin Server custom UI ................. SKIPPED
[INFO] Spring Boot Admin Sample Servlet ................... SKIPPED
[INFO] Spring Boot Admin Sample Reactive .................. SKIPPED
[INFO] Spring Boot Admin Sample War ....................... SKIPPED
[INFO] Spring Boot Admin Sample Hazelcast ................. SKIPPED
[INFO] Spring Boot Admin Sample Eureka .................... SKIPPED
[INFO] Spring Boot Admin Sample Consul .................... SKIPPED
[INFO] Spring Boot Admin Sample Zookeeper ................. SKIPPED
[INFO] ------------------------------------------------------------------------
[INFO] BUILD FAILURE
[INFO] ------------------------------------------------------------------------
[INFO] Total time:  12.783 s
[INFO] Finished at: 2026-02-07T02:59:57Z
[INFO] ------------------------------------------------------------------------
[ERROR] Failed to execute goal org.apache.maven.plugins:maven-compiler-plugin:3.15.0:testCompile (default-testCompile) on project spring-boot-admin-server: Compilation failure: Compilation failure: 
[ERROR] /home/ubuntu/repos/spring-boot-admin/spring-boot-admin-server/src/test/java/de/codecentric/boot/admin/server/config/AdminServerAutoConfigurationTest.java:[22,56] package org.springframework.boot.autoconfigure.hazelcast does not exist
[ERROR] /home/ubuntu/repos/spring-boot-admin/spring-boot-admin-server/src/test/java/de/codecentric/boot/admin/server/config/AdminServerAutoConfigurationTest.java:[23,67] package org.springframework.boot.autoconfigure.http.client.reactive does not exist
[ERROR] /home/ubuntu/repos/spring-boot-admin/spring-boot-admin-server/src/test/java/de/codecentric/boot/admin/server/config/AdminServerAutoConfigurationTest.java:[24,57] package org.springframework.boot.autoconfigure.web.client does not exist
[ERROR] /home/ubuntu/repos/spring-boot-admin/spring-boot-admin-server/src/test/java/de/codecentric/boot/admin/server/config/AdminServerAutoConfigurationTest.java:[25,75] package org.springframework.boot.autoconfigure.web.reactive.function.client does not exist
[ERROR] /home/ubuntu/repos/spring-boot-admin/spring-boot-admin-server/src/test/java/de/codecentric/boot/admin/server/config/AdminServerAutoConfigurationTest.java:[26,58] package org.springframework.boot.autoconfigure.web.servlet does not exist
[ERROR] /home/ubuntu/repos/spring-boot-admin/spring-boot-admin-server/src/test/java/de/codecentric/boot/admin/server/config/AdminServerCloudFoundryAutoConfigurationTest.java:[21,56] package org.springframework.boot.autoconfigure.hazelcast does not exist
[ERROR] /home/ubuntu/repos/spring-boot-admin/spring-boot-admin-server/src/test/java/de/codecentric/boot/admin/server/config/AdminServerCloudFoundryAutoConfigurationTest.java:[22,67] package org.springframework.boot.autoconfigure.http.client.reactive does not exist
[ERROR] /home/ubuntu/repos/spring-boot-admin/spring-boot-admin-server/src/test/java/de/codecentric/boot/admin/server/config/AdminServerCloudFoundryAutoConfigurationTest.java:[23,57] package org.springframework.boot.autoconfigure.web.client does not exist
[ERROR] /home/ubuntu/repos/spring-boot-admin/spring-boot-admin-server/src/test/java/de/codecentric/boot/admin/server/config/AdminServerCloudFoundryAutoConfigurationTest.java:[24,75] package org.springframework.boot.autoconfigure.web.reactive.function.client does not exist
[ERROR] /home/ubuntu/repos/spring-boot-admin/spring-boot-admin-server/src/test/java/de/codecentric/boot/admin/server/config/AdminServerCloudFoundryAutoConfigurationTest.java:[25,58] package org.springframework.boot.autoconfigure.web.servlet does not exist
[ERROR] /home/ubuntu/repos/spring-boot-admin/spring-boot-admin-server/src/test/java/de/codecentric/boot/admin/server/config/AdminServerInstanceWebClientConfigurationTest.java:[21,67] package org.springframework.boot.autoconfigure.http.client.reactive does not exist
[ERROR] /home/ubuntu/repos/spring-boot-admin/spring-boot-admin-server/src/test/java/de/codecentric/boot/admin/server/config/AdminServerInstanceWebClientConfigurationTest.java:[22,57] package org.springframework.boot.autoconfigure.web.client does not exist
[ERROR] /home/ubuntu/repos/spring-boot-admin/spring-boot-admin-server/src/test/java/de/codecentric/boot/admin/server/config/AdminServerInstanceWebClientConfigurationTest.java:[23,75] package org.springframework.boot.autoconfigure.web.reactive.function.client does not exist
[ERROR] /home/ubuntu/repos/spring-boot-admin/spring-boot-admin-server/src/test/java/de/codecentric/boot/admin/server/config/AdminServerInstanceWebClientConfigurationTest.java:[24,58] package org.springframework.boot.autoconfigure.web.servlet does not exist
[ERROR] /home/ubuntu/repos/spring-boot-admin/spring-boot-admin-server/src/test/java/de/codecentric/boot/admin/server/config/AdminServerNotifierAutoConfigurationTest.java:[22,56] package org.springframework.boot.autoconfigure.hazelcast does not exist
[ERROR] /home/ubuntu/repos/spring-boot-admin/spring-boot-admin-server/src/test/java/de/codecentric/boot/admin/server/config/AdminServerNotifierAutoConfigurationTest.java:[23,67] package org.springframework.boot.autoconfigure.http.client.reactive does not exist
[ERROR] /home/ubuntu/repos/spring-boot-admin/spring-boot-admin-server/src/test/java/de/codecentric/boot/admin/server/config/AdminServerNotifierAutoConfigurationTest.java:[24,57] package org.springframework.boot.autoconfigure.web.client does not exist
[ERROR] /home/ubuntu/repos/spring-boot-admin/spring-boot-admin-server/src/test/java/de/codecentric/boot/admin/server/config/AdminServerNotifierAutoConfigurationTest.java:[25,75] package org.springframework.boot.autoconfigure.web.reactive.function.client does not exist
[ERROR] /home/ubuntu/repos/spring-boot-admin/spring-boot-admin-server/src/test/java/de/codecentric/boot/admin/server/config/AdminServerNotifierAutoConfigurationTest.java:[26,58] package org.springframework.boot.autoconfigure.web.servlet does not exist
[ERROR] /home/ubuntu/repos/spring-boot-admin/spring-boot-admin-server/src/test/java/de/codecentric/boot/admin/server/utils/jackson/BuildVersionMixinTest.java:[21,45] package com.fasterxml.jackson.datatype.jsr310 does not exist
[ERROR] /home/ubuntu/repos/spring-boot-admin/spring-boot-admin-server/src/test/java/de/codecentric/boot/admin/server/utils/jackson/EndpointMixinTest.java:[23,45] package com.fasterxml.jackson.datatype.jsr310 does not exist
[ERROR] /home/ubuntu/repos/spring-boot-admin/spring-boot-admin-server/src/test/java/de/codecentric/boot/admin/server/utils/jackson/EndpointsMixinTest.java:[23,45] package com.fasterxml.jackson.datatype.jsr310 does not exist
[ERROR] /home/ubuntu/repos/spring-boot-admin/spring-boot-admin-server/src/test/java/de/codecentric/boot/admin/server/utils/jackson/InfoMixinTest.java:[26,45] package com.fasterxml.jackson.datatype.jsr310 does not exist
[ERROR] /home/ubuntu/repos/spring-boot-admin/spring-boot-admin-server/src/test/java/de/codecentric/boot/admin/server/utils/jackson/InstanceDeregisteredEventMixinTest.java:[25,45] package com.fasterxml.jackson.datatype.jsr310 does not exist
[ERROR] /home/ubuntu/repos/spring-boot-admin/spring-boot-admin-server/src/test/java/de/codecentric/boot/admin/server/utils/jackson/InstanceEndpointsDetectedEventMixinTest.java:[25,45] package com.fasterxml.jackson.datatype.jsr310 does not exist
[ERROR] /home/ubuntu/repos/spring-boot-admin/spring-boot-admin-server/src/test/java/de/codecentric/boot/admin/server/utils/jackson/InstanceEventMixinTest.java:[21,45] package com.fasterxml.jackson.datatype.jsr310 does not exist
[ERROR] /home/ubuntu/repos/spring-boot-admin/spring-boot-admin-server/src/test/java/de/codecentric/boot/admin/server/utils/jackson/InstanceIdMixinTest.java:[23,45] package com.fasterxml.jackson.datatype.jsr310 does not exist
[ERROR] /home/ubuntu/repos/spring-boot-admin/spring-boot-admin-server/src/test/java/de/codecentric/boot/admin/server/utils/jackson/InstanceInfoChangedEventMixinTest.java:[28,45] package com.fasterxml.jackson.datatype.jsr310 does not exist
[ERROR] /home/ubuntu/repos/spring-boot-admin/spring-boot-admin-server/src/test/java/de/codecentric/boot/admin/server/utils/jackson/InstanceRegisteredEventMixinTest.java:[26,45] package com.fasterxml.jackson.datatype.jsr310 does not exist
[ERROR] /home/ubuntu/repos/spring-boot-admin/spring-boot-admin-server/src/test/java/de/codecentric/boot/admin/server/utils/jackson/InstanceRegistrationUpdatedEventMixinTest.java:[26,45] package com.fasterxml.jackson.datatype.jsr310 does not exist
[ERROR] /home/ubuntu/repos/spring-boot-admin/spring-boot-admin-server/src/test/java/de/codecentric/boot/admin/server/utils/jackson/InstanceStatusChangedEventMixinTest.java:[27,45] package com.fasterxml.jackson.datatype.jsr310 does not exist
[ERROR] /home/ubuntu/repos/spring-boot-admin/spring-boot-admin-server/src/test/java/de/codecentric/boot/admin/server/utils/jackson/StatusInfoMixinTest.java:[24,45] package com.fasterxml.jackson.datatype.jsr310 does not exist
[ERROR] /home/ubuntu/repos/spring-boot-admin/spring-boot-admin-server/src/test/java/de/codecentric/boot/admin/server/utils/jackson/TagsMixinTest.java:[25,45] package com.fasterxml.jackson.datatype.jsr310 does not exist
[ERROR] -> [Help 1]
[ERROR] 
[ERROR] To see the full stack trace of the errors, re-run Maven with the -e switch.
[ERROR] Re-run Maven using the -X switch to enable full debug logging.
[ERROR] 
[ERROR] For more information about the errors and possible solutions, please read the following articles:
[ERROR] [Help 1] http://cwiki.apache.org/confluence/display/MAVEN/MojoFailureException
[ERROR] 
[ERROR] After correcting the problems, you can resume the build with the command
[ERROR]   mvn <args> -rf :spring-boot-admin-server
