[INFO] Scanning for projects...
[INFO] ------------------------------------------------------------------------
[INFO] Reactor Build Order:
[INFO] 
[INFO] Spring Boot Admin                                                  [pom]
[INFO] Spring Boot Admin Dependencies                                     [pom]
[INFO] Spring Boot Admin Build                                            [pom]
[INFO] Spring Boot Admin Server                                           [jar]
[INFO] Spring Boot Admin Server UI                                        [jar]
[INFO] Spring Boot Admin Client                                           [jar]
[INFO] Spring Boot Admin Docs                                             [pom]
[INFO] Spring Boot Admin Server Cloud                                     [jar]
[INFO] Spring Boot Admin Server Starter                                   [jar]
[INFO] Spring Boot Admin Client Starter                                   [jar]
[INFO] Spring Boot Admin Samples                                          [pom]
[INFO] Spring Boot Admin Server custom UI                                 [jar]
[INFO] Spring Boot Admin Sample Servlet                                   [jar]
[INFO] Spring Boot Admin Sample Reactive                                  [jar]
[INFO] Spring Boot Admin Sample War                                       [war]
[INFO] Spring Boot Admin Sample Hazelcast                                 [jar]
[INFO] Spring Boot Admin Sample Eureka                                    [jar]
[INFO] Spring Boot Admin Sample Consul                                    [jar]
[INFO] Spring Boot Admin Sample Zookeeper                                 [jar]
[INFO] 
[INFO] ------------------< de.codecentric:spring-boot-admin >------------------
[INFO] Building Spring Boot Admin 4.0.0-SNAPSHOT                         [1/19]
[INFO]   from pom.xml
[INFO] --------------------------------[ pom ]---------------------------------
[INFO] 
[INFO] --- clean:3.5.0:clean (default-clean) @ spring-boot-admin ---
[INFO] Deleting /home/ubuntu/repos/spring-boot-admin/target
[INFO] 
[INFO] --- flatten:1.7.3:clean (flatten-clean) @ spring-boot-admin ---
[INFO] Deleting /home/ubuntu/repos/spring-boot-admin/.flattened-pom.xml
[INFO] 
[INFO] --- checkstyle:3.6.0:check (checkstyle-validation) @ spring-boot-admin ---
[INFO] Starting audit...
Audit done.
[INFO] You have 0 Checkstyle violations.
[INFO] 
[INFO] --- enforcer:3.6.2:enforce (enforce-maven) @ spring-boot-admin ---
[INFO] Rule 0: org.apache.maven.enforcer.rules.version.RequireMavenVersion passed
[INFO] 
[INFO] --- spring-javaformat:0.0.47:validate (default) @ spring-boot-admin ---
[INFO] 
[INFO] --- flatten:1.7.3:flatten (flatten) @ spring-boot-admin ---
[INFO] Generating flattened POM of project de.codecentric:spring-boot-admin:pom:4.0.0-SNAPSHOT...
[INFO] 
[INFO] --- source:3.4.0:jar-no-fork (attach-sources) @ spring-boot-admin ---
[INFO] 
[INFO] --- javadoc:3.12.0:jar (attach-javadocs) @ spring-boot-admin ---
[INFO] Not executing Javadoc as the project is not a Java classpath-capable package
[INFO] 
[INFO] --- install:3.1.4:install (default-install) @ spring-boot-admin ---
[INFO] Installing /home/ubuntu/repos/spring-boot-admin/.flattened-pom.xml to /home/ubuntu/.m2/repository/de/codecentric/spring-boot-admin/4.0.0-SNAPSHOT/spring-boot-admin-4.0.0-SNAPSHOT.pom
[INFO] 
[INFO] -----------< de.codecentric:spring-boot-admin-dependencies >------------
[INFO] Building Spring Boot Admin Dependencies 4.0.0-SNAPSHOT            [2/19]
[INFO]   from spring-boot-admin-dependencies/pom.xml
[INFO] --------------------------------[ pom ]---------------------------------
[INFO] 
[INFO] --- clean:3.5.0:clean (default-clean) @ spring-boot-admin-dependencies ---
[INFO] Deleting /home/ubuntu/repos/spring-boot-admin/spring-boot-admin-dependencies/target
[INFO] 
[INFO] --- flatten:1.7.3:clean (flatten-clean) @ spring-boot-admin-dependencies ---
[INFO] Deleting /home/ubuntu/repos/spring-boot-admin/spring-boot-admin-dependencies/.flattened-pom.xml
[INFO] 
[INFO] --- checkstyle:3.6.0:check (checkstyle-validation) @ spring-boot-admin-dependencies ---
[INFO] Starting audit...
Audit done.
[INFO] You have 0 Checkstyle violations.
[INFO] 
[INFO] --- enforcer:3.6.2:enforce (enforce-maven) @ spring-boot-admin-dependencies ---
[INFO] 
[INFO] --- spring-javaformat:0.0.47:validate (default) @ spring-boot-admin-dependencies ---
[INFO] 
[INFO] --- flatten:1.7.3:flatten (flatten) @ spring-boot-admin-dependencies ---
[INFO] Generating flattened POM of project de.codecentric:spring-boot-admin-dependencies:pom:4.0.0-SNAPSHOT...
[INFO] 
[INFO] --- source:3.4.0:jar-no-fork (attach-sources) @ spring-boot-admin-dependencies ---
[INFO] 
[INFO] --- javadoc:3.12.0:jar (attach-javadocs) @ spring-boot-admin-dependencies ---
[INFO] Not executing Javadoc as the project is not a Java classpath-capable package
[INFO] 
[INFO] --- install:3.1.4:install (default-install) @ spring-boot-admin-dependencies ---
[INFO] Installing /home/ubuntu/repos/spring-boot-admin/spring-boot-admin-dependencies/.flattened-pom.xml to /home/ubuntu/.m2/repository/de/codecentric/spring-boot-admin-dependencies/4.0.0-SNAPSHOT/spring-boot-admin-dependencies-4.0.0-SNAPSHOT.pom
[INFO] 
[INFO] ---------------< de.codecentric:spring-boot-admin-build >---------------
[INFO] Building Spring Boot Admin Build 4.0.0-SNAPSHOT                   [3/19]
[INFO]   from spring-boot-admin-build/pom.xml
[INFO] --------------------------------[ pom ]---------------------------------
[INFO] 
[INFO] --- clean:3.5.0:clean (default-clean) @ spring-boot-admin-build ---
[INFO] Deleting /home/ubuntu/repos/spring-boot-admin/spring-boot-admin-build/target
[INFO] 
[INFO] --- checkstyle:3.6.0:check (checkstyle-validation) @ spring-boot-admin-build ---
[INFO] Starting audit...
Audit done.
[INFO] You have 0 Checkstyle violations.
[INFO] 
[INFO] --- enforcer:3.6.2:enforce (enforce-maven) @ spring-boot-admin-build ---
[INFO] 
[INFO] --- spring-javaformat:0.0.47:validate (default) @ spring-boot-admin-build ---
[INFO] 
[INFO] --- build-helper:3.6.1:regex-property (generate-automatic-module-name) @ spring-boot-admin-build ---
[INFO] 
[INFO] --- flatten:1.7.3:flatten (flatten) @ spring-boot-admin-build ---
[INFO] Generating flattened POM of project de.codecentric:spring-boot-admin-build:pom:4.0.0-SNAPSHOT...
[INFO] 
[INFO] --- source:3.4.0:jar-no-fork (attach-sources) @ spring-boot-admin-build ---
[INFO] 
[INFO] --- javadoc:3.12.0:jar (attach-javadocs) @ spring-boot-admin-build ---
[INFO] Not executing Javadoc as the project is not a Java classpath-capable package
[INFO] 
[INFO] --- install:3.1.4:install (default-install) @ spring-boot-admin-build ---
[INFO] Installing /home/ubuntu/repos/spring-boot-admin/spring-boot-admin-build/.flattened-pom.xml to /home/ubuntu/.m2/repository/de/codecentric/spring-boot-admin-build/4.0.0-SNAPSHOT/spring-boot-admin-build-4.0.0-SNAPSHOT.pom
[INFO] 
[INFO] --------------< de.codecentric:spring-boot-admin-server >---------------
[INFO] Building Spring Boot Admin Server 4.0.0-SNAPSHOT                  [4/19]
[INFO]   from spring-boot-admin-server/pom.xml
[INFO] --------------------------------[ jar ]---------------------------------
[INFO] 
[INFO] --- clean:3.5.0:clean (default-clean) @ spring-boot-admin-server ---
[INFO] Deleting /home/ubuntu/repos/spring-boot-admin/spring-boot-admin-server/target
[INFO] 
[INFO] --- checkstyle:3.6.0:check (checkstyle-validation) @ spring-boot-admin-server ---
[INFO] Starting audit...
[ERROR] /home/ubuntu/repos/spring-boot-admin/spring-boot-admin-server/src/test/java/de/codecentric/boot/admin/server/config/AdminServerCloudFoundryAutoConfigurationTest.java:21:8: Unused import - org.springframework.boot.cache.autoconfigure.CacheAutoConfiguration. [UnusedImports]
[ERROR] /home/ubuntu/repos/spring-boot-admin/spring-boot-admin-server/src/test/java/de/codecentric/boot/admin/server/config/AdminServerCloudFoundryAutoConfigurationTest.java:22:8: Unused import - org.springframework.boot.reactor.netty.autoconfigure.ReactorNettyConfigurations. [UnusedImports]
[ERROR] /home/ubuntu/repos/spring-boot-admin/spring-boot-admin-server/src/test/java/de/codecentric/boot/admin/server/config/AdminServerCloudFoundryAutoConfigurationTest.java:23:1: Wrong order for 'org.springframework.boot.http.converter.autoconfigure.ClientHttpMessageConvertersCustomizer' import. [SpringImportOrder]
[ERROR] /home/ubuntu/repos/spring-boot-admin/spring-boot-admin-server/src/test/java/de/codecentric/boot/admin/server/config/AdminServerCloudFoundryAutoConfigurationTest.java:23:8: Unused import - org.springframework.boot.http.converter.autoconfigure.ClientHttpMessageConvertersCustomizer. [UnusedImports]
[ERROR] /home/ubuntu/repos/spring-boot-admin/spring-boot-admin-server/src/test/java/de/codecentric/boot/admin/server/config/AdminServerCloudFoundryAutoConfigurationTest.java:24:8: Unused import - org.springframework.boot.webflux.autoconfigure.WebFluxAutoConfiguration. [UnusedImports]
[ERROR] /home/ubuntu/repos/spring-boot-admin/spring-boot-admin-server/src/test/java/de/codecentric/boot/admin/server/config/AdminServerCloudFoundryAutoConfigurationTest.java:26:1: Wrong order for 'org.springframework.boot.test.context.runner.WebApplicationContextRunner' import. [SpringImportOrder]
[ERROR] /home/ubuntu/repos/spring-boot-admin/spring-boot-admin-server/src/test/java/de/codecentric/boot/admin/server/config/AdminServerAutoConfigurationTest.java:22:8: Unused import - org.springframework.boot.cache.autoconfigure.CacheAutoConfiguration. [UnusedImports]
[ERROR] /home/ubuntu/repos/spring-boot-admin/spring-boot-admin-server/src/test/java/de/codecentric/boot/admin/server/config/AdminServerAutoConfigurationTest.java:23:8: Unused import - org.springframework.boot.reactor.netty.autoconfigure.ReactorNettyConfigurations. [UnusedImports]
[ERROR] /home/ubuntu/repos/spring-boot-admin/spring-boot-admin-server/src/test/java/de/codecentric/boot/admin/server/config/AdminServerAutoConfigurationTest.java:24:1: Wrong order for 'org.springframework.boot.http.converter.autoconfigure.ClientHttpMessageConvertersCustomizer' import. [SpringImportOrder]
[ERROR] /home/ubuntu/repos/spring-boot-admin/spring-boot-admin-server/src/test/java/de/codecentric/boot/admin/server/config/AdminServerAutoConfigurationTest.java:24:8: Unused import - org.springframework.boot.http.converter.autoconfigure.ClientHttpMessageConvertersCustomizer. [UnusedImports]
[ERROR] /home/ubuntu/repos/spring-boot-admin/spring-boot-admin-server/src/test/java/de/codecentric/boot/admin/server/config/AdminServerAutoConfigurationTest.java:25:8: Unused import - org.springframework.boot.webflux.autoconfigure.WebFluxAutoConfiguration. [UnusedImports]
[ERROR] /home/ubuntu/repos/spring-boot-admin/spring-boot-admin-server/src/test/java/de/codecentric/boot/admin/server/config/AdminServerAutoConfigurationTest.java:27:1: Wrong order for 'org.springframework.boot.test.context.runner.WebApplicationContextRunner' import. [SpringImportOrder]
[ERROR] /home/ubuntu/repos/spring-boot-admin/spring-boot-admin-server/src/test/java/de/codecentric/boot/admin/server/config/AdminServerNotifierAutoConfigurationTest.java:22:8: Unused import - org.springframework.boot.cache.autoconfigure.CacheAutoConfiguration. [UnusedImports]
[ERROR] /home/ubuntu/repos/spring-boot-admin/spring-boot-admin-server/src/test/java/de/codecentric/boot/admin/server/config/AdminServerNotifierAutoConfigurationTest.java:23:8: Unused import - org.springframework.boot.reactor.netty.autoconfigure.ReactorNettyConfigurations. [UnusedImports]
[ERROR] /home/ubuntu/repos/spring-boot-admin/spring-boot-admin-server/src/test/java/de/codecentric/boot/admin/server/config/AdminServerNotifierAutoConfigurationTest.java:24:1: Wrong order for 'org.springframework.boot.http.converter.autoconfigure.ClientHttpMessageConvertersCustomizer' import. [SpringImportOrder]
[ERROR] /home/ubuntu/repos/spring-boot-admin/spring-boot-admin-server/src/test/java/de/codecentric/boot/admin/server/config/AdminServerNotifierAutoConfigurationTest.java:24:8: Unused import - org.springframework.boot.http.converter.autoconfigure.ClientHttpMessageConvertersCustomizer. [UnusedImports]
[ERROR] /home/ubuntu/repos/spring-boot-admin/spring-boot-admin-server/src/test/java/de/codecentric/boot/admin/server/config/AdminServerNotifierAutoConfigurationTest.java:25:8: Unused import - org.springframework.boot.webflux.autoconfigure.WebFluxAutoConfiguration. [UnusedImports]
[ERROR] /home/ubuntu/repos/spring-boot-admin/spring-boot-admin-server/src/test/java/de/codecentric/boot/admin/server/config/AdminServerNotifierAutoConfigurationTest.java:27:1: Wrong order for 'org.springframework.boot.test.context.runner.WebApplicationContextRunner' import. [SpringImportOrder]
[ERROR] /home/ubuntu/repos/spring-boot-admin/spring-boot-admin-server/src/test/java/de/codecentric/boot/admin/server/config/AdminServerInstanceWebClientConfigurationTest.java:21:8: Unused import - org.springframework.boot.reactor.netty.autoconfigure.ReactorNettyConfigurations. [UnusedImports]
[ERROR] /home/ubuntu/repos/spring-boot-admin/spring-boot-admin-server/src/test/java/de/codecentric/boot/admin/server/config/AdminServerInstanceWebClientConfigurationTest.java:22:1: Wrong order for 'org.springframework.boot.http.converter.autoconfigure.ClientHttpMessageConvertersCustomizer' import. [SpringImportOrder]
[ERROR] /home/ubuntu/repos/spring-boot-admin/spring-boot-admin-server/src/test/java/de/codecentric/boot/admin/server/config/AdminServerInstanceWebClientConfigurationTest.java:22:8: Unused import - org.springframework.boot.http.converter.autoconfigure.ClientHttpMessageConvertersCustomizer. [UnusedImports]
[ERROR] /home/ubuntu/repos/spring-boot-admin/spring-boot-admin-server/src/test/java/de/codecentric/boot/admin/server/config/AdminServerInstanceWebClientConfigurationTest.java:23:8: Unused import - org.springframework.boot.webflux.autoconfigure.WebFluxAutoConfiguration. [UnusedImports]
[ERROR] /home/ubuntu/repos/spring-boot-admin/spring-boot-admin-server/src/test/java/de/codecentric/boot/admin/server/config/AdminServerInstanceWebClientConfigurationTest.java:25:1: Wrong order for 'org.springframework.boot.test.context.runner.WebApplicationContextRunner' import. [SpringImportOrder]
[ERROR] /home/ubuntu/repos/spring-boot-admin/spring-boot-admin-server/src/test/java/de/codecentric/boot/admin/server/utils/jackson/InstanceEventMixinTest.java:22:1: import.groups.separated.internally [SpringImportOrder]
[ERROR] /home/ubuntu/repos/spring-boot-admin/spring-boot-admin-server/src/test/java/de/codecentric/boot/admin/server/utils/jackson/StatusInfoMixinTest.java:25:1: import.groups.separated.internally [SpringImportOrder]
[ERROR] /home/ubuntu/repos/spring-boot-admin/spring-boot-admin-server/src/test/java/de/codecentric/boot/admin/server/utils/jackson/InfoMixinTest.java:27:1: import.groups.separated.internally [SpringImportOrder]
[ERROR] /home/ubuntu/repos/spring-boot-admin/spring-boot-admin-server/src/test/java/de/codecentric/boot/admin/server/utils/jackson/InstanceIdMixinTest.java:24:1: import.groups.separated.internally [SpringImportOrder]
[ERROR] /home/ubuntu/repos/spring-boot-admin/spring-boot-admin-server/src/test/java/de/codecentric/boot/admin/server/utils/jackson/InstanceDeregisteredEventMixinTest.java:26:1: import.groups.separated.internally [SpringImportOrder]
[ERROR] /home/ubuntu/repos/spring-boot-admin/spring-boot-admin-server/src/test/java/de/codecentric/boot/admin/server/utils/jackson/BuildVersionMixinTest.java:22:1: import.groups.separated.internally [SpringImportOrder]
[ERROR] /home/ubuntu/repos/spring-boot-admin/spring-boot-admin-server/src/test/java/de/codecentric/boot/admin/server/utils/jackson/InstanceStatusChangedEventMixinTest.java:28:1: import.groups.separated.internally [SpringImportOrder]
[ERROR] /home/ubuntu/repos/spring-boot-admin/spring-boot-admin-server/src/test/java/de/codecentric/boot/admin/server/utils/jackson/InstanceRegistrationUpdatedEventMixinTest.java:27:1: import.groups.separated.internally [SpringImportOrder]
[ERROR] /home/ubuntu/repos/spring-boot-admin/spring-boot-admin-server/src/test/java/de/codecentric/boot/admin/server/utils/jackson/TagsMixinTest.java:26:1: import.groups.separated.internally [SpringImportOrder]
[ERROR] /home/ubuntu/repos/spring-boot-admin/spring-boot-admin-server/src/test/java/de/codecentric/boot/admin/server/utils/jackson/InstanceInfoChangedEventMixinTest.java:29:1: import.groups.separated.internally [SpringImportOrder]
[ERROR] /home/ubuntu/repos/spring-boot-admin/spring-boot-admin-server/src/test/java/de/codecentric/boot/admin/server/utils/jackson/InstanceEndpointsDetectedEventMixinTest.java:26:1: import.groups.separated.internally [SpringImportOrder]
[ERROR] /home/ubuntu/repos/spring-boot-admin/spring-boot-admin-server/src/test/java/de/codecentric/boot/admin/server/utils/jackson/EndpointsMixinTest.java:24:1: import.groups.separated.internally [SpringImportOrder]
[ERROR] /home/ubuntu/repos/spring-boot-admin/spring-boot-admin-server/src/test/java/de/codecentric/boot/admin/server/utils/jackson/EndpointMixinTest.java:24:1: import.groups.separated.internally [SpringImportOrder]
[ERROR] /home/ubuntu/repos/spring-boot-admin/spring-boot-admin-server/src/test/java/de/codecentric/boot/admin/server/utils/jackson/InstanceRegisteredEventMixinTest.java:27:1: import.groups.separated.internally [SpringImportOrder]
Audit done.
[INFO] There are 37 errors reported by Checkstyle 12.3.1 with src/checkstyle/checkstyle.xml ruleset.
[ERROR] src/test/java/de/codecentric/boot/admin/server/config/AdminServerCloudFoundryAutoConfigurationTest.java:[21,8] (imports) UnusedImports: Unused import - org.springframework.boot.cache.autoconfigure.CacheAutoConfiguration.
[ERROR] src/test/java/de/codecentric/boot/admin/server/config/AdminServerCloudFoundryAutoConfigurationTest.java:[22,8] (imports) UnusedImports: Unused import - org.springframework.boot.reactor.netty.autoconfigure.ReactorNettyConfigurations.
[ERROR] src/test/java/de/codecentric/boot/admin/server/config/AdminServerCloudFoundryAutoConfigurationTest.java:[23,1] (extension) SpringImportOrder: Wrong order for 'org.springframework.boot.http.converter.autoconfigure.ClientHttpMessageConvertersCustomizer' import.
[ERROR] src/test/java/de/codecentric/boot/admin/server/config/AdminServerCloudFoundryAutoConfigurationTest.java:[23,8] (imports) UnusedImports: Unused import - org.springframework.boot.http.converter.autoconfigure.ClientHttpMessageConvertersCustomizer.
[ERROR] src/test/java/de/codecentric/boot/admin/server/config/AdminServerCloudFoundryAutoConfigurationTest.java:[24,8] (imports) UnusedImports: Unused import - org.springframework.boot.webflux.autoconfigure.WebFluxAutoConfiguration.
[ERROR] src/test/java/de/codecentric/boot/admin/server/config/AdminServerCloudFoundryAutoConfigurationTest.java:[26,1] (extension) SpringImportOrder: Wrong order for 'org.springframework.boot.test.context.runner.WebApplicationContextRunner' import.
[ERROR] src/test/java/de/codecentric/boot/admin/server/config/AdminServerAutoConfigurationTest.java:[22,8] (imports) UnusedImports: Unused import - org.springframework.boot.cache.autoconfigure.CacheAutoConfiguration.
[ERROR] src/test/java/de/codecentric/boot/admin/server/config/AdminServerAutoConfigurationTest.java:[23,8] (imports) UnusedImports: Unused import - org.springframework.boot.reactor.netty.autoconfigure.ReactorNettyConfigurations.
[ERROR] src/test/java/de/codecentric/boot/admin/server/config/AdminServerAutoConfigurationTest.java:[24,1] (extension) SpringImportOrder: Wrong order for 'org.springframework.boot.http.converter.autoconfigure.ClientHttpMessageConvertersCustomizer' import.
[ERROR] src/test/java/de/codecentric/boot/admin/server/config/AdminServerAutoConfigurationTest.java:[24,8] (imports) UnusedImports: Unused import - org.springframework.boot.http.converter.autoconfigure.ClientHttpMessageConvertersCustomizer.
[ERROR] src/test/java/de/codecentric/boot/admin/server/config/AdminServerAutoConfigurationTest.java:[25,8] (imports) UnusedImports: Unused import - org.springframework.boot.webflux.autoconfigure.WebFluxAutoConfiguration.
[ERROR] src/test/java/de/codecentric/boot/admin/server/config/AdminServerAutoConfigurationTest.java:[27,1] (extension) SpringImportOrder: Wrong order for 'org.springframework.boot.test.context.runner.WebApplicationContextRunner' import.
[ERROR] src/test/java/de/codecentric/boot/admin/server/config/AdminServerNotifierAutoConfigurationTest.java:[22,8] (imports) UnusedImports: Unused import - org.springframework.boot.cache.autoconfigure.CacheAutoConfiguration.
[ERROR] src/test/java/de/codecentric/boot/admin/server/config/AdminServerNotifierAutoConfigurationTest.java:[23,8] (imports) UnusedImports: Unused import - org.springframework.boot.reactor.netty.autoconfigure.ReactorNettyConfigurations.
[ERROR] src/test/java/de/codecentric/boot/admin/server/config/AdminServerNotifierAutoConfigurationTest.java:[24,1] (extension) SpringImportOrder: Wrong order for 'org.springframework.boot.http.converter.autoconfigure.ClientHttpMessageConvertersCustomizer' import.
[ERROR] src/test/java/de/codecentric/boot/admin/server/config/AdminServerNotifierAutoConfigurationTest.java:[24,8] (imports) UnusedImports: Unused import - org.springframework.boot.http.converter.autoconfigure.ClientHttpMessageConvertersCustomizer.
[ERROR] src/test/java/de/codecentric/boot/admin/server/config/AdminServerNotifierAutoConfigurationTest.java:[25,8] (imports) UnusedImports: Unused import - org.springframework.boot.webflux.autoconfigure.WebFluxAutoConfiguration.
[ERROR] src/test/java/de/codecentric/boot/admin/server/config/AdminServerNotifierAutoConfigurationTest.java:[27,1] (extension) SpringImportOrder: Wrong order for 'org.springframework.boot.test.context.runner.WebApplicationContextRunner' import.
[ERROR] src/test/java/de/codecentric/boot/admin/server/config/AdminServerInstanceWebClientConfigurationTest.java:[21,8] (imports) UnusedImports: Unused import - org.springframework.boot.reactor.netty.autoconfigure.ReactorNettyConfigurations.
[ERROR] src/test/java/de/codecentric/boot/admin/server/config/AdminServerInstanceWebClientConfigurationTest.java:[22,1] (extension) SpringImportOrder: Wrong order for 'org.springframework.boot.http.converter.autoconfigure.ClientHttpMessageConvertersCustomizer' import.
[ERROR] src/test/java/de/codecentric/boot/admin/server/config/AdminServerInstanceWebClientConfigurationTest.java:[22,8] (imports) UnusedImports: Unused import - org.springframework.boot.http.converter.autoconfigure.ClientHttpMessageConvertersCustomizer.
[ERROR] src/test/java/de/codecentric/boot/admin/server/config/AdminServerInstanceWebClientConfigurationTest.java:[23,8] (imports) UnusedImports: Unused import - org.springframework.boot.webflux.autoconfigure.WebFluxAutoConfiguration.
[ERROR] src/test/java/de/codecentric/boot/admin/server/config/AdminServerInstanceWebClientConfigurationTest.java:[25,1] (extension) SpringImportOrder: Wrong order for 'org.springframework.boot.test.context.runner.WebApplicationContextRunner' import.
[ERROR] src/test/java/de/codecentric/boot/admin/server/utils/jackson/InstanceEventMixinTest.java:[22,1] (extension) SpringImportOrder: import.groups.separated.internally
[ERROR] src/test/java/de/codecentric/boot/admin/server/utils/jackson/StatusInfoMixinTest.java:[25,1] (extension) SpringImportOrder: import.groups.separated.internally
[ERROR] src/test/java/de/codecentric/boot/admin/server/utils/jackson/InfoMixinTest.java:[27,1] (extension) SpringImportOrder: import.groups.separated.internally
[ERROR] src/test/java/de/codecentric/boot/admin/server/utils/jackson/InstanceIdMixinTest.java:[24,1] (extension) SpringImportOrder: import.groups.separated.internally
[ERROR] src/test/java/de/codecentric/boot/admin/server/utils/jackson/InstanceDeregisteredEventMixinTest.java:[26,1] (extension) SpringImportOrder: import.groups.separated.internally
[ERROR] src/test/java/de/codecentric/boot/admin/server/utils/jackson/BuildVersionMixinTest.java:[22,1] (extension) SpringImportOrder: import.groups.separated.internally
[ERROR] src/test/java/de/codecentric/boot/admin/server/utils/jackson/InstanceStatusChangedEventMixinTest.java:[28,1] (extension) SpringImportOrder: import.groups.separated.internally
[ERROR] src/test/java/de/codecentric/boot/admin/server/utils/jackson/InstanceRegistrationUpdatedEventMixinTest.java:[27,1] (extension) SpringImportOrder: import.groups.separated.internally
[ERROR] src/test/java/de/codecentric/boot/admin/server/utils/jackson/TagsMixinTest.java:[26,1] (extension) SpringImportOrder: import.groups.separated.internally
[ERROR] src/test/java/de/codecentric/boot/admin/server/utils/jackson/InstanceInfoChangedEventMixinTest.java:[29,1] (extension) SpringImportOrder: import.groups.separated.internally
[ERROR] src/test/java/de/codecentric/boot/admin/server/utils/jackson/InstanceEndpointsDetectedEventMixinTest.java:[26,1] (extension) SpringImportOrder: import.groups.separated.internally
[ERROR] src/test/java/de/codecentric/boot/admin/server/utils/jackson/EndpointsMixinTest.java:[24,1] (extension) SpringImportOrder: import.groups.separated.internally
[ERROR] src/test/java/de/codecentric/boot/admin/server/utils/jackson/EndpointMixinTest.java:[24,1] (extension) SpringImportOrder: import.groups.separated.internally
[ERROR] src/test/java/de/codecentric/boot/admin/server/utils/jackson/InstanceRegisteredEventMixinTest.java:[27,1] (extension) SpringImportOrder: import.groups.separated.internally
[INFO] ------------------------------------------------------------------------
[INFO] Reactor Summary for Spring Boot Admin 4.0.0-SNAPSHOT:
[INFO] 
[INFO] Spring Boot Admin .................................. SUCCESS [  2.039 s]
[INFO] Spring Boot Admin Dependencies ..................... SUCCESS [  0.082 s]
[INFO] Spring Boot Admin Build ............................ SUCCESS [  0.152 s]
[INFO] Spring Boot Admin Server ........................... FAILURE [  3.789 s]
[INFO] Spring Boot Admin Server UI ........................ SKIPPED
[INFO] Spring Boot Admin Client ........................... SKIPPED
[INFO] Spring Boot Admin Docs ............................. SKIPPED
[INFO] Spring Boot Admin Server Cloud ..................... SKIPPED
[INFO] Spring Boot Admin Server Starter ................... SKIPPED
[INFO] Spring Boot Admin Client Starter ................... SKIPPED
[INFO] Spring Boot Admin Samples .......................... SKIPPED
[INFO] Spring Boot Admin Server custom UI ................. SKIPPED
[INFO] Spring Boot Admin Sample Servlet ................... SKIPPED
[INFO] Spring Boot Admin Sample Reactive .................. SKIPPED
[INFO] Spring Boot Admin Sample War ....................... SKIPPED
[INFO] Spring Boot Admin Sample Hazelcast ................. SKIPPED
[INFO] Spring Boot Admin Sample Eureka .................... SKIPPED
[INFO] Spring Boot Admin Sample Consul .................... SKIPPED
[INFO] Spring Boot Admin Sample Zookeeper ................. SKIPPED
[INFO] ------------------------------------------------------------------------
[INFO] BUILD FAILURE
[INFO] ------------------------------------------------------------------------
[INFO] Total time:  6.511 s
[INFO] Finished at: 2026-02-07T03:04:04Z
[INFO] ------------------------------------------------------------------------
[ERROR] Failed to execute goal org.apache.maven.plugins:maven-checkstyle-plugin:3.6.0:check (checkstyle-validation) on project spring-boot-admin-server: You have 37 Checkstyle violations. -> [Help 1]
[ERROR] 
[ERROR] To see the full stack trace of the errors, re-run Maven with the -e switch.
[ERROR] Re-run Maven using the -X switch to enable full debug logging.
[ERROR] 
[ERROR] For more information about the errors and possible solutions, please read the following articles:
[ERROR] [Help 1] http://cwiki.apache.org/confluence/display/MAVEN/MojoFailureException
[ERROR] 
[ERROR] After correcting the problems, you can resume the build with the command
[ERROR]   mvn <args> -rf :spring-boot-admin-server
