[INFO] Scanning for projects...
[INFO] ------------------------------------------------------------------------
[INFO] Reactor Build Order:
[INFO] 
[INFO] Spring Boot Admin                                                  [pom]
[INFO] Spring Boot Admin Dependencies                                     [pom]
[INFO] Spring Boot Admin Build                                            [pom]
[INFO] Spring Boot Admin Server                                           [jar]
[INFO] Spring Boot Admin Server UI                                        [jar]
[INFO] Spring Boot Admin Client                                           [jar]
[INFO] Spring Boot Admin Docs                                             [pom]
[INFO] Spring Boot Admin Server Cloud                                     [jar]
[INFO] Spring Boot Admin Server Starter                                   [jar]
[INFO] Spring Boot Admin Client Starter                                   [jar]
[INFO] Spring Boot Admin Samples                                          [pom]
[INFO] Spring Boot Admin Server custom UI                                 [jar]
[INFO] Spring Boot Admin Sample Servlet                                   [jar]
[INFO] Spring Boot Admin Sample Reactive                                  [jar]
[INFO] Spring Boot Admin Sample War                                       [war]
[INFO] Spring Boot Admin Sample Hazelcast                                 [jar]
[INFO] Spring Boot Admin Sample Eureka                                    [jar]
[INFO] Spring Boot Admin Sample Consul                                    [jar]
[INFO] Spring Boot Admin Sample Zookeeper                                 [jar]
[INFO] 
[INFO] ------------------< de.codecentric:spring-boot-admin >------------------
[INFO] Building Spring Boot Admin 3.5.8-SNAPSHOT                         [1/19]
[INFO]   from pom.xml
[INFO] --------------------------------[ pom ]---------------------------------
[INFO] 
[INFO] --- checkstyle:3.6.0:check (checkstyle-validation) @ spring-boot-admin ---
[INFO] Starting audit...
Audit done.
[INFO] You have 0 Checkstyle violations.
[INFO] 
[INFO] --- enforcer:3.6.2:enforce (enforce-maven) @ spring-boot-admin ---
[INFO] Rule 0: org.apache.maven.enforcer.rules.version.RequireMavenVersion passed
[INFO] 
[INFO] --- spring-javaformat:0.0.47:validate (default) @ spring-boot-admin ---
[INFO] 
[INFO] --- flatten:1.7.3:flatten (flatten) @ spring-boot-admin ---
[INFO] Generating flattened POM of project de.codecentric:spring-boot-admin:pom:3.5.8-SNAPSHOT...
[INFO] 
[INFO] --- source:3.4.0:jar-no-fork (attach-sources) @ spring-boot-admin ---
[INFO] 
[INFO] --- javadoc:3.12.0:jar (attach-javadocs) @ spring-boot-admin ---
[INFO] Skipping javadoc generation
[INFO] 
[INFO] --- install:3.1.4:install (default-install) @ spring-boot-admin ---
[INFO] Installing /home/ubuntu/repos/spring-boot-admin/.flattened-pom.xml to /home/ubuntu/.m2/repository/de/codecentric/spring-boot-admin/3.5.8-SNAPSHOT/spring-boot-admin-3.5.8-SNAPSHOT.pom
[INFO] 
[INFO] -----------< de.codecentric:spring-boot-admin-dependencies >------------
[INFO] Building Spring Boot Admin Dependencies 3.5.8-SNAPSHOT            [2/19]
[INFO]   from spring-boot-admin-dependencies/pom.xml
[INFO] --------------------------------[ pom ]---------------------------------
[INFO] 
[INFO] --- checkstyle:3.6.0:check (checkstyle-validation) @ spring-boot-admin-dependencies ---
[INFO] Starting audit...
Audit done.
[INFO] You have 0 Checkstyle violations.
[INFO] 
[INFO] --- enforcer:3.6.2:enforce (enforce-maven) @ spring-boot-admin-dependencies ---
[INFO] 
[INFO] --- spring-javaformat:0.0.47:validate (default) @ spring-boot-admin-dependencies ---
[INFO] 
[INFO] --- flatten:1.7.3:flatten (flatten) @ spring-boot-admin-dependencies ---
[INFO] Generating flattened POM of project de.codecentric:spring-boot-admin-dependencies:pom:3.5.8-SNAPSHOT...
[INFO] 
[INFO] --- source:3.4.0:jar-no-fork (attach-sources) @ spring-boot-admin-dependencies ---
[INFO] 
[INFO] --- javadoc:3.12.0:jar (attach-javadocs) @ spring-boot-admin-dependencies ---
[INFO] Skipping javadoc generation
[INFO] 
[INFO] --- install:3.1.4:install (default-install) @ spring-boot-admin-dependencies ---
[INFO] Installing /home/ubuntu/repos/spring-boot-admin/spring-boot-admin-dependencies/.flattened-pom.xml to /home/ubuntu/.m2/repository/de/codecentric/spring-boot-admin-dependencies/3.5.8-SNAPSHOT/spring-boot-admin-dependencies-3.5.8-SNAPSHOT.pom
[INFO] 
[INFO] ---------------< de.codecentric:spring-boot-admin-build >---------------
[INFO] Building Spring Boot Admin Build 3.5.8-SNAPSHOT                   [3/19]
[INFO]   from spring-boot-admin-build/pom.xml
[INFO] --------------------------------[ pom ]---------------------------------
[INFO] 
[INFO] --- checkstyle:3.6.0:check (checkstyle-validation) @ spring-boot-admin-build ---
[INFO] Starting audit...
Audit done.
[INFO] You have 0 Checkstyle violations.
[INFO] 
[INFO] --- enforcer:3.6.2:enforce (enforce-maven) @ spring-boot-admin-build ---
[INFO] 
[INFO] --- spring-javaformat:0.0.47:validate (default) @ spring-boot-admin-build ---
[INFO] 
[INFO] --- build-helper:3.6.1:regex-property (generate-automatic-module-name) @ spring-boot-admin-build ---
[INFO] 
[INFO] --- flatten:1.7.3:flatten (flatten) @ spring-boot-admin-build ---
[INFO] Generating flattened POM of project de.codecentric:spring-boot-admin-build:pom:3.5.8-SNAPSHOT...
[INFO] 
[INFO] --- source:3.4.0:jar-no-fork (attach-sources) @ spring-boot-admin-build ---
[INFO] 
[INFO] --- javadoc:3.12.0:jar (attach-javadocs) @ spring-boot-admin-build ---
[INFO] Skipping javadoc generation
[INFO] 
[INFO] --- install:3.1.4:install (default-install) @ spring-boot-admin-build ---
[INFO] Installing /home/ubuntu/repos/spring-boot-admin/spring-boot-admin-build/.flattened-pom.xml to /home/ubuntu/.m2/repository/de/codecentric/spring-boot-admin-build/3.5.8-SNAPSHOT/spring-boot-admin-build-3.5.8-SNAPSHOT.pom
[INFO] 
[INFO] --------------< de.codecentric:spring-boot-admin-server >---------------
[INFO] Building Spring Boot Admin Server 3.5.8-SNAPSHOT                  [4/19]
[INFO]   from spring-boot-admin-server/pom.xml
[INFO] --------------------------------[ jar ]---------------------------------
[INFO] 
[INFO] --- checkstyle:3.6.0:check (checkstyle-validation) @ spring-boot-admin-server ---
[INFO] Starting audit...
Audit done.
[INFO] You have 0 Checkstyle violations.
[INFO] 
[INFO] --- enforcer:3.6.2:enforce (enforce-maven) @ spring-boot-admin-server ---
[INFO] 
[INFO] --- spring-javaformat:0.0.47:validate (default) @ spring-boot-admin-server ---
[INFO] 
[INFO] --- build-helper:3.6.1:regex-property (generate-automatic-module-name) @ spring-boot-admin-server ---
[INFO] 
[INFO] --- resources:3.4.0:resources (default-resources) @ spring-boot-admin-server ---
[INFO] Copying 3 resources from src/main/resources to target/classes
[INFO] 
[INFO] --- flatten:1.7.3:flatten (flatten) @ spring-boot-admin-server ---
[INFO] Generating flattened POM of project de.codecentric:spring-boot-admin-server:jar:3.5.8-SNAPSHOT...
[INFO] 
[INFO] --- compiler:3.15.0:compile (default-compile) @ spring-boot-admin-server ---
[INFO] Nothing to compile - all classes are up to date.
[INFO] 
[INFO] --- resources:3.4.0:testResources (default-testResources) @ spring-boot-admin-server ---
[INFO] Copying 27 resources from src/test/resources to target/test-classes
[INFO] 
[INFO] --- compiler:3.15.0:testCompile (default-testCompile) @ spring-boot-admin-server ---
[INFO] Recompiling the module because of changed source code.
[INFO] Compiling 95 source files with javac [debug parameters target 17] to target/test-classes
[INFO] /home/ubuntu/repos/spring-boot-admin/spring-boot-admin-server/src/test/java/de/codecentric/boot/admin/server/web/reactive/InstancesProxyControllerIntegrationTest.java: Some input files use or override a deprecated API.
[INFO] /home/ubuntu/repos/spring-boot-admin/spring-boot-admin-server/src/test/java/de/codecentric/boot/admin/server/web/reactive/InstancesProxyControllerIntegrationTest.java: Recompile with -Xlint:deprecation for details.
[INFO] -------------------------------------------------------------
[WARNING] COMPILATION WARNING : 
[INFO] -------------------------------------------------------------
[WARNING] /home/ubuntu/repos/spring-boot-admin/spring-boot-admin-server/src/test/java/de/codecentric/boot/admin/server/AbstractAdminApplicationTest.java:[152,84] org.springframework.http.codec.json.Jackson2JsonDecoder in org.springframework.http.codec.json has been deprecated and marked for removal
[WARNING] /home/ubuntu/repos/spring-boot-admin/spring-boot-admin-server/src/test/java/de/codecentric/boot/admin/server/AbstractAdminApplicationTest.java:[152,59] jackson2JsonDecoder(org.springframework.core.codec.Decoder<?>) in org.springframework.http.codec.CodecConfigurer.DefaultCodecs has been deprecated and marked for removal
[WARNING] /home/ubuntu/repos/spring-boot-admin/spring-boot-admin-server/src/test/java/de/codecentric/boot/admin/server/AbstractAdminApplicationTest.java:[153,84] org.springframework.http.codec.json.Jackson2JsonEncoder in org.springframework.http.codec.json has been deprecated and marked for removal
[WARNING] /home/ubuntu/repos/spring-boot-admin/spring-boot-admin-server/src/test/java/de/codecentric/boot/admin/server/AbstractAdminApplicationTest.java:[153,59] jackson2JsonEncoder(org.springframework.core.codec.Encoder<?>) in org.springframework.http.codec.CodecConfigurer.DefaultCodecs has been deprecated and marked for removal
[WARNING] /home/ubuntu/repos/spring-boot-admin/spring-boot-admin-server/src/test/java/de/codecentric/boot/admin/server/utils/jackson/BuildVersionMixinTest.java:[37,32] org.springframework.http.converter.json.Jackson2ObjectMapperBuilder in org.springframework.http.converter.json has been deprecated and marked for removal
[WARNING] /home/ubuntu/repos/spring-boot-admin/spring-boot-admin-server/src/test/java/de/codecentric/boot/admin/server/utils/jackson/EndpointMixinTest.java:[45,32] org.springframework.http.converter.json.Jackson2ObjectMapperBuilder in org.springframework.http.converter.json has been deprecated and marked for removal
[WARNING] /home/ubuntu/repos/spring-boot-admin/spring-boot-admin-server/src/test/java/de/codecentric/boot/admin/server/utils/jackson/EndpointsMixinTest.java:[47,32] org.springframework.http.converter.json.Jackson2ObjectMapperBuilder in org.springframework.http.converter.json has been deprecated and marked for removal
[WARNING] /home/ubuntu/repos/spring-boot-admin/spring-boot-admin-server/src/test/java/de/codecentric/boot/admin/server/utils/jackson/InfoMixinTest.java:[49,32] org.springframework.http.converter.json.Jackson2ObjectMapperBuilder in org.springframework.http.converter.json has been deprecated and marked for removal
[WARNING] /home/ubuntu/repos/spring-boot-admin/spring-boot-admin-server/src/test/java/de/codecentric/boot/admin/server/utils/jackson/InstanceDeregisteredEventMixinTest.java:[48,32] org.springframework.http.converter.json.Jackson2ObjectMapperBuilder in org.springframework.http.converter.json has been deprecated and marked for removal
[WARNING] /home/ubuntu/repos/spring-boot-admin/spring-boot-admin-server/src/test/java/de/codecentric/boot/admin/server/utils/jackson/InstanceEndpointsDetectedEventMixinTest.java:[51,32] org.springframework.http.converter.json.Jackson2ObjectMapperBuilder in org.springframework.http.converter.json has been deprecated and marked for removal
[WARNING] /home/ubuntu/repos/spring-boot-admin/spring-boot-admin-server/src/test/java/de/codecentric/boot/admin/server/utils/jackson/InstanceEventMixinTest.java:[47,32] org.springframework.http.converter.json.Jackson2ObjectMapperBuilder in org.springframework.http.converter.json has been deprecated and marked for removal
[WARNING] /home/ubuntu/repos/spring-boot-admin/spring-boot-admin-server/src/test/java/de/codecentric/boot/admin/server/utils/jackson/InstanceIdMixinTest.java:[38,32] org.springframework.http.converter.json.Jackson2ObjectMapperBuilder in org.springframework.http.converter.json has been deprecated and marked for removal
[WARNING] /home/ubuntu/repos/spring-boot-admin/spring-boot-admin-server/src/test/java/de/codecentric/boot/admin/server/utils/jackson/InstanceInfoChangedEventMixinTest.java:[53,32] org.springframework.http.converter.json.Jackson2ObjectMapperBuilder in org.springframework.http.converter.json has been deprecated and marked for removal
[WARNING] /home/ubuntu/repos/spring-boot-admin/spring-boot-admin-server/src/test/java/de/codecentric/boot/admin/server/utils/jackson/InstanceRegisteredEventMixinTest.java:[52,32] org.springframework.http.converter.json.Jackson2ObjectMapperBuilder in org.springframework.http.converter.json has been deprecated and marked for removal
[WARNING] /home/ubuntu/repos/spring-boot-admin/spring-boot-admin-server/src/test/java/de/codecentric/boot/admin/server/utils/jackson/InstanceRegistrationUpdatedEventMixinTest.java:[52,32] org.springframework.http.converter.json.Jackson2ObjectMapperBuilder in org.springframework.http.converter.json has been deprecated and marked for removal
[WARNING] /home/ubuntu/repos/spring-boot-admin/spring-boot-admin-server/src/test/java/de/codecentric/boot/admin/server/utils/jackson/InstanceStatusChangedEventMixinTest.java:[53,32] org.springframework.http.converter.json.Jackson2ObjectMapperBuilder in org.springframework.http.converter.json has been deprecated and marked for removal
[WARNING] /home/ubuntu/repos/spring-boot-admin/spring-boot-admin-server/src/test/java/de/codecentric/boot/admin/server/utils/jackson/RegistrationDeserializerTest.java:[37,32] org.springframework.http.converter.json.Jackson2ObjectMapperBuilder in org.springframework.http.converter.json has been deprecated and marked for removal
[WARNING] /home/ubuntu/repos/spring-boot-admin/spring-boot-admin-server/src/test/java/de/codecentric/boot/admin/server/utils/jackson/StatusInfoMixinTest.java:[47,32] org.springframework.http.converter.json.Jackson2ObjectMapperBuilder in org.springframework.http.converter.json has been deprecated and marked for removal
[WARNING] /home/ubuntu/repos/spring-boot-admin/spring-boot-admin-server/src/test/java/de/codecentric/boot/admin/server/utils/jackson/TagsMixinTest.java:[48,32] org.springframework.http.converter.json.Jackson2ObjectMapperBuilder in org.springframework.http.converter.json has been deprecated and marked for removal
[WARNING] /home/ubuntu/repos/spring-boot-admin/spring-boot-admin-server/src/test/java/de/codecentric/boot/admin/server/web/client/LegacyEndpointConvertersTest.java:[41,23] org.springframework.http.codec.json.Jackson2JsonDecoder in org.springframework.http.codec.json has been deprecated and marked for removal
[WARNING] /home/ubuntu/repos/spring-boot-admin/spring-boot-admin-server/src/test/java/de/codecentric/boot/admin/server/web/client/LegacyEndpointConvertersTest.java:[41,23] org.springframework.http.codec.json.Jackson2JsonDecoder in org.springframework.http.codec.json has been deprecated and marked for removal
[WARNING] /home/ubuntu/repos/spring-boot-admin/spring-boot-admin-server/src/test/java/de/codecentric/boot/admin/server/web/client/LegacyEndpointConvertersTest.java:[41,23] org.springframework.http.codec.json.Jackson2JsonDecoder in org.springframework.http.codec.json has been deprecated and marked for removal
[WARNING] /home/ubuntu/repos/spring-boot-admin/spring-boot-admin-server/src/test/java/de/codecentric/boot/admin/server/web/client/LegacyEndpointConvertersTest.java:[41,23] org.springframework.http.codec.json.Jackson2JsonDecoder in org.springframework.http.codec.json has been deprecated and marked for removal
[WARNING] /home/ubuntu/repos/spring-boot-admin/spring-boot-admin-server/src/test/java/de/codecentric/boot/admin/server/web/client/LegacyEndpointConvertersTest.java:[41,23] org.springframework.http.codec.json.Jackson2JsonDecoder in org.springframework.http.codec.json has been deprecated and marked for removal
[WARNING] /home/ubuntu/repos/spring-boot-admin/spring-boot-admin-server/src/test/java/de/codecentric/boot/admin/server/web/client/LegacyEndpointConvertersTest.java:[41,57] org.springframework.http.codec.json.Jackson2JsonDecoder in org.springframework.http.codec.json has been deprecated and marked for removal
[INFO] 25 warnings 
[INFO] -------------------------------------------------------------
[INFO] -------------------------------------------------------------
[ERROR] COMPILATION ERROR : 
[INFO] -------------------------------------------------------------
[ERROR] /home/ubuntu/repos/spring-boot-admin/spring-boot-admin-server/src/test/java/de/codecentric/boot/admin/server/notify/FeiShuNotifierTest.java:[84,64] cannot find symbol
  symbol:   method containsEntry(java.lang.String,java.util.List<java.lang.String>)
  location: class org.assertj.core.api.ObjectAssert<org.springframework.http.HttpHeaders>
[ERROR] /home/ubuntu/repos/spring-boot-admin/spring-boot-admin-server/src/test/java/de/codecentric/boot/admin/server/notify/FeiShuNotifierTest.java:[112,64] cannot find symbol
  symbol:   method containsEntry(java.lang.String,java.util.List<java.lang.String>)
  location: class org.assertj.core.api.ObjectAssert<org.springframework.http.HttpHeaders>
[ERROR] /home/ubuntu/repos/spring-boot-admin/spring-boot-admin-server/src/test/java/de/codecentric/boot/admin/server/notify/HipchatNotifierTest.java:[88,64] cannot find symbol
  symbol:   method containsEntry(java.lang.String,java.util.List<java.lang.String>)
  location: class org.assertj.core.api.ObjectAssert<org.springframework.http.HttpHeaders>
[ERROR] /home/ubuntu/repos/spring-boot-admin/spring-boot-admin-server/src/test/java/de/codecentric/boot/admin/server/notify/HipchatNotifierTest.java:[118,64] cannot find symbol
  symbol:   method containsEntry(java.lang.String,java.util.List<java.lang.String>)
  location: class org.assertj.core.api.ObjectAssert<org.springframework.http.HttpHeaders>
[ERROR] /home/ubuntu/repos/spring-boot-admin/spring-boot-admin-server/src/test/java/de/codecentric/boot/admin/server/utils/jackson/EndpointMixinTest.java:[50,30] no suitable method found for initFields(de.codecentric.boot.admin.server.utils.jackson.EndpointMixinTest,com.fasterxml.jackson.databind.ObjectMapper)
    method org.springframework.boot.test.json.JacksonTester.initFields(java.lang.Object,tools.jackson.databind.json.JsonMapper) is not applicable
      (argument mismatch; com.fasterxml.jackson.databind.ObjectMapper cannot be converted to tools.jackson.databind.json.JsonMapper)
    method org.springframework.boot.test.json.JacksonTester.initFields(java.lang.Object,org.springframework.beans.factory.ObjectFactory<tools.jackson.databind.json.JsonMapper>) is not applicable
      (argument mismatch; com.fasterxml.jackson.databind.ObjectMapper cannot be converted to org.springframework.beans.factory.ObjectFactory<tools.jackson.databind.json.JsonMapper>)
[ERROR] /home/ubuntu/repos/spring-boot-admin/spring-boot-admin-server/src/test/java/de/codecentric/boot/admin/server/utils/jackson/EndpointsMixinTest.java:[52,30] no suitable method found for initFields(de.codecentric.boot.admin.server.utils.jackson.EndpointsMixinTest,com.fasterxml.jackson.databind.ObjectMapper)
    method org.springframework.boot.test.json.JacksonTester.initFields(java.lang.Object,tools.jackson.databind.json.JsonMapper) is not applicable
      (argument mismatch; com.fasterxml.jackson.databind.ObjectMapper cannot be converted to tools.jackson.databind.json.JsonMapper)
    method org.springframework.boot.test.json.JacksonTester.initFields(java.lang.Object,org.springframework.beans.factory.ObjectFactory<tools.jackson.databind.json.JsonMapper>) is not applicable
      (argument mismatch; com.fasterxml.jackson.databind.ObjectMapper cannot be converted to org.springframework.beans.factory.ObjectFactory<tools.jackson.databind.json.JsonMapper>)
[ERROR] /home/ubuntu/repos/spring-boot-admin/spring-boot-admin-server/src/test/java/de/codecentric/boot/admin/server/utils/jackson/InfoMixinTest.java:[54,30] no suitable method found for initFields(de.codecentric.boot.admin.server.utils.jackson.InfoMixinTest,com.fasterxml.jackson.databind.ObjectMapper)
    method org.springframework.boot.test.json.JacksonTester.initFields(java.lang.Object,tools.jackson.databind.json.JsonMapper) is not applicable
      (argument mismatch; com.fasterxml.jackson.databind.ObjectMapper cannot be converted to tools.jackson.databind.json.JsonMapper)
    method org.springframework.boot.test.json.JacksonTester.initFields(java.lang.Object,org.springframework.beans.factory.ObjectFactory<tools.jackson.databind.json.JsonMapper>) is not applicable
      (argument mismatch; com.fasterxml.jackson.databind.ObjectMapper cannot be converted to org.springframework.beans.factory.ObjectFactory<tools.jackson.databind.json.JsonMapper>)
[ERROR] /home/ubuntu/repos/spring-boot-admin/spring-boot-admin-server/src/test/java/de/codecentric/boot/admin/server/utils/jackson/InstanceDeregisteredEventMixinTest.java:[53,30] no suitable method found for initFields(de.codecentric.boot.admin.server.utils.jackson.InstanceDeregisteredEventMixinTest,com.fasterxml.jackson.databind.ObjectMapper)
    method org.springframework.boot.test.json.JacksonTester.initFields(java.lang.Object,tools.jackson.databind.json.JsonMapper) is not applicable
      (argument mismatch; com.fasterxml.jackson.databind.ObjectMapper cannot be converted to tools.jackson.databind.json.JsonMapper)
    method org.springframework.boot.test.json.JacksonTester.initFields(java.lang.Object,org.springframework.beans.factory.ObjectFactory<tools.jackson.databind.json.JsonMapper>) is not applicable
      (argument mismatch; com.fasterxml.jackson.databind.ObjectMapper cannot be converted to org.springframework.beans.factory.ObjectFactory<tools.jackson.databind.json.JsonMapper>)
[ERROR] /home/ubuntu/repos/spring-boot-admin/spring-boot-admin-server/src/test/java/de/codecentric/boot/admin/server/utils/jackson/InstanceEndpointsDetectedEventMixinTest.java:[56,30] no suitable method found for initFields(de.codecentric.boot.admin.server.utils.jackson.InstanceEndpointsDetectedEventMixinTest,com.fasterxml.jackson.databind.ObjectMapper)
    method org.springframework.boot.test.json.JacksonTester.initFields(java.lang.Object,tools.jackson.databind.json.JsonMapper) is not applicable
      (argument mismatch; com.fasterxml.jackson.databind.ObjectMapper cannot be converted to tools.jackson.databind.json.JsonMapper)
    method org.springframework.boot.test.json.JacksonTester.initFields(java.lang.Object,org.springframework.beans.factory.ObjectFactory<tools.jackson.databind.json.JsonMapper>) is not applicable
      (argument mismatch; com.fasterxml.jackson.databind.ObjectMapper cannot be converted to org.springframework.beans.factory.ObjectFactory<tools.jackson.databind.json.JsonMapper>)
[ERROR] /home/ubuntu/repos/spring-boot-admin/spring-boot-admin-server/src/test/java/de/codecentric/boot/admin/server/utils/jackson/InstanceEventMixinTest.java:[57,38] no suitable method found for initFields(de.codecentric.boot.admin.server.utils.jackson.InstanceEventMixinTest.InstanceEventTests,com.fasterxml.jackson.databind.ObjectMapper)
    method org.springframework.boot.test.json.JacksonTester.initFields(java.lang.Object,tools.jackson.databind.json.JsonMapper) is not applicable
      (argument mismatch; com.fasterxml.jackson.databind.ObjectMapper cannot be converted to tools.jackson.databind.json.JsonMapper)
    method org.springframework.boot.test.json.JacksonTester.initFields(java.lang.Object,org.springframework.beans.factory.ObjectFactory<tools.jackson.databind.json.JsonMapper>) is not applicable
      (argument mismatch; com.fasterxml.jackson.databind.ObjectMapper cannot be converted to org.springframework.beans.factory.ObjectFactory<tools.jackson.databind.json.JsonMapper>)
[ERROR] /home/ubuntu/repos/spring-boot-admin/spring-boot-admin-server/src/test/java/de/codecentric/boot/admin/server/utils/jackson/InstanceInfoChangedEventMixinTest.java:[58,30] no suitable method found for initFields(de.codecentric.boot.admin.server.utils.jackson.InstanceInfoChangedEventMixinTest,com.fasterxml.jackson.databind.ObjectMapper)
    method org.springframework.boot.test.json.JacksonTester.initFields(java.lang.Object,tools.jackson.databind.json.JsonMapper) is not applicable
      (argument mismatch; com.fasterxml.jackson.databind.ObjectMapper cannot be converted to tools.jackson.databind.json.JsonMapper)
    method org.springframework.boot.test.json.JacksonTester.initFields(java.lang.Object,org.springframework.beans.factory.ObjectFactory<tools.jackson.databind.json.JsonMapper>) is not applicable
      (argument mismatch; com.fasterxml.jackson.databind.ObjectMapper cannot be converted to org.springframework.beans.factory.ObjectFactory<tools.jackson.databind.json.JsonMapper>)
[ERROR] /home/ubuntu/repos/spring-boot-admin/spring-boot-admin-server/src/test/java/de/codecentric/boot/admin/server/utils/jackson/InstanceRegisteredEventMixinTest.java:[57,30] no suitable method found for initFields(de.codecentric.boot.admin.server.utils.jackson.InstanceRegisteredEventMixinTest,com.fasterxml.jackson.databind.ObjectMapper)
    method org.springframework.boot.test.json.JacksonTester.initFields(java.lang.Object,tools.jackson.databind.json.JsonMapper) is not applicable
      (argument mismatch; com.fasterxml.jackson.databind.ObjectMapper cannot be converted to tools.jackson.databind.json.JsonMapper)
    method org.springframework.boot.test.json.JacksonTester.initFields(java.lang.Object,org.springframework.beans.factory.ObjectFactory<tools.jackson.databind.json.JsonMapper>) is not applicable
      (argument mismatch; com.fasterxml.jackson.databind.ObjectMapper cannot be converted to org.springframework.beans.factory.ObjectFactory<tools.jackson.databind.json.JsonMapper>)
[ERROR] /home/ubuntu/repos/spring-boot-admin/spring-boot-admin-server/src/test/java/de/codecentric/boot/admin/server/utils/jackson/InstanceRegistrationUpdatedEventMixinTest.java:[57,30] no suitable method found for initFields(de.codecentric.boot.admin.server.utils.jackson.InstanceRegistrationUpdatedEventMixinTest,com.fasterxml.jackson.databind.ObjectMapper)
    method org.springframework.boot.test.json.JacksonTester.initFields(java.lang.Object,tools.jackson.databind.json.JsonMapper) is not applicable
      (argument mismatch; com.fasterxml.jackson.databind.ObjectMapper cannot be converted to tools.jackson.databind.json.JsonMapper)
    method org.springframework.boot.test.json.JacksonTester.initFields(java.lang.Object,org.springframework.beans.factory.ObjectFactory<tools.jackson.databind.json.JsonMapper>) is not applicable
      (argument mismatch; com.fasterxml.jackson.databind.ObjectMapper cannot be converted to org.springframework.beans.factory.ObjectFactory<tools.jackson.databind.json.JsonMapper>)
[ERROR] /home/ubuntu/repos/spring-boot-admin/spring-boot-admin-server/src/test/java/de/codecentric/boot/admin/server/utils/jackson/InstanceStatusChangedEventMixinTest.java:[58,30] no suitable method found for initFields(de.codecentric.boot.admin.server.utils.jackson.InstanceStatusChangedEventMixinTest,com.fasterxml.jackson.databind.ObjectMapper)
    method org.springframework.boot.test.json.JacksonTester.initFields(java.lang.Object,tools.jackson.databind.json.JsonMapper) is not applicable
      (argument mismatch; com.fasterxml.jackson.databind.ObjectMapper cannot be converted to tools.jackson.databind.json.JsonMapper)
    method org.springframework.boot.test.json.JacksonTester.initFields(java.lang.Object,org.springframework.beans.factory.ObjectFactory<tools.jackson.databind.json.JsonMapper>) is not applicable
      (argument mismatch; com.fasterxml.jackson.databind.ObjectMapper cannot be converted to org.springframework.beans.factory.ObjectFactory<tools.jackson.databind.json.JsonMapper>)
[ERROR] /home/ubuntu/repos/spring-boot-admin/spring-boot-admin-server/src/test/java/de/codecentric/boot/admin/server/utils/jackson/StatusInfoMixinTest.java:[52,30] no suitable method found for initFields(de.codecentric.boot.admin.server.utils.jackson.StatusInfoMixinTest,com.fasterxml.jackson.databind.ObjectMapper)
    method org.springframework.boot.test.json.JacksonTester.initFields(java.lang.Object,tools.jackson.databind.json.JsonMapper) is not applicable
      (argument mismatch; com.fasterxml.jackson.databind.ObjectMapper cannot be converted to tools.jackson.databind.json.JsonMapper)
    method org.springframework.boot.test.json.JacksonTester.initFields(java.lang.Object,org.springframework.beans.factory.ObjectFactory<tools.jackson.databind.json.JsonMapper>) is not applicable
      (argument mismatch; com.fasterxml.jackson.databind.ObjectMapper cannot be converted to org.springframework.beans.factory.ObjectFactory<tools.jackson.databind.json.JsonMapper>)
[ERROR] /home/ubuntu/repos/spring-boot-admin/spring-boot-admin-server/src/test/java/de/codecentric/boot/admin/server/utils/jackson/TagsMixinTest.java:[53,30] no suitable method found for initFields(de.codecentric.boot.admin.server.utils.jackson.TagsMixinTest,com.fasterxml.jackson.databind.ObjectMapper)
    method org.springframework.boot.test.json.JacksonTester.initFields(java.lang.Object,tools.jackson.databind.json.JsonMapper) is not applicable
      (argument mismatch; com.fasterxml.jackson.databind.ObjectMapper cannot be converted to tools.jackson.databind.json.JsonMapper)
    method org.springframework.boot.test.json.JacksonTester.initFields(java.lang.Object,org.springframework.beans.factory.ObjectFactory<tools.jackson.databind.json.JsonMapper>) is not applicable
      (argument mismatch; com.fasterxml.jackson.databind.ObjectMapper cannot be converted to org.springframework.beans.factory.ObjectFactory<tools.jackson.databind.json.JsonMapper>)
[ERROR] /home/ubuntu/repos/spring-boot-admin/spring-boot-admin-server/src/test/java/de/codecentric/boot/admin/server/web/client/BasicAuthHttpHeaderProviderTest.java:[75,70] cannot find symbol
  symbol:   method isEmpty()
  location: class org.assertj.core.api.ObjectAssert<org.springframework.http.HttpHeaders>
[ERROR] /home/ubuntu/repos/spring-boot-admin/spring-boot-admin-server/src/test/java/de/codecentric/boot/admin/server/web/client/CloudFoundryHttpHeaderProviderTest.java:[46,65] cannot find symbol
  symbol:   method isEmpty()
  location: class org.assertj.core.api.ObjectAssert<org.springframework.http.HttpHeaders>
[ERROR] /home/ubuntu/repos/spring-boot-admin/spring-boot-admin-server/src/test/java/de/codecentric/boot/admin/server/web/client/CompositeHttpHeadersProviderTest.java:[44,36] cannot find symbol
  symbol:   method containsEntry(java.lang.String,java.util.List<java.lang.String>)
  location: class org.assertj.core.api.ObjectAssert<org.springframework.http.HttpHeaders>
[ERROR] /home/ubuntu/repos/spring-boot-admin/spring-boot-admin-server/src/test/java/de/codecentric/boot/admin/server/web/client/CompositeHttpHeadersProviderTest.java:[53,36] cannot find symbol
  symbol:   method isEmpty()
  location: class org.assertj.core.api.ObjectAssert<org.springframework.http.HttpHeaders>
[ERROR] /home/ubuntu/repos/spring-boot-admin/spring-boot-admin-server/src/test/java/de/codecentric/boot/admin/server/web/client/reactive/CompositeReactiveHttpHeadersProviderTest.java:[46,44] cannot find symbol
  symbol:   method containsEntry(java.lang.String,java.util.List<java.lang.String>)
  location: class org.assertj.core.api.ObjectAssert<org.springframework.http.HttpHeaders>
[ERROR] /home/ubuntu/repos/spring-boot-admin/spring-boot-admin-server/src/test/java/de/codecentric/boot/admin/server/web/client/reactive/CompositeReactiveHttpHeadersProviderTest.java:[58,44] cannot find symbol
  symbol:   method isEmpty()
  location: class org.assertj.core.api.ObjectAssert<org.springframework.http.HttpHeaders>
[INFO] 22 errors 
[INFO] -------------------------------------------------------------
[INFO] ------------------------------------------------------------------------
[INFO] Reactor Summary for Spring Boot Admin 3.5.8-SNAPSHOT:
[INFO] 
[INFO] Spring Boot Admin .................................. SUCCESS [  1.649 s]
[INFO] Spring Boot Admin Dependencies ..................... SUCCESS [  0.072 s]
[INFO] Spring Boot Admin Build ............................ SUCCESS [  0.165 s]
[INFO] Spring Boot Admin Server ........................... FAILURE [ 11.276 s]
[INFO] Spring Boot Admin Server UI ........................ SKIPPED
[INFO] Spring Boot Admin Client ........................... SKIPPED
[INFO] Spring Boot Admin Docs ............................. SKIPPED
[INFO] Spring Boot Admin Server Cloud ..................... SKIPPED
[INFO] Spring Boot Admin Server Starter ................... SKIPPED
[INFO] Spring Boot Admin Client Starter ................... SKIPPED
[INFO] Spring Boot Admin Samples .......................... SKIPPED
[INFO] Spring Boot Admin Server custom UI ................. SKIPPED
[INFO] Spring Boot Admin Sample Servlet ................... SKIPPED
[INFO] Spring Boot Admin Sample Reactive .................. SKIPPED
[INFO] Spring Boot Admin Sample War ....................... SKIPPED
[INFO] Spring Boot Admin Sample Hazelcast ................. SKIPPED
[INFO] Spring Boot Admin Sample Eureka .................... SKIPPED
[INFO] Spring Boot Admin Sample Consul .................... SKIPPED
[INFO] Spring Boot Admin Sample Zookeeper ................. SKIPPED
[INFO] ------------------------------------------------------------------------
[INFO] BUILD FAILURE
[INFO] ------------------------------------------------------------------------
[INFO] Total time:  13.518 s
[INFO] Finished at: 2026-02-06T07:29:25Z
[INFO] ------------------------------------------------------------------------
[ERROR] Failed to execute goal org.apache.maven.plugins:maven-compiler-plugin:3.15.0:testCompile (default-testCompile) on project spring-boot-admin-server: Compilation failure: Compilation failure: 
[ERROR] /home/ubuntu/repos/spring-boot-admin/spring-boot-admin-server/src/test/java/de/codecentric/boot/admin/server/notify/FeiShuNotifierTest.java:[84,64] cannot find symbol
[ERROR]   symbol:   method containsEntry(java.lang.String,java.util.List<java.lang.String>)
[ERROR]   location: class org.assertj.core.api.ObjectAssert<org.springframework.http.HttpHeaders>
[ERROR] /home/ubuntu/repos/spring-boot-admin/spring-boot-admin-server/src/test/java/de/codecentric/boot/admin/server/notify/FeiShuNotifierTest.java:[112,64] cannot find symbol
[ERROR]   symbol:   method containsEntry(java.lang.String,java.util.List<java.lang.String>)
[ERROR]   location: class org.assertj.core.api.ObjectAssert<org.springframework.http.HttpHeaders>
[ERROR] /home/ubuntu/repos/spring-boot-admin/spring-boot-admin-server/src/test/java/de/codecentric/boot/admin/server/notify/HipchatNotifierTest.java:[88,64] cannot find symbol
[ERROR]   symbol:   method containsEntry(java.lang.String,java.util.List<java.lang.String>)
[ERROR]   location: class org.assertj.core.api.ObjectAssert<org.springframework.http.HttpHeaders>
[ERROR] /home/ubuntu/repos/spring-boot-admin/spring-boot-admin-server/src/test/java/de/codecentric/boot/admin/server/notify/HipchatNotifierTest.java:[118,64] cannot find symbol
[ERROR]   symbol:   method containsEntry(java.lang.String,java.util.List<java.lang.String>)
[ERROR]   location: class org.assertj.core.api.ObjectAssert<org.springframework.http.HttpHeaders>
[ERROR] /home/ubuntu/repos/spring-boot-admin/spring-boot-admin-server/src/test/java/de/codecentric/boot/admin/server/utils/jackson/EndpointMixinTest.java:[50,30] no suitable method found for initFields(de.codecentric.boot.admin.server.utils.jackson.EndpointMixinTest,com.fasterxml.jackson.databind.ObjectMapper)
[ERROR]     method org.springframework.boot.test.json.JacksonTester.initFields(java.lang.Object,tools.jackson.databind.json.JsonMapper) is not applicable
[ERROR]       (argument mismatch; com.fasterxml.jackson.databind.ObjectMapper cannot be converted to tools.jackson.databind.json.JsonMapper)
[ERROR]     method org.springframework.boot.test.json.JacksonTester.initFields(java.lang.Object,org.springframework.beans.factory.ObjectFactory<tools.jackson.databind.json.JsonMapper>) is not applicable
[ERROR]       (argument mismatch; com.fasterxml.jackson.databind.ObjectMapper cannot be converted to org.springframework.beans.factory.ObjectFactory<tools.jackson.databind.json.JsonMapper>)
[ERROR] /home/ubuntu/repos/spring-boot-admin/spring-boot-admin-server/src/test/java/de/codecentric/boot/admin/server/utils/jackson/EndpointsMixinTest.java:[52,30] no suitable method found for initFields(de.codecentric.boot.admin.server.utils.jackson.EndpointsMixinTest,com.fasterxml.jackson.databind.ObjectMapper)
[ERROR]     method org.springframework.boot.test.json.JacksonTester.initFields(java.lang.Object,tools.jackson.databind.json.JsonMapper) is not applicable
[ERROR]       (argument mismatch; com.fasterxml.jackson.databind.ObjectMapper cannot be converted to tools.jackson.databind.json.JsonMapper)
[ERROR]     method org.springframework.boot.test.json.JacksonTester.initFields(java.lang.Object,org.springframework.beans.factory.ObjectFactory<tools.jackson.databind.json.JsonMapper>) is not applicable
[ERROR]       (argument mismatch; com.fasterxml.jackson.databind.ObjectMapper cannot be converted to org.springframework.beans.factory.ObjectFactory<tools.jackson.databind.json.JsonMapper>)
[ERROR] /home/ubuntu/repos/spring-boot-admin/spring-boot-admin-server/src/test/java/de/codecentric/boot/admin/server/utils/jackson/InfoMixinTest.java:[54,30] no suitable method found for initFields(de.codecentric.boot.admin.server.utils.jackson.InfoMixinTest,com.fasterxml.jackson.databind.ObjectMapper)
[ERROR]     method org.springframework.boot.test.json.JacksonTester.initFields(java.lang.Object,tools.jackson.databind.json.JsonMapper) is not applicable
[ERROR]       (argument mismatch; com.fasterxml.jackson.databind.ObjectMapper cannot be converted to tools.jackson.databind.json.JsonMapper)
[ERROR]     method org.springframework.boot.test.json.JacksonTester.initFields(java.lang.Object,org.springframework.beans.factory.ObjectFactory<tools.jackson.databind.json.JsonMapper>) is not applicable
[ERROR]       (argument mismatch; com.fasterxml.jackson.databind.ObjectMapper cannot be converted to org.springframework.beans.factory.ObjectFactory<tools.jackson.databind.json.JsonMapper>)
[ERROR] /home/ubuntu/repos/spring-boot-admin/spring-boot-admin-server/src/test/java/de/codecentric/boot/admin/server/utils/jackson/InstanceDeregisteredEventMixinTest.java:[53,30] no suitable method found for initFields(de.codecentric.boot.admin.server.utils.jackson.InstanceDeregisteredEventMixinTest,com.fasterxml.jackson.databind.ObjectMapper)
[ERROR]     method org.springframework.boot.test.json.JacksonTester.initFields(java.lang.Object,tools.jackson.databind.json.JsonMapper) is not applicable
[ERROR]       (argument mismatch; com.fasterxml.jackson.databind.ObjectMapper cannot be converted to tools.jackson.databind.json.JsonMapper)
[ERROR]     method org.springframework.boot.test.json.JacksonTester.initFields(java.lang.Object,org.springframework.beans.factory.ObjectFactory<tools.jackson.databind.json.JsonMapper>) is not applicable
[ERROR]       (argument mismatch; com.fasterxml.jackson.databind.ObjectMapper cannot be converted to org.springframework.beans.factory.ObjectFactory<tools.jackson.databind.json.JsonMapper>)
[ERROR] /home/ubuntu/repos/spring-boot-admin/spring-boot-admin-server/src/test/java/de/codecentric/boot/admin/server/utils/jackson/InstanceEndpointsDetectedEventMixinTest.java:[56,30] no suitable method found for initFields(de.codecentric.boot.admin.server.utils.jackson.InstanceEndpointsDetectedEventMixinTest,com.fasterxml.jackson.databind.ObjectMapper)
[ERROR]     method org.springframework.boot.test.json.JacksonTester.initFields(java.lang.Object,tools.jackson.databind.json.JsonMapper) is not applicable
[ERROR]       (argument mismatch; com.fasterxml.jackson.databind.ObjectMapper cannot be converted to tools.jackson.databind.json.JsonMapper)
[ERROR]     method org.springframework.boot.test.json.JacksonTester.initFields(java.lang.Object,org.springframework.beans.factory.ObjectFactory<tools.jackson.databind.json.JsonMapper>) is not applicable
[ERROR]       (argument mismatch; com.fasterxml.jackson.databind.ObjectMapper cannot be converted to org.springframework.beans.factory.ObjectFactory<tools.jackson.databind.json.JsonMapper>)
[ERROR] /home/ubuntu/repos/spring-boot-admin/spring-boot-admin-server/src/test/java/de/codecentric/boot/admin/server/utils/jackson/InstanceEventMixinTest.java:[57,38] no suitable method found for initFields(de.codecentric.boot.admin.server.utils.jackson.InstanceEventMixinTest.InstanceEventTests,com.fasterxml.jackson.databind.ObjectMapper)
[ERROR]     method org.springframework.boot.test.json.JacksonTester.initFields(java.lang.Object,tools.jackson.databind.json.JsonMapper) is not applicable
[ERROR]       (argument mismatch; com.fasterxml.jackson.databind.ObjectMapper cannot be converted to tools.jackson.databind.json.JsonMapper)
[ERROR]     method org.springframework.boot.test.json.JacksonTester.initFields(java.lang.Object,org.springframework.beans.factory.ObjectFactory<tools.jackson.databind.json.JsonMapper>) is not applicable
[ERROR]       (argument mismatch; com.fasterxml.jackson.databind.ObjectMapper cannot be converted to org.springframework.beans.factory.ObjectFactory<tools.jackson.databind.json.JsonMapper>)
[ERROR] /home/ubuntu/repos/spring-boot-admin/spring-boot-admin-server/src/test/java/de/codecentric/boot/admin/server/utils/jackson/InstanceInfoChangedEventMixinTest.java:[58,30] no suitable method found for initFields(de.codecentric.boot.admin.server.utils.jackson.InstanceInfoChangedEventMixinTest,com.fasterxml.jackson.databind.ObjectMapper)
[ERROR]     method org.springframework.boot.test.json.JacksonTester.initFields(java.lang.Object,tools.jackson.databind.json.JsonMapper) is not applicable
[ERROR]       (argument mismatch; com.fasterxml.jackson.databind.ObjectMapper cannot be converted to tools.jackson.databind.json.JsonMapper)
[ERROR]     method org.springframework.boot.test.json.JacksonTester.initFields(java.lang.Object,org.springframework.beans.factory.ObjectFactory<tools.jackson.databind.json.JsonMapper>) is not applicable
[ERROR]       (argument mismatch; com.fasterxml.jackson.databind.ObjectMapper cannot be converted to org.springframework.beans.factory.ObjectFactory<tools.jackson.databind.json.JsonMapper>)
[ERROR] /home/ubuntu/repos/spring-boot-admin/spring-boot-admin-server/src/test/java/de/codecentric/boot/admin/server/utils/jackson/InstanceRegisteredEventMixinTest.java:[57,30] no suitable method found for initFields(de.codecentric.boot.admin.server.utils.jackson.InstanceRegisteredEventMixinTest,com.fasterxml.jackson.databind.ObjectMapper)
[ERROR]     method org.springframework.boot.test.json.JacksonTester.initFields(java.lang.Object,tools.jackson.databind.json.JsonMapper) is not applicable
[ERROR]       (argument mismatch; com.fasterxml.jackson.databind.ObjectMapper cannot be converted to tools.jackson.databind.json.JsonMapper)
[ERROR]     method org.springframework.boot.test.json.JacksonTester.initFields(java.lang.Object,org.springframework.beans.factory.ObjectFactory<tools.jackson.databind.json.JsonMapper>) is not applicable
[ERROR]       (argument mismatch; com.fasterxml.jackson.databind.ObjectMapper cannot be converted to org.springframework.beans.factory.ObjectFactory<tools.jackson.databind.json.JsonMapper>)
[ERROR] /home/ubuntu/repos/spring-boot-admin/spring-boot-admin-server/src/test/java/de/codecentric/boot/admin/server/utils/jackson/InstanceRegistrationUpdatedEventMixinTest.java:[57,30] no suitable method found for initFields(de.codecentric.boot.admin.server.utils.jackson.InstanceRegistrationUpdatedEventMixinTest,com.fasterxml.jackson.databind.ObjectMapper)
[ERROR]     method org.springframework.boot.test.json.JacksonTester.initFields(java.lang.Object,tools.jackson.databind.json.JsonMapper) is not applicable
[ERROR]       (argument mismatch; com.fasterxml.jackson.databind.ObjectMapper cannot be converted to tools.jackson.databind.json.JsonMapper)
[ERROR]     method org.springframework.boot.test.json.JacksonTester.initFields(java.lang.Object,org.springframework.beans.factory.ObjectFactory<tools.jackson.databind.json.JsonMapper>) is not applicable
[ERROR]       (argument mismatch; com.fasterxml.jackson.databind.ObjectMapper cannot be converted to org.springframework.beans.factory.ObjectFactory<tools.jackson.databind.json.JsonMapper>)
[ERROR] /home/ubuntu/repos/spring-boot-admin/spring-boot-admin-server/src/test/java/de/codecentric/boot/admin/server/utils/jackson/InstanceStatusChangedEventMixinTest.java:[58,30] no suitable method found for initFields(de.codecentric.boot.admin.server.utils.jackson.InstanceStatusChangedEventMixinTest,com.fasterxml.jackson.databind.ObjectMapper)
[ERROR]     method org.springframework.boot.test.json.JacksonTester.initFields(java.lang.Object,tools.jackson.databind.json.JsonMapper) is not applicable
[ERROR]       (argument mismatch; com.fasterxml.jackson.databind.ObjectMapper cannot be converted to tools.jackson.databind.json.JsonMapper)
[ERROR]     method org.springframework.boot.test.json.JacksonTester.initFields(java.lang.Object,org.springframework.beans.factory.ObjectFactory<tools.jackson.databind.json.JsonMapper>) is not applicable
[ERROR]       (argument mismatch; com.fasterxml.jackson.databind.ObjectMapper cannot be converted to org.springframework.beans.factory.ObjectFactory<tools.jackson.databind.json.JsonMapper>)
[ERROR] /home/ubuntu/repos/spring-boot-admin/spring-boot-admin-server/src/test/java/de/codecentric/boot/admin/server/utils/jackson/StatusInfoMixinTest.java:[52,30] no suitable method found for initFields(de.codecentric.boot.admin.server.utils.jackson.StatusInfoMixinTest,com.fasterxml.jackson.databind.ObjectMapper)
[ERROR]     method org.springframework.boot.test.json.JacksonTester.initFields(java.lang.Object,tools.jackson.databind.json.JsonMapper) is not applicable
[ERROR]       (argument mismatch; com.fasterxml.jackson.databind.ObjectMapper cannot be converted to tools.jackson.databind.json.JsonMapper)
[ERROR]     method org.springframework.boot.test.json.JacksonTester.initFields(java.lang.Object,org.springframework.beans.factory.ObjectFactory<tools.jackson.databind.json.JsonMapper>) is not applicable
[ERROR]       (argument mismatch; com.fasterxml.jackson.databind.ObjectMapper cannot be converted to org.springframework.beans.factory.ObjectFactory<tools.jackson.databind.json.JsonMapper>)
[ERROR] /home/ubuntu/repos/spring-boot-admin/spring-boot-admin-server/src/test/java/de/codecentric/boot/admin/server/utils/jackson/TagsMixinTest.java:[53,30] no suitable method found for initFields(de.codecentric.boot.admin.server.utils.jackson.TagsMixinTest,com.fasterxml.jackson.databind.ObjectMapper)
[ERROR]     method org.springframework.boot.test.json.JacksonTester.initFields(java.lang.Object,tools.jackson.databind.json.JsonMapper) is not applicable
[ERROR]       (argument mismatch; com.fasterxml.jackson.databind.ObjectMapper cannot be converted to tools.jackson.databind.json.JsonMapper)
[ERROR]     method org.springframework.boot.test.json.JacksonTester.initFields(java.lang.Object,org.springframework.beans.factory.ObjectFactory<tools.jackson.databind.json.JsonMapper>) is not applicable
[ERROR]       (argument mismatch; com.fasterxml.jackson.databind.ObjectMapper cannot be converted to org.springframework.beans.factory.ObjectFactory<tools.jackson.databind.json.JsonMapper>)
[ERROR] /home/ubuntu/repos/spring-boot-admin/spring-boot-admin-server/src/test/java/de/codecentric/boot/admin/server/web/client/BasicAuthHttpHeaderProviderTest.java:[75,70] cannot find symbol
[ERROR]   symbol:   method isEmpty()
[ERROR]   location: class org.assertj.core.api.ObjectAssert<org.springframework.http.HttpHeaders>
[ERROR] /home/ubuntu/repos/spring-boot-admin/spring-boot-admin-server/src/test/java/de/codecentric/boot/admin/server/web/client/CloudFoundryHttpHeaderProviderTest.java:[46,65] cannot find symbol
[ERROR]   symbol:   method isEmpty()
[ERROR]   location: class org.assertj.core.api.ObjectAssert<org.springframework.http.HttpHeaders>
[ERROR] /home/ubuntu/repos/spring-boot-admin/spring-boot-admin-server/src/test/java/de/codecentric/boot/admin/server/web/client/CompositeHttpHeadersProviderTest.java:[44,36] cannot find symbol
[ERROR]   symbol:   method containsEntry(java.lang.String,java.util.List<java.lang.String>)
[ERROR]   location: class org.assertj.core.api.ObjectAssert<org.springframework.http.HttpHeaders>
[ERROR] /home/ubuntu/repos/spring-boot-admin/spring-boot-admin-server/src/test/java/de/codecentric/boot/admin/server/web/client/CompositeHttpHeadersProviderTest.java:[53,36] cannot find symbol
[ERROR]   symbol:   method isEmpty()
[ERROR]   location: class org.assertj.core.api.ObjectAssert<org.springframework.http.HttpHeaders>
[ERROR] /home/ubuntu/repos/spring-boot-admin/spring-boot-admin-server/src/test/java/de/codecentric/boot/admin/server/web/client/reactive/CompositeReactiveHttpHeadersProviderTest.java:[46,44] cannot find symbol
[ERROR]   symbol:   method containsEntry(java.lang.String,java.util.List<java.lang.String>)
[ERROR]   location: class org.assertj.core.api.ObjectAssert<org.springframework.http.HttpHeaders>
[ERROR] /home/ubuntu/repos/spring-boot-admin/spring-boot-admin-server/src/test/java/de/codecentric/boot/admin/server/web/client/reactive/CompositeReactiveHttpHeadersProviderTest.java:[58,44] cannot find symbol
[ERROR]   symbol:   method isEmpty()
[ERROR]   location: class org.assertj.core.api.ObjectAssert<org.springframework.http.HttpHeaders>
[ERROR] -> [Help 1]
[ERROR] 
[ERROR] To see the full stack trace of the errors, re-run Maven with the -e switch.
[ERROR] Re-run Maven using the -X switch to enable full debug logging.
[ERROR] 
[ERROR] For more information about the errors and possible solutions, please read the following articles:
[ERROR] [Help 1] http://cwiki.apache.org/confluence/display/MAVEN/MojoFailureException
[ERROR] 
[ERROR] After correcting the problems, you can resume the build with the command
[ERROR]   mvn <args> -rf :spring-boot-admin-server
