[INFO] Scanning for projects...
[INFO] ------------------------------------------------------------------------
[INFO] Reactor Build Order:
[INFO] 
[INFO] Spring Boot Admin                                                  [pom]
[INFO] Spring Boot Admin Dependencies                                     [pom]
[INFO] Spring Boot Admin Build                                            [pom]
[INFO] Spring Boot Admin Server                                           [jar]
[INFO] Spring Boot Admin Server UI                                        [jar]
[INFO] Spring Boot Admin Client                                           [jar]
[INFO] Spring Boot Admin Docs                                             [pom]
[INFO] Spring Boot Admin Server Cloud                                     [jar]
[INFO] Spring Boot Admin Server Starter                                   [jar]
[INFO] Spring Boot Admin Client Starter                                   [jar]
[INFO] Spring Boot Admin Samples                                          [pom]
[INFO] Spring Boot Admin Server custom UI                                 [jar]
[INFO] Spring Boot Admin Sample Servlet                                   [jar]
[INFO] Spring Boot Admin Sample Reactive                                  [jar]
[INFO] Spring Boot Admin Sample War                                       [war]
[INFO] Spring Boot Admin Sample Hazelcast                                 [jar]
[INFO] Spring Boot Admin Sample Eureka                                    [jar]
[INFO] Spring Boot Admin Sample Consul                                    [jar]
[INFO] Spring Boot Admin Sample Zookeeper                                 [jar]
[INFO] 
[INFO] ------------------< de.codecentric:spring-boot-admin >------------------
[INFO] Building Spring Boot Admin 3.5.8-SNAPSHOT                         [1/19]
[INFO]   from pom.xml
[INFO] --------------------------------[ pom ]---------------------------------
[INFO] 
[INFO] --- checkstyle:3.6.0:check (default-cli) @ spring-boot-admin ---
[INFO] Starting audit...
Audit done.
[INFO] You have 0 Checkstyle violations.
[INFO] 
[INFO] --- spring-javaformat:0.0.47:validate (default-cli) @ spring-boot-admin ---
[INFO] 
[INFO] -----------< de.codecentric:spring-boot-admin-dependencies >------------
[INFO] Building Spring Boot Admin Dependencies 3.5.8-SNAPSHOT            [2/19]
[INFO]   from spring-boot-admin-dependencies/pom.xml
[INFO] --------------------------------[ pom ]---------------------------------
[INFO] 
[INFO] --- checkstyle:3.6.0:check (default-cli) @ spring-boot-admin-dependencies ---
[INFO] Starting audit...
Audit done.
[INFO] You have 0 Checkstyle violations.
[INFO] 
[INFO] --- spring-javaformat:0.0.47:validate (default-cli) @ spring-boot-admin-dependencies ---
[INFO] 
[INFO] ---------------< de.codecentric:spring-boot-admin-build >---------------
[INFO] Building Spring Boot Admin Build 3.5.8-SNAPSHOT                   [3/19]
[INFO]   from spring-boot-admin-build/pom.xml
[INFO] --------------------------------[ pom ]---------------------------------
[INFO] 
[INFO] --- checkstyle:3.6.0:check (default-cli) @ spring-boot-admin-build ---
[INFO] Starting audit...
Audit done.
[INFO] You have 0 Checkstyle violations.
[INFO] 
[INFO] --- spring-javaformat:0.0.47:validate (default-cli) @ spring-boot-admin-build ---
[INFO] 
[INFO] --------------< de.codecentric:spring-boot-admin-server >---------------
[INFO] Building Spring Boot Admin Server 3.5.8-SNAPSHOT                  [4/19]
[INFO]   from spring-boot-admin-server/pom.xml
[INFO] --------------------------------[ jar ]---------------------------------
[INFO] 
[INFO] --- checkstyle:3.6.0:check (default-cli) @ spring-boot-admin-server ---
[INFO] Starting audit...
Audit done.
[INFO] You have 0 Checkstyle violations.
[INFO] 
[INFO] --- spring-javaformat:0.0.47:validate (default-cli) @ spring-boot-admin-server ---
[INFO] 
[INFO] -------------< de.codecentric:spring-boot-admin-server-ui >-------------
[INFO] Building Spring Boot Admin Server UI 3.5.8-SNAPSHOT               [5/19]
[INFO]   from spring-boot-admin-server-ui/pom.xml
[INFO] --------------------------------[ jar ]---------------------------------
[INFO] 
[INFO] --- checkstyle:3.6.0:check (default-cli) @ spring-boot-admin-server-ui ---
[INFO] Starting audit...
Audit done.
[INFO] You have 0 Checkstyle violations.
[INFO] 
[INFO] --- spring-javaformat:0.0.47:validate (default-cli) @ spring-boot-admin-server-ui ---
[INFO] 
[INFO] --------------< de.codecentric:spring-boot-admin-client >---------------
[INFO] Building Spring Boot Admin Client 3.5.8-SNAPSHOT                  [6/19]
[INFO]   from spring-boot-admin-client/pom.xml
[INFO] --------------------------------[ jar ]---------------------------------
[INFO] 
[INFO] --- checkstyle:3.6.0:check (default-cli) @ spring-boot-admin-client ---
[INFO] Starting audit...
Audit done.
[INFO] You have 0 Checkstyle violations.
[INFO] 
[INFO] --- spring-javaformat:0.0.47:validate (default-cli) @ spring-boot-admin-client ---
[INFO] 
[INFO] ---------------< de.codecentric:spring-boot-admin-docs >----------------
[INFO] Building Spring Boot Admin Docs 3.5.8-SNAPSHOT                    [7/19]
[INFO]   from spring-boot-admin-docs/pom.xml
[INFO] --------------------------------[ pom ]---------------------------------
[INFO] 
[INFO] --- checkstyle:3.6.0:check (default-cli) @ spring-boot-admin-docs ---
[INFO] Starting audit...
Audit done.
[INFO] You have 0 Checkstyle violations.
[INFO] 
[INFO] --- spring-javaformat:0.0.47:validate (default-cli) @ spring-boot-admin-docs ---
[INFO] 
[INFO] -----------< de.codecentric:spring-boot-admin-server-cloud >------------
[INFO] Building Spring Boot Admin Server Cloud 3.5.8-SNAPSHOT            [8/19]
[INFO]   from spring-boot-admin-server-cloud/pom.xml
[INFO] --------------------------------[ jar ]---------------------------------
[INFO] 
[INFO] --- checkstyle:3.6.0:check (default-cli) @ spring-boot-admin-server-cloud ---
[INFO] Starting audit...
Audit done.
[INFO] You have 0 Checkstyle violations.
[INFO] 
[INFO] --- spring-javaformat:0.0.47:validate (default-cli) @ spring-boot-admin-server-cloud ---
[INFO] 
[INFO] ----------< de.codecentric:spring-boot-admin-starter-server >-----------
[INFO] Building Spring Boot Admin Server Starter 3.5.8-SNAPSHOT          [9/19]
[INFO]   from spring-boot-admin-starter-server/pom.xml
[INFO] --------------------------------[ jar ]---------------------------------
[INFO] 
[INFO] --- checkstyle:3.6.0:check (default-cli) @ spring-boot-admin-starter-server ---
[INFO] Starting audit...
Audit done.
[INFO] You have 0 Checkstyle violations.
[INFO] 
[INFO] --- spring-javaformat:0.0.47:validate (default-cli) @ spring-boot-admin-starter-server ---
[INFO] 
[INFO] ----------< de.codecentric:spring-boot-admin-starter-client >-----------
[INFO] Building Spring Boot Admin Client Starter 3.5.8-SNAPSHOT         [10/19]
[INFO]   from spring-boot-admin-starter-client/pom.xml
[INFO] --------------------------------[ jar ]---------------------------------
[INFO] 
[INFO] --- checkstyle:3.6.0:check (default-cli) @ spring-boot-admin-starter-client ---
[INFO] Starting audit...
Audit done.
[INFO] You have 0 Checkstyle violations.
[INFO] 
[INFO] --- spring-javaformat:0.0.47:validate (default-cli) @ spring-boot-admin-starter-client ---
[INFO] 
[INFO] --------------< de.codecentric:spring-boot-admin-samples >--------------
[INFO] Building Spring Boot Admin Samples 3.5.8-SNAPSHOT                [11/19]
[INFO]   from spring-boot-admin-samples/pom.xml
[INFO] --------------------------------[ pom ]---------------------------------
[INFO] 
[INFO] --- checkstyle:3.6.0:check (default-cli) @ spring-boot-admin-samples ---
[INFO] Starting audit...
Audit done.
[INFO] You have 0 Checkstyle violations.
[INFO] 
[INFO] --- spring-javaformat:0.0.47:validate (default-cli) @ spring-boot-admin-samples ---
[INFO] 
[INFO] ---------< de.codecentric:spring-boot-admin-sample-custom-ui >----------
[INFO] Building Spring Boot Admin Server custom UI 3.5.8-SNAPSHOT       [12/19]
[INFO]   from spring-boot-admin-samples/spring-boot-admin-sample-custom-ui/pom.xml
[INFO] --------------------------------[ jar ]---------------------------------
[INFO] 
[INFO] --- checkstyle:3.6.0:check (default-cli) @ spring-boot-admin-sample-custom-ui ---
[INFO] Starting audit...
Audit done.
[INFO] You have 0 Checkstyle violations.
[INFO] 
[INFO] --- spring-javaformat:0.0.47:validate (default-cli) @ spring-boot-admin-sample-custom-ui ---
[INFO] 
[INFO] ----------< de.codecentric:spring-boot-admin-sample-servlet >-----------
[INFO] Building Spring Boot Admin Sample Servlet 3.5.8-SNAPSHOT         [13/19]
[INFO]   from spring-boot-admin-samples/spring-boot-admin-sample-servlet/pom.xml
[INFO] --------------------------------[ jar ]---------------------------------
[INFO] 
[INFO] --- checkstyle:3.6.0:check (default-cli) @ spring-boot-admin-sample-servlet ---
[INFO] Starting audit...
Audit done.
[INFO] You have 0 Checkstyle violations.
[INFO] 
[INFO] --- spring-javaformat:0.0.47:validate (default-cli) @ spring-boot-admin-sample-servlet ---
[INFO] 
[INFO] ----------< de.codecentric:spring-boot-admin-sample-reactive >----------
[INFO] Building Spring Boot Admin Sample Reactive 3.5.8-SNAPSHOT        [14/19]
[INFO]   from spring-boot-admin-samples/spring-boot-admin-sample-reactive/pom.xml
[INFO] --------------------------------[ jar ]---------------------------------
[INFO] 
[INFO] --- checkstyle:3.6.0:check (default-cli) @ spring-boot-admin-sample-reactive ---
[INFO] Starting audit...
Audit done.
[INFO] You have 0 Checkstyle violations.
[INFO] 
[INFO] --- spring-javaformat:0.0.47:validate (default-cli) @ spring-boot-admin-sample-reactive ---
[INFO] 
[INFO] ------------< de.codecentric:spring-boot-admin-sample-war >-------------
[INFO] Building Spring Boot Admin Sample War 3.5.8-SNAPSHOT             [15/19]
[INFO]   from spring-boot-admin-samples/spring-boot-admin-sample-war/pom.xml
[INFO] --------------------------------[ war ]---------------------------------
[INFO] 
[INFO] --- checkstyle:3.6.0:check (default-cli) @ spring-boot-admin-sample-war ---
[INFO] Starting audit...
Audit done.
[INFO] You have 0 Checkstyle violations.
[INFO] 
[INFO] --- spring-javaformat:0.0.47:validate (default-cli) @ spring-boot-admin-sample-war ---
[INFO] 
[INFO] ---------< de.codecentric:spring-boot-admin-sample-hazelcast >----------
[INFO] Building Spring Boot Admin Sample Hazelcast 3.5.8-SNAPSHOT       [16/19]
[INFO]   from spring-boot-admin-samples/spring-boot-admin-sample-hazelcast/pom.xml
[INFO] --------------------------------[ jar ]---------------------------------
[INFO] 
[INFO] --- checkstyle:3.6.0:check (default-cli) @ spring-boot-admin-sample-hazelcast ---
[INFO] Starting audit...
Audit done.
[INFO] You have 0 Checkstyle violations.
[INFO] 
[INFO] --- spring-javaformat:0.0.47:validate (default-cli) @ spring-boot-admin-sample-hazelcast ---
[INFO] 
[INFO] -----------< de.codecentric:spring-boot-admin-sample-eureka >-----------
[INFO] Building Spring Boot Admin Sample Eureka 3.5.8-SNAPSHOT          [17/19]
[INFO]   from spring-boot-admin-samples/spring-boot-admin-sample-eureka/pom.xml
[INFO] --------------------------------[ jar ]---------------------------------
[INFO] 
[INFO] --- checkstyle:3.6.0:check (default-cli) @ spring-boot-admin-sample-eureka ---
[INFO] Starting audit...
Audit done.
[INFO] You have 0 Checkstyle violations.
[INFO] 
[INFO] --- spring-javaformat:0.0.47:validate (default-cli) @ spring-boot-admin-sample-eureka ---
[INFO] 
[INFO] -----------< de.codecentric:spring-boot-admin-sample-consul >-----------
[INFO] Building Spring Boot Admin Sample Consul 3.5.8-SNAPSHOT          [18/19]
[INFO]   from spring-boot-admin-samples/spring-boot-admin-sample-consul/pom.xml
[INFO] --------------------------------[ jar ]---------------------------------
[INFO] 
[INFO] --- checkstyle:3.6.0:check (default-cli) @ spring-boot-admin-sample-consul ---
[INFO] Starting audit...
Audit done.
[INFO] You have 0 Checkstyle violations.
[INFO] 
[INFO] --- spring-javaformat:0.0.47:validate (default-cli) @ spring-boot-admin-sample-consul ---
[INFO] 
[INFO] ---------< de.codecentric:spring-boot-admin-sample-zookeeper >----------
[INFO] Building Spring Boot Admin Sample Zookeeper 3.5.8-SNAPSHOT       [19/19]
[INFO]   from spring-boot-admin-samples/spring-boot-admin-sample-zookeeper/pom.xml
[INFO] --------------------------------[ jar ]---------------------------------
[INFO] 
[INFO] --- checkstyle:3.6.0:check (default-cli) @ spring-boot-admin-sample-zookeeper ---
[INFO] Starting audit...
Audit done.
[INFO] You have 0 Checkstyle violations.
[INFO] 
[INFO] --- spring-javaformat:0.0.47:validate (default-cli) @ spring-boot-admin-sample-zookeeper ---
[INFO] ------------------------------------------------------------------------
[INFO] Reactor Summary for Spring Boot Admin 3.5.8-SNAPSHOT:
[INFO] 
[INFO] Spring Boot Admin .................................. SUCCESS [  1.275 s]
[INFO] Spring Boot Admin Dependencies ..................... SUCCESS [  0.098 s]
[INFO] Spring Boot Admin Build ............................ SUCCESS [  0.063 s]
[INFO] Spring Boot Admin Server ........................... SUCCESS [  2.643 s]
[INFO] Spring Boot Admin Server UI ........................ SUCCESS [  0.110 s]
[INFO] Spring Boot Admin Client ........................... SUCCESS [  0.132 s]
[INFO] Spring Boot Admin Docs ............................. SUCCESS [  0.038 s]
[INFO] Spring Boot Admin Server Cloud ..................... SUCCESS [  0.076 s]
[INFO] Spring Boot Admin Server Starter ................... SUCCESS [  0.041 s]
[INFO] Spring Boot Admin Client Starter ................... SUCCESS [  0.043 s]
[INFO] Spring Boot Admin Samples .......................... SUCCESS [  0.034 s]
[INFO] Spring Boot Admin Server custom UI ................. SUCCESS [  0.032 s]
[INFO] Spring Boot Admin Sample Servlet ................... SUCCESS [  0.044 s]
[INFO] Spring Boot Admin Sample Reactive .................. SUCCESS [  0.036 s]
[INFO] Spring Boot Admin Sample War ....................... SUCCESS [  0.037 s]
[INFO] Spring Boot Admin Sample Hazelcast ................. SUCCESS [  0.050 s]
[INFO] Spring Boot Admin Sample Eureka .................... SUCCESS [  0.036 s]
[INFO] Spring Boot Admin Sample Consul .................... SUCCESS [  0.035 s]
[INFO] Spring Boot Admin Sample Zookeeper ................. SUCCESS [  0.035 s]
[INFO] ------------------------------------------------------------------------
[INFO] BUILD SUCCESS
[INFO] ------------------------------------------------------------------------
[INFO] Total time:  5.365 s
[INFO] Finished at: 2026-02-06T08:03:22Z
[INFO] ------------------------------------------------------------------------
