[INFO] Scanning for projects...
[INFO] ------------------------------------------------------------------------
[INFO] Reactor Build Order:
[INFO] 
[INFO] Spring Boot Admin                                                  [pom]
[INFO] Spring Boot Admin Dependencies                                     [pom]
[INFO] Spring Boot Admin Build                                            [pom]
[INFO] Spring Boot Admin Server                                           [jar]
[INFO] Spring Boot Admin Server UI                                        [jar]
[INFO] Spring Boot Admin Client                                           [jar]
[INFO] Spring Boot Admin Docs                                             [pom]
[INFO] Spring Boot Admin Server Cloud                                     [jar]
[INFO] Spring Boot Admin Server Starter                                   [jar]
[INFO] Spring Boot Admin Client Starter                                   [jar]
[INFO] Spring Boot Admin Samples                                          [pom]
[INFO] Spring Boot Admin Server custom UI                                 [jar]
[INFO] Spring Boot Admin Sample Servlet                                   [jar]
[INFO] Spring Boot Admin Sample Reactive                                  [jar]
[INFO] Spring Boot Admin Sample War                                       [war]
[INFO] Spring Boot Admin Sample Hazelcast                                 [jar]
[INFO] Spring Boot Admin Sample Eureka                                    [jar]
[INFO] Spring Boot Admin Sample Consul                                    [jar]
[INFO] Spring Boot Admin Sample Zookeeper                                 [jar]
[INFO] 
[INFO] ------------------< de.codecentric:spring-boot-admin >------------------
[INFO] Building Spring Boot Admin 3.5.8-SNAPSHOT                         [1/19]
[INFO]   from pom.xml
[INFO] --------------------------------[ pom ]---------------------------------
[INFO] 
[INFO] --- clean:3.5.0:clean (default-clean) @ spring-boot-admin ---
[INFO] Deleting /home/ubuntu/repos/spring-boot-admin/target
[INFO] 
[INFO] --- flatten:1.7.3:clean (flatten-clean) @ spring-boot-admin ---
[INFO] Deleting /home/ubuntu/repos/spring-boot-admin/.flattened-pom.xml
[INFO] 
[INFO] --- checkstyle:3.6.0:check (checkstyle-validation) @ spring-boot-admin ---
[INFO] Starting audit...
Audit done.
[INFO] You have 0 Checkstyle violations.
[INFO] 
[INFO] --- enforcer:3.6.2:enforce (enforce-maven) @ spring-boot-admin ---
[INFO] Rule 0: org.apache.maven.enforcer.rules.version.RequireMavenVersion passed
[INFO] 
[INFO] --- spring-javaformat:0.0.47:validate (default) @ spring-boot-admin ---
[INFO] 
[INFO] --- flatten:1.7.3:flatten (flatten) @ spring-boot-admin ---
[INFO] Generating flattened POM of project de.codecentric:spring-boot-admin:pom:3.5.8-SNAPSHOT...
[INFO] 
[INFO] -----------< de.codecentric:spring-boot-admin-dependencies >------------
[INFO] Building Spring Boot Admin Dependencies 3.5.8-SNAPSHOT            [2/19]
[INFO]   from spring-boot-admin-dependencies/pom.xml
[INFO] --------------------------------[ pom ]---------------------------------
[INFO] 
[INFO] --- clean:3.5.0:clean (default-clean) @ spring-boot-admin-dependencies ---
[INFO] Deleting /home/ubuntu/repos/spring-boot-admin/spring-boot-admin-dependencies/target
[INFO] 
[INFO] --- flatten:1.7.3:clean (flatten-clean) @ spring-boot-admin-dependencies ---
[INFO] Deleting /home/ubuntu/repos/spring-boot-admin/spring-boot-admin-dependencies/.flattened-pom.xml
[INFO] 
[INFO] --- checkstyle:3.6.0:check (checkstyle-validation) @ spring-boot-admin-dependencies ---
[INFO] Starting audit...
Audit done.
[INFO] You have 0 Checkstyle violations.
[INFO] 
[INFO] --- enforcer:3.6.2:enforce (enforce-maven) @ spring-boot-admin-dependencies ---
[INFO] 
[INFO] --- spring-javaformat:0.0.47:validate (default) @ spring-boot-admin-dependencies ---
[INFO] 
[INFO] --- flatten:1.7.3:flatten (flatten) @ spring-boot-admin-dependencies ---
[INFO] Generating flattened POM of project de.codecentric:spring-boot-admin-dependencies:pom:3.5.8-SNAPSHOT...
[INFO] 
[INFO] ---------------< de.codecentric:spring-boot-admin-build >---------------
[INFO] Building Spring Boot Admin Build 3.5.8-SNAPSHOT                   [3/19]
[INFO]   from spring-boot-admin-build/pom.xml
[INFO] --------------------------------[ pom ]---------------------------------
[INFO] 
[INFO] --- clean:3.5.0:clean (default-clean) @ spring-boot-admin-build ---
[INFO] Deleting /home/ubuntu/repos/spring-boot-admin/spring-boot-admin-build/target
[INFO] 
[INFO] --- checkstyle:3.6.0:check (checkstyle-validation) @ spring-boot-admin-build ---
[INFO] Starting audit...
Audit done.
[INFO] You have 0 Checkstyle violations.
[INFO] 
[INFO] --- enforcer:3.6.2:enforce (enforce-maven) @ spring-boot-admin-build ---
[INFO] 
[INFO] --- spring-javaformat:0.0.47:validate (default) @ spring-boot-admin-build ---
[INFO] 
[INFO] --- build-helper:3.6.1:regex-property (generate-automatic-module-name) @ spring-boot-admin-build ---
[INFO] 
[INFO] --- flatten:1.7.3:flatten (flatten) @ spring-boot-admin-build ---
[INFO] Generating flattened POM of project de.codecentric:spring-boot-admin-build:pom:3.5.8-SNAPSHOT...
[INFO] 
[INFO] --------------< de.codecentric:spring-boot-admin-server >---------------
[INFO] Building Spring Boot Admin Server 3.5.8-SNAPSHOT                  [4/19]
[INFO]   from spring-boot-admin-server/pom.xml
[INFO] --------------------------------[ jar ]---------------------------------
[WARNING] The POM for org.testcontainers:junit-jupiter:jar:2.0.3 is missing, no dependency information available
[INFO] 
[INFO] --- clean:3.5.0:clean (default-clean) @ spring-boot-admin-server ---
[INFO] Deleting /home/ubuntu/repos/spring-boot-admin/spring-boot-admin-server/target
[INFO] 
[INFO] --- checkstyle:3.6.0:check (checkstyle-validation) @ spring-boot-admin-server ---
[INFO] Starting audit...
Audit done.
[INFO] You have 0 Checkstyle violations.
[INFO] 
[INFO] --- enforcer:3.6.2:enforce (enforce-maven) @ spring-boot-admin-server ---
[INFO] 
[INFO] --- spring-javaformat:0.0.47:validate (default) @ spring-boot-admin-server ---
[INFO] 
[INFO] --- build-helper:3.6.1:regex-property (generate-automatic-module-name) @ spring-boot-admin-server ---
[INFO] 
[INFO] --- resources:3.4.0:resources (default-resources) @ spring-boot-admin-server ---
[INFO] Copying 3 resources from src/main/resources to target/classes
[INFO] 
[INFO] --- flatten:1.7.3:flatten (flatten) @ spring-boot-admin-server ---
[INFO] Generating flattened POM of project de.codecentric:spring-boot-admin-server:jar:3.5.8-SNAPSHOT...
[INFO] 
[INFO] --- compiler:3.15.0:compile (default-compile) @ spring-boot-admin-server ---
[INFO] Recompiling the module because of changed source code.
[INFO] Compiling 150 source files with javac [debug parameters target 21] to target/classes
[INFO] -------------------------------------------------------------
[ERROR] COMPILATION ERROR : 
[INFO] -------------------------------------------------------------
[ERROR] /home/ubuntu/repos/spring-boot-admin/spring-boot-admin-server/src/main/java/de/codecentric/boot/admin/server/config/AdminServerAutoConfiguration.java:[27,75] package org.springframework.boot.autoconfigure.web.reactive.function.client does not exist
[ERROR] /home/ubuntu/repos/spring-boot-admin/spring-boot-admin-server/src/main/java/de/codecentric/boot/admin/server/config/AdminServerHazelcastAutoConfiguration.java:[31,56] package org.springframework.boot.autoconfigure.hazelcast does not exist
[ERROR] /home/ubuntu/repos/spring-boot-admin/spring-boot-admin-server/src/main/java/de/codecentric/boot/admin/server/config/AdminServerNotifierAutoConfiguration.java:[36,51] package org.springframework.boot.autoconfigure.mail does not exist
[ERROR] /home/ubuntu/repos/spring-boot-admin/spring-boot-admin-server/src/main/java/de/codecentric/boot/admin/server/config/AdminServerWebConfiguration.java:[22,58] package org.springframework.boot.autoconfigure.web.servlet does not exist
[ERROR] /home/ubuntu/repos/spring-boot-admin/spring-boot-admin-server/src/main/java/de/codecentric/boot/admin/server/web/InstanceWebProxy.java:[40,41] cannot find symbol
  symbol:   class JsonInclude
  location: package tools.jackson.databind.annotation
[ERROR] /home/ubuntu/repos/spring-boot-admin/spring-boot-admin-server/src/main/java/de/codecentric/boot/admin/server/services/endpoints/QueryIndexEndpointStrategy.java:[30,41] cannot find symbol
  symbol:   class JsonCreator
  location: package tools.jackson.databind.annotation
[ERROR] /home/ubuntu/repos/spring-boot-admin/spring-boot-admin-server/src/main/java/de/codecentric/boot/admin/server/services/endpoints/QueryIndexEndpointStrategy.java:[31,41] cannot find symbol
  symbol:   class JsonProperty
  location: package tools.jackson.databind.annotation
[ERROR] /home/ubuntu/repos/spring-boot-admin/spring-boot-admin-server/src/main/java/de/codecentric/boot/admin/server/utils/jackson/BuildVersionMixin.java:[19,41] cannot find symbol
  symbol:   class JsonCreator
  location: package tools.jackson.databind.annotation
[ERROR] /home/ubuntu/repos/spring-boot-admin/spring-boot-admin-server/src/main/java/de/codecentric/boot/admin/server/utils/jackson/BuildVersionMixin.java:[20,41] cannot find symbol
  symbol:   class JsonValue
  location: package tools.jackson.databind.annotation
[ERROR] /home/ubuntu/repos/spring-boot-admin/spring-boot-admin-server/src/main/java/de/codecentric/boot/admin/server/utils/jackson/EndpointMixin.java:[19,41] cannot find symbol
  symbol:   class JsonCreator
  location: package tools.jackson.databind.annotation
[ERROR] /home/ubuntu/repos/spring-boot-admin/spring-boot-admin-server/src/main/java/de/codecentric/boot/admin/server/utils/jackson/EndpointMixin.java:[20,41] cannot find symbol
  symbol:   class JsonProperty
  location: package tools.jackson.databind.annotation
[ERROR] /home/ubuntu/repos/spring-boot-admin/spring-boot-admin-server/src/main/java/de/codecentric/boot/admin/server/utils/jackson/EndpointsMixin.java:[22,41] cannot find symbol
  symbol:   class JsonCreator
  location: package tools.jackson.databind.annotation
[ERROR] /home/ubuntu/repos/spring-boot-admin/spring-boot-admin-server/src/main/java/de/codecentric/boot/admin/server/utils/jackson/InfoMixin.java:[22,41] cannot find symbol
  symbol:   class JsonAnyGetter
  location: package tools.jackson.databind.annotation
[ERROR] /home/ubuntu/repos/spring-boot-admin/spring-boot-admin-server/src/main/java/de/codecentric/boot/admin/server/utils/jackson/InfoMixin.java:[23,41] cannot find symbol
  symbol:   class JsonCreator
  location: package tools.jackson.databind.annotation
[ERROR] /home/ubuntu/repos/spring-boot-admin/spring-boot-admin-server/src/main/java/de/codecentric/boot/admin/server/utils/jackson/InstanceDeregisteredEventMixin.java:[21,41] cannot find symbol
  symbol:   class JsonCreator
  location: package tools.jackson.databind.annotation
[ERROR] /home/ubuntu/repos/spring-boot-admin/spring-boot-admin-server/src/main/java/de/codecentric/boot/admin/server/utils/jackson/InstanceDeregisteredEventMixin.java:[22,41] cannot find symbol
  symbol:   class JsonProperty
  location: package tools.jackson.databind.annotation
[ERROR] /home/ubuntu/repos/spring-boot-admin/spring-boot-admin-server/src/main/java/de/codecentric/boot/admin/server/utils/jackson/InstanceEndpointsDetectedEventMixin.java:[21,41] cannot find symbol
  symbol:   class JsonCreator
  location: package tools.jackson.databind.annotation
[ERROR] /home/ubuntu/repos/spring-boot-admin/spring-boot-admin-server/src/main/java/de/codecentric/boot/admin/server/utils/jackson/InstanceEndpointsDetectedEventMixin.java:[22,41] cannot find symbol
  symbol:   class JsonProperty
  location: package tools.jackson.databind.annotation
[ERROR] /home/ubuntu/repos/spring-boot-admin/spring-boot-admin-server/src/main/java/de/codecentric/boot/admin/server/utils/jackson/InstanceEventMixin.java:[19,41] cannot find symbol
  symbol:   class JsonSubTypes
  location: package tools.jackson.databind.annotation
[ERROR] /home/ubuntu/repos/spring-boot-admin/spring-boot-admin-server/src/main/java/de/codecentric/boot/admin/server/utils/jackson/InstanceEventMixin.java:[20,41] cannot find symbol
  symbol:   class JsonTypeInfo
  location: package tools.jackson.databind.annotation
[ERROR] /home/ubuntu/repos/spring-boot-admin/spring-boot-admin-server/src/main/java/de/codecentric/boot/admin/server/utils/jackson/InstanceEventMixin.java:[35,2] cannot find symbol
  symbol: class JsonTypeInfo
[ERROR] /home/ubuntu/repos/spring-boot-admin/spring-boot-admin-server/src/main/java/de/codecentric/boot/admin/server/utils/jackson/InstanceEventMixin.java:[36,2] cannot find symbol
  symbol: class JsonSubTypes
[ERROR] /home/ubuntu/repos/spring-boot-admin/spring-boot-admin-server/src/main/java/de/codecentric/boot/admin/server/utils/jackson/InstanceIdMixin.java:[19,41] cannot find symbol
  symbol:   class JsonCreator
  location: package tools.jackson.databind.annotation
[ERROR] /home/ubuntu/repos/spring-boot-admin/spring-boot-admin-server/src/main/java/de/codecentric/boot/admin/server/utils/jackson/InstanceIdMixin.java:[20,41] cannot find symbol
  symbol:   class JsonValue
  location: package tools.jackson.databind.annotation
[ERROR] /home/ubuntu/repos/spring-boot-admin/spring-boot-admin-server/src/main/java/de/codecentric/boot/admin/server/utils/jackson/InstanceInfoChangedEventMixin.java:[21,41] cannot find symbol
  symbol:   class JsonCreator
  location: package tools.jackson.databind.annotation
[ERROR] /home/ubuntu/repos/spring-boot-admin/spring-boot-admin-server/src/main/java/de/codecentric/boot/admin/server/utils/jackson/InstanceInfoChangedEventMixin.java:[22,41] cannot find symbol
  symbol:   class JsonProperty
  location: package tools.jackson.databind.annotation
[ERROR] /home/ubuntu/repos/spring-boot-admin/spring-boot-admin-server/src/main/java/de/codecentric/boot/admin/server/utils/jackson/InstanceRegisteredEventMixin.java:[21,41] cannot find symbol
  symbol:   class JsonCreator
  location: package tools.jackson.databind.annotation
[ERROR] /home/ubuntu/repos/spring-boot-admin/spring-boot-admin-server/src/main/java/de/codecentric/boot/admin/server/utils/jackson/InstanceRegisteredEventMixin.java:[22,41] cannot find symbol
  symbol:   class JsonProperty
  location: package tools.jackson.databind.annotation
[ERROR] /home/ubuntu/repos/spring-boot-admin/spring-boot-admin-server/src/main/java/de/codecentric/boot/admin/server/utils/jackson/InstanceRegistrationUpdatedEventMixin.java:[21,41] cannot find symbol
  symbol:   class JsonCreator
  location: package tools.jackson.databind.annotation
[ERROR] /home/ubuntu/repos/spring-boot-admin/spring-boot-admin-server/src/main/java/de/codecentric/boot/admin/server/utils/jackson/InstanceRegistrationUpdatedEventMixin.java:[22,41] cannot find symbol
  symbol:   class JsonProperty
  location: package tools.jackson.databind.annotation
[ERROR] /home/ubuntu/repos/spring-boot-admin/spring-boot-admin-server/src/main/java/de/codecentric/boot/admin/server/utils/jackson/InstanceStatusChangedEventMixin.java:[21,41] cannot find symbol
  symbol:   class JsonCreator
  location: package tools.jackson.databind.annotation
[ERROR] /home/ubuntu/repos/spring-boot-admin/spring-boot-admin-server/src/main/java/de/codecentric/boot/admin/server/utils/jackson/InstanceStatusChangedEventMixin.java:[22,41] cannot find symbol
  symbol:   class JsonProperty
  location: package tools.jackson.databind.annotation
[ERROR] /home/ubuntu/repos/spring-boot-admin/spring-boot-admin-server/src/main/java/de/codecentric/boot/admin/server/utils/jackson/RegistrationBeanSerializerModifier.java:[22,30] cannot find symbol
  symbol:   class JsonSerializer
  location: package tools.jackson.databind
[ERROR] /home/ubuntu/repos/spring-boot-admin/spring-boot-admin-server/src/main/java/de/codecentric/boot/admin/server/utils/jackson/RegistrationBeanSerializerModifier.java:[25,34] cannot find symbol
  symbol:   class BeanSerializerModifier
  location: package tools.jackson.databind.ser
[ERROR] /home/ubuntu/repos/spring-boot-admin/spring-boot-admin-server/src/main/java/de/codecentric/boot/admin/server/utils/jackson/RegistrationBeanSerializerModifier.java:[29,57] cannot find symbol
  symbol: class BeanSerializerModifier
[ERROR] /home/ubuntu/repos/spring-boot-admin/spring-boot-admin-server/src/main/java/de/codecentric/boot/admin/server/utils/jackson/RegistrationBeanSerializerModifier.java:[31,23] cannot find symbol
  symbol:   class JsonSerializer
  location: class de.codecentric.boot.admin.server.utils.jackson.RegistrationBeanSerializerModifier
[ERROR] /home/ubuntu/repos/spring-boot-admin/spring-boot-admin-server/src/main/java/de/codecentric/boot/admin/server/utils/jackson/SanitizingMapSerializer.java:[27,30] cannot find symbol
  symbol:   class SerializerProvider
  location: package tools.jackson.databind
[ERROR] /home/ubuntu/repos/spring-boot-admin/spring-boot-admin-server/src/main/java/de/codecentric/boot/admin/server/utils/jackson/SanitizingMapSerializer.java:[48,77] cannot find symbol
  symbol:   class SerializerProvider
  location: class de.codecentric.boot.admin.server.utils.jackson.SanitizingMapSerializer
[ERROR] /home/ubuntu/repos/spring-boot-admin/spring-boot-admin-server/src/main/java/de/codecentric/boot/admin/server/utils/jackson/StatusInfoMixin.java:[22,41] cannot find symbol
  symbol:   class JsonCreator
  location: package tools.jackson.databind.annotation
[ERROR] /home/ubuntu/repos/spring-boot-admin/spring-boot-admin-server/src/main/java/de/codecentric/boot/admin/server/utils/jackson/StatusInfoMixin.java:[23,41] cannot find symbol
  symbol:   class JsonIgnore
  location: package tools.jackson.databind.annotation
[ERROR] /home/ubuntu/repos/spring-boot-admin/spring-boot-admin-server/src/main/java/de/codecentric/boot/admin/server/utils/jackson/StatusInfoMixin.java:[24,41] cannot find symbol
  symbol:   class JsonProperty
  location: package tools.jackson.databind.annotation
[ERROR] /home/ubuntu/repos/spring-boot-admin/spring-boot-admin-server/src/main/java/de/codecentric/boot/admin/server/utils/jackson/TagsMixin.java:[21,41] cannot find symbol
  symbol:   class JsonAnyGetter
  location: package tools.jackson.databind.annotation
[ERROR] /home/ubuntu/repos/spring-boot-admin/spring-boot-admin-server/src/main/java/de/codecentric/boot/admin/server/utils/jackson/TagsMixin.java:[22,41] cannot find symbol
  symbol:   class JsonCreator
  location: package tools.jackson.databind.annotation
[ERROR] /home/ubuntu/repos/spring-boot-admin/spring-boot-admin-server/src/main/java/de/codecentric/boot/admin/server/config/AdminServerAutoConfiguration.java:[62,23] cannot find symbol
  symbol: class WebClientAutoConfiguration
[ERROR] /home/ubuntu/repos/spring-boot-admin/spring-boot-admin-server/src/main/java/de/codecentric/boot/admin/server/config/AdminServerHazelcastAutoConfiguration.java:[49,21] cannot find symbol
  symbol: class HazelcastAutoConfiguration
[ERROR] /home/ubuntu/repos/spring-boot-admin/spring-boot-admin-server/src/main/java/de/codecentric/boot/admin/server/config/AdminServerNotifierAutoConfiguration.java:[80,23] cannot find symbol
  symbol: class MailSenderAutoConfiguration
[ERROR] /home/ubuntu/repos/spring-boot-admin/spring-boot-admin-server/src/main/java/de/codecentric/boot/admin/server/web/InstanceWebProxy.java:[148,18] cannot find symbol
  symbol:   class JsonInclude
  location: class de.codecentric.boot.admin.server.web.InstanceWebProxy.InstanceResponse
[ERROR] /home/ubuntu/repos/spring-boot-admin/spring-boot-admin-server/src/main/java/de/codecentric/boot/admin/server/web/InstanceWebProxy.java:[148,41] package JsonInclude does not exist
[ERROR] /home/ubuntu/repos/spring-boot-admin/spring-boot-admin-server/src/main/java/de/codecentric/boot/admin/server/web/InstanceWebProxy.java:[152,18] cannot find symbol
  symbol:   class JsonInclude
  location: class de.codecentric.boot.admin.server.web.InstanceWebProxy.InstanceResponse
[ERROR] /home/ubuntu/repos/spring-boot-admin/spring-boot-admin-server/src/main/java/de/codecentric/boot/admin/server/web/InstanceWebProxy.java:[152,41] package JsonInclude does not exist
[ERROR] /home/ubuntu/repos/spring-boot-admin/spring-boot-admin-server/src/main/java/de/codecentric/boot/admin/server/config/AdminServerWebConfiguration.java:[99,29] cannot find symbol
  symbol:   class WebMvcAutoConfiguration
  location: class de.codecentric.boot.admin.server.config.AdminServerWebConfiguration
[ERROR] /home/ubuntu/repos/spring-boot-admin/spring-boot-admin-server/src/main/java/de/codecentric/boot/admin/server/services/endpoints/QueryIndexEndpointStrategy.java:[129,18] cannot find symbol
  symbol:   class JsonProperty
  location: class de.codecentric.boot.admin.server.services.endpoints.QueryIndexEndpointStrategy.Response
[ERROR] /home/ubuntu/repos/spring-boot-admin/spring-boot-admin-server/src/main/java/de/codecentric/boot/admin/server/services/endpoints/QueryIndexEndpointStrategy.java:[140,38] cannot find symbol
  symbol:   class JsonProperty
  location: class de.codecentric.boot.admin.server.services.endpoints.QueryIndexEndpointStrategy.Response.EndpointRef
[ERROR] /home/ubuntu/repos/spring-boot-admin/spring-boot-admin-server/src/main/java/de/codecentric/boot/admin/server/services/endpoints/QueryIndexEndpointStrategy.java:[140,73] cannot find symbol
  symbol:   class JsonProperty
  location: class de.codecentric.boot.admin.server.services.endpoints.QueryIndexEndpointStrategy.Response.EndpointRef
[ERROR] /home/ubuntu/repos/spring-boot-admin/spring-boot-admin-server/src/main/java/de/codecentric/boot/admin/server/services/endpoints/QueryIndexEndpointStrategy.java:[139,26] cannot find symbol
  symbol:   class JsonCreator
  location: class de.codecentric.boot.admin.server.services.endpoints.QueryIndexEndpointStrategy.Response.EndpointRef
[ERROR] /home/ubuntu/repos/spring-boot-admin/spring-boot-admin-server/src/main/java/de/codecentric/boot/admin/server/utils/jackson/BuildVersionMixin.java:[31,10] cannot find symbol
  symbol:   class JsonCreator
  location: class de.codecentric.boot.admin.server.utils.jackson.BuildVersionMixin
[ERROR] /home/ubuntu/repos/spring-boot-admin/spring-boot-admin-server/src/main/java/de/codecentric/boot/admin/server/utils/jackson/BuildVersionMixin.java:[36,10] cannot find symbol
  symbol:   class JsonValue
  location: class de.codecentric.boot.admin.server.utils.jackson.BuildVersionMixin
[ERROR] /home/ubuntu/repos/spring-boot-admin/spring-boot-admin-server/src/main/java/de/codecentric/boot/admin/server/utils/jackson/EndpointMixin.java:[32,36] cannot find symbol
  symbol:   class JsonProperty
  location: class de.codecentric.boot.admin.server.utils.jackson.EndpointMixin
[ERROR] /home/ubuntu/repos/spring-boot-admin/spring-boot-admin-server/src/main/java/de/codecentric/boot/admin/server/utils/jackson/EndpointMixin.java:[32,67] cannot find symbol
  symbol:   class JsonProperty
  location: class de.codecentric.boot.admin.server.utils.jackson.EndpointMixin
[ERROR] /home/ubuntu/repos/spring-boot-admin/spring-boot-admin-server/src/main/java/de/codecentric/boot/admin/server/utils/jackson/EndpointMixin.java:[31,10] cannot find symbol
  symbol:   class JsonCreator
  location: class de.codecentric.boot.admin.server.utils.jackson.EndpointMixin
[ERROR] /home/ubuntu/repos/spring-boot-admin/spring-boot-admin-server/src/main/java/de/codecentric/boot/admin/server/utils/jackson/EndpointsMixin.java:[34,10] cannot find symbol
  symbol:   class JsonCreator
  location: class de.codecentric.boot.admin.server.utils.jackson.EndpointsMixin
[ERROR] /home/ubuntu/repos/spring-boot-admin/spring-boot-admin-server/src/main/java/de/codecentric/boot/admin/server/utils/jackson/InfoMixin.java:[34,10] cannot find symbol
  symbol:   class JsonCreator
  location: class de.codecentric.boot.admin.server.utils.jackson.InfoMixin
[ERROR] /home/ubuntu/repos/spring-boot-admin/spring-boot-admin-server/src/main/java/de/codecentric/boot/admin/server/utils/jackson/InfoMixin.java:[39,10] cannot find symbol
  symbol:   class JsonAnyGetter
  location: class de.codecentric.boot.admin.server.utils.jackson.InfoMixin
[ERROR] /home/ubuntu/repos/spring-boot-admin/spring-boot-admin-server/src/main/java/de/codecentric/boot/admin/server/utils/jackson/InstanceDeregisteredEventMixin.java:[35,48] cannot find symbol
  symbol:   class JsonProperty
  location: class de.codecentric.boot.admin.server.utils.jackson.InstanceDeregisteredEventMixin
[ERROR] /home/ubuntu/repos/spring-boot-admin/spring-boot-admin-server/src/main/java/de/codecentric/boot/admin/server/utils/jackson/InstanceDeregisteredEventMixin.java:[36,26] cannot find symbol
  symbol:   class JsonProperty
  location: class de.codecentric.boot.admin.server.utils.jackson.InstanceDeregisteredEventMixin
[ERROR] /home/ubuntu/repos/spring-boot-admin/spring-boot-admin-server/src/main/java/de/codecentric/boot/admin/server/utils/jackson/InstanceDeregisteredEventMixin.java:[36,65] cannot find symbol
  symbol:   class JsonProperty
  location: class de.codecentric.boot.admin.server.utils.jackson.InstanceDeregisteredEventMixin
[ERROR] /home/ubuntu/repos/spring-boot-admin/spring-boot-admin-server/src/main/java/de/codecentric/boot/admin/server/utils/jackson/InstanceDeregisteredEventMixin.java:[34,10] cannot find symbol
  symbol:   class JsonCreator
  location: class de.codecentric.boot.admin.server.utils.jackson.InstanceDeregisteredEventMixin
[ERROR] /home/ubuntu/repos/spring-boot-admin/spring-boot-admin-server/src/main/java/de/codecentric/boot/admin/server/utils/jackson/InstanceEndpointsDetectedEventMixin.java:[37,53] cannot find symbol
  symbol:   class JsonProperty
  location: class de.codecentric.boot.admin.server.utils.jackson.InstanceEndpointsDetectedEventMixin
[ERROR] /home/ubuntu/repos/spring-boot-admin/spring-boot-admin-server/src/main/java/de/codecentric/boot/admin/server/utils/jackson/InstanceEndpointsDetectedEventMixin.java:[38,26] cannot find symbol
  symbol:   class JsonProperty
  location: class de.codecentric.boot.admin.server.utils.jackson.InstanceEndpointsDetectedEventMixin
[ERROR] /home/ubuntu/repos/spring-boot-admin/spring-boot-admin-server/src/main/java/de/codecentric/boot/admin/server/utils/jackson/InstanceEndpointsDetectedEventMixin.java:[38,65] cannot find symbol
  symbol:   class JsonProperty
  location: class de.codecentric.boot.admin.server.utils.jackson.InstanceEndpointsDetectedEventMixin
[ERROR] /home/ubuntu/repos/spring-boot-admin/spring-boot-admin-server/src/main/java/de/codecentric/boot/admin/server/utils/jackson/InstanceEndpointsDetectedEventMixin.java:[39,26] cannot find symbol
  symbol:   class JsonProperty
  location: class de.codecentric.boot.admin.server.utils.jackson.InstanceEndpointsDetectedEventMixin
[ERROR] /home/ubuntu/repos/spring-boot-admin/spring-boot-admin-server/src/main/java/de/codecentric/boot/admin/server/utils/jackson/InstanceEndpointsDetectedEventMixin.java:[36,10] cannot find symbol
  symbol:   class JsonCreator
  location: class de.codecentric.boot.admin.server.utils.jackson.InstanceEndpointsDetectedEventMixin
[ERROR] /home/ubuntu/repos/spring-boot-admin/spring-boot-admin-server/src/main/java/de/codecentric/boot/admin/server/utils/jackson/InstanceEventMixin.java:[35,33] package JsonTypeInfo does not exist
[ERROR] /home/ubuntu/repos/spring-boot-admin/spring-boot-admin-server/src/main/java/de/codecentric/boot/admin/server/utils/jackson/InstanceEventMixin.java:[35,65] package JsonTypeInfo does not exist
[ERROR] /home/ubuntu/repos/spring-boot-admin/spring-boot-admin-server/src/main/java/de/codecentric/boot/admin/server/utils/jackson/InstanceEventMixin.java:[37,30] package JsonSubTypes does not exist
[ERROR] /home/ubuntu/repos/spring-boot-admin/spring-boot-admin-server/src/main/java/de/codecentric/boot/admin/server/utils/jackson/InstanceEventMixin.java:[38,30] package JsonSubTypes does not exist
[ERROR] /home/ubuntu/repos/spring-boot-admin/spring-boot-admin-server/src/main/java/de/codecentric/boot/admin/server/utils/jackson/InstanceEventMixin.java:[40,30] package JsonSubTypes does not exist
[ERROR] /home/ubuntu/repos/spring-boot-admin/spring-boot-admin-server/src/main/java/de/codecentric/boot/admin/server/utils/jackson/InstanceEventMixin.java:[41,30] package JsonSubTypes does not exist
[ERROR] /home/ubuntu/repos/spring-boot-admin/spring-boot-admin-server/src/main/java/de/codecentric/boot/admin/server/utils/jackson/InstanceEventMixin.java:[42,30] package JsonSubTypes does not exist
[ERROR] /home/ubuntu/repos/spring-boot-admin/spring-boot-admin-server/src/main/java/de/codecentric/boot/admin/server/utils/jackson/InstanceEventMixin.java:[43,30] package JsonSubTypes does not exist
[ERROR] /home/ubuntu/repos/spring-boot-admin/spring-boot-admin-server/src/main/java/de/codecentric/boot/admin/server/utils/jackson/InstanceIdMixin.java:[31,10] cannot find symbol
  symbol:   class JsonCreator
  location: class de.codecentric.boot.admin.server.utils.jackson.InstanceIdMixin
[ERROR] /home/ubuntu/repos/spring-boot-admin/spring-boot-admin-server/src/main/java/de/codecentric/boot/admin/server/utils/jackson/InstanceIdMixin.java:[36,10] cannot find symbol
  symbol:   class JsonValue
  location: class de.codecentric.boot.admin.server.utils.jackson.InstanceIdMixin
[ERROR] /home/ubuntu/repos/spring-boot-admin/spring-boot-admin-server/src/main/java/de/codecentric/boot/admin/server/utils/jackson/InstanceInfoChangedEventMixin.java:[36,47] cannot find symbol
  symbol:   class JsonProperty
  location: class de.codecentric.boot.admin.server.utils.jackson.InstanceInfoChangedEventMixin
[ERROR] /home/ubuntu/repos/spring-boot-admin/spring-boot-admin-server/src/main/java/de/codecentric/boot/admin/server/utils/jackson/InstanceInfoChangedEventMixin.java:[37,26] cannot find symbol
  symbol:   class JsonProperty
  location: class de.codecentric.boot.admin.server.utils.jackson.InstanceInfoChangedEventMixin
[ERROR] /home/ubuntu/repos/spring-boot-admin/spring-boot-admin-server/src/main/java/de/codecentric/boot/admin/server/utils/jackson/InstanceInfoChangedEventMixin.java:[37,65] cannot find symbol
  symbol:   class JsonProperty
  location: class de.codecentric.boot.admin.server.utils.jackson.InstanceInfoChangedEventMixin
[ERROR] /home/ubuntu/repos/spring-boot-admin/spring-boot-admin-server/src/main/java/de/codecentric/boot/admin/server/utils/jackson/InstanceInfoChangedEventMixin.java:[38,26] cannot find symbol
  symbol:   class JsonProperty
  location: class de.codecentric.boot.admin.server.utils.jackson.InstanceInfoChangedEventMixin
[ERROR] /home/ubuntu/repos/spring-boot-admin/spring-boot-admin-server/src/main/java/de/codecentric/boot/admin/server/utils/jackson/InstanceInfoChangedEventMixin.java:[35,10] cannot find symbol
  symbol:   class JsonCreator
  location: class de.codecentric.boot.admin.server.utils.jackson.InstanceInfoChangedEventMixin
[ERROR] /home/ubuntu/repos/spring-boot-admin/spring-boot-admin-server/src/main/java/de/codecentric/boot/admin/server/utils/jackson/InstanceRegisteredEventMixin.java:[36,46] cannot find symbol
  symbol:   class JsonProperty
  location: class de.codecentric.boot.admin.server.utils.jackson.InstanceRegisteredEventMixin
[ERROR] /home/ubuntu/repos/spring-boot-admin/spring-boot-admin-server/src/main/java/de/codecentric/boot/admin/server/utils/jackson/InstanceRegisteredEventMixin.java:[37,26] cannot find symbol
  symbol:   class JsonProperty
  location: class de.codecentric.boot.admin.server.utils.jackson.InstanceRegisteredEventMixin
[ERROR] /home/ubuntu/repos/spring-boot-admin/spring-boot-admin-server/src/main/java/de/codecentric/boot/admin/server/utils/jackson/InstanceRegisteredEventMixin.java:[37,65] cannot find symbol
  symbol:   class JsonProperty
  location: class de.codecentric.boot.admin.server.utils.jackson.InstanceRegisteredEventMixin
[ERROR] /home/ubuntu/repos/spring-boot-admin/spring-boot-admin-server/src/main/java/de/codecentric/boot/admin/server/utils/jackson/InstanceRegisteredEventMixin.java:[38,26] cannot find symbol
  symbol:   class JsonProperty
  location: class de.codecentric.boot.admin.server.utils.jackson.InstanceRegisteredEventMixin
[ERROR] /home/ubuntu/repos/spring-boot-admin/spring-boot-admin-server/src/main/java/de/codecentric/boot/admin/server/utils/jackson/InstanceRegisteredEventMixin.java:[35,10] cannot find symbol
  symbol:   class JsonCreator
  location: class de.codecentric.boot.admin.server.utils.jackson.InstanceRegisteredEventMixin
[ERROR] /home/ubuntu/repos/spring-boot-admin/spring-boot-admin-server/src/main/java/de/codecentric/boot/admin/server/utils/jackson/InstanceRegistrationUpdatedEventMixin.java:[37,55] cannot find symbol
  symbol:   class JsonProperty
  location: class de.codecentric.boot.admin.server.utils.jackson.InstanceRegistrationUpdatedEventMixin
[ERROR] /home/ubuntu/repos/spring-boot-admin/spring-boot-admin-server/src/main/java/de/codecentric/boot/admin/server/utils/jackson/InstanceRegistrationUpdatedEventMixin.java:[38,26] cannot find symbol
  symbol:   class JsonProperty
  location: class de.codecentric.boot.admin.server.utils.jackson.InstanceRegistrationUpdatedEventMixin
[ERROR] /home/ubuntu/repos/spring-boot-admin/spring-boot-admin-server/src/main/java/de/codecentric/boot/admin/server/utils/jackson/InstanceRegistrationUpdatedEventMixin.java:[38,65] cannot find symbol
  symbol:   class JsonProperty
  location: class de.codecentric.boot.admin.server.utils.jackson.InstanceRegistrationUpdatedEventMixin
[ERROR] /home/ubuntu/repos/spring-boot-admin/spring-boot-admin-server/src/main/java/de/codecentric/boot/admin/server/utils/jackson/InstanceRegistrationUpdatedEventMixin.java:[39,26] cannot find symbol
  symbol:   class JsonProperty
  location: class de.codecentric.boot.admin.server.utils.jackson.InstanceRegistrationUpdatedEventMixin
[ERROR] /home/ubuntu/repos/spring-boot-admin/spring-boot-admin-server/src/main/java/de/codecentric/boot/admin/server/utils/jackson/InstanceRegistrationUpdatedEventMixin.java:[36,10] cannot find symbol
  symbol:   class JsonCreator
  location: class de.codecentric.boot.admin.server.utils.jackson.InstanceRegistrationUpdatedEventMixin
[ERROR] /home/ubuntu/repos/spring-boot-admin/spring-boot-admin-server/src/main/java/de/codecentric/boot/admin/server/utils/jackson/InstanceStatusChangedEventMixin.java:[36,49] cannot find symbol
  symbol:   class JsonProperty
  location: class de.codecentric.boot.admin.server.utils.jackson.InstanceStatusChangedEventMixin
[ERROR] /home/ubuntu/repos/spring-boot-admin/spring-boot-admin-server/src/main/java/de/codecentric/boot/admin/server/utils/jackson/InstanceStatusChangedEventMixin.java:[37,26] cannot find symbol
  symbol:   class JsonProperty
  location: class de.codecentric.boot.admin.server.utils.jackson.InstanceStatusChangedEventMixin
[ERROR] /home/ubuntu/repos/spring-boot-admin/spring-boot-admin-server/src/main/java/de/codecentric/boot/admin/server/utils/jackson/InstanceStatusChangedEventMixin.java:[37,65] cannot find symbol
  symbol:   class JsonProperty
  location: class de.codecentric.boot.admin.server.utils.jackson.InstanceStatusChangedEventMixin
[INFO] 100 errors 
[INFO] -------------------------------------------------------------
[INFO] ------------------------------------------------------------------------
[INFO] Reactor Summary for Spring Boot Admin 3.5.8-SNAPSHOT:
[INFO] 
[INFO] Spring Boot Admin .................................. SUCCESS [  1.305 s]
[INFO] Spring Boot Admin Dependencies ..................... SUCCESS [  0.086 s]
[INFO] Spring Boot Admin Build ............................ SUCCESS [  0.149 s]
[INFO] Spring Boot Admin Server ........................... FAILURE [  6.411 s]
[INFO] Spring Boot Admin Server UI ........................ SKIPPED
[INFO] Spring Boot Admin Client ........................... SKIPPED
[INFO] Spring Boot Admin Docs ............................. SKIPPED
[INFO] Spring Boot Admin Server Cloud ..................... SKIPPED
[INFO] Spring Boot Admin Server Starter ................... SKIPPED
[INFO] Spring Boot Admin Client Starter ................... SKIPPED
[INFO] Spring Boot Admin Samples .......................... SKIPPED
[INFO] Spring Boot Admin Server custom UI ................. SKIPPED
[INFO] Spring Boot Admin Sample Servlet ................... SKIPPED
[INFO] Spring Boot Admin Sample Reactive .................. SKIPPED
[INFO] Spring Boot Admin Sample War ....................... SKIPPED
[INFO] Spring Boot Admin Sample Hazelcast ................. SKIPPED
[INFO] Spring Boot Admin Sample Eureka .................... SKIPPED
[INFO] Spring Boot Admin Sample Consul .................... SKIPPED
[INFO] Spring Boot Admin Sample Zookeeper ................. SKIPPED
[INFO] ------------------------------------------------------------------------
[INFO] BUILD FAILURE
[INFO] ------------------------------------------------------------------------
[INFO] Total time:  8.328 s
[INFO] Finished at: 2026-02-06T07:30:54Z
[INFO] ------------------------------------------------------------------------
[ERROR] Failed to execute goal org.apache.maven.plugins:maven-compiler-plugin:3.15.0:compile (default-compile) on project spring-boot-admin-server: Compilation failure: Compilation failure: 
[ERROR] /home/ubuntu/repos/spring-boot-admin/spring-boot-admin-server/src/main/java/de/codecentric/boot/admin/server/config/AdminServerAutoConfiguration.java:[27,75] package org.springframework.boot.autoconfigure.web.reactive.function.client does not exist
[ERROR] /home/ubuntu/repos/spring-boot-admin/spring-boot-admin-server/src/main/java/de/codecentric/boot/admin/server/config/AdminServerHazelcastAutoConfiguration.java:[31,56] package org.springframework.boot.autoconfigure.hazelcast does not exist
[ERROR] /home/ubuntu/repos/spring-boot-admin/spring-boot-admin-server/src/main/java/de/codecentric/boot/admin/server/config/AdminServerNotifierAutoConfiguration.java:[36,51] package org.springframework.boot.autoconfigure.mail does not exist
[ERROR] /home/ubuntu/repos/spring-boot-admin/spring-boot-admin-server/src/main/java/de/codecentric/boot/admin/server/config/AdminServerWebConfiguration.java:[22,58] package org.springframework.boot.autoconfigure.web.servlet does not exist
[ERROR] /home/ubuntu/repos/spring-boot-admin/spring-boot-admin-server/src/main/java/de/codecentric/boot/admin/server/web/InstanceWebProxy.java:[40,41] cannot find symbol
[ERROR]   symbol:   class JsonInclude
[ERROR]   location: package tools.jackson.databind.annotation
[ERROR] /home/ubuntu/repos/spring-boot-admin/spring-boot-admin-server/src/main/java/de/codecentric/boot/admin/server/services/endpoints/QueryIndexEndpointStrategy.java:[30,41] cannot find symbol
[ERROR]   symbol:   class JsonCreator
[ERROR]   location: package tools.jackson.databind.annotation
[ERROR] /home/ubuntu/repos/spring-boot-admin/spring-boot-admin-server/src/main/java/de/codecentric/boot/admin/server/services/endpoints/QueryIndexEndpointStrategy.java:[31,41] cannot find symbol
[ERROR]   symbol:   class JsonProperty
[ERROR]   location: package tools.jackson.databind.annotation
[ERROR] /home/ubuntu/repos/spring-boot-admin/spring-boot-admin-server/src/main/java/de/codecentric/boot/admin/server/utils/jackson/BuildVersionMixin.java:[19,41] cannot find symbol
[ERROR]   symbol:   class JsonCreator
[ERROR]   location: package tools.jackson.databind.annotation
[ERROR] /home/ubuntu/repos/spring-boot-admin/spring-boot-admin-server/src/main/java/de/codecentric/boot/admin/server/utils/jackson/BuildVersionMixin.java:[20,41] cannot find symbol
[ERROR]   symbol:   class JsonValue
[ERROR]   location: package tools.jackson.databind.annotation
[ERROR] /home/ubuntu/repos/spring-boot-admin/spring-boot-admin-server/src/main/java/de/codecentric/boot/admin/server/utils/jackson/EndpointMixin.java:[19,41] cannot find symbol
[ERROR]   symbol:   class JsonCreator
[ERROR]   location: package tools.jackson.databind.annotation
[ERROR] /home/ubuntu/repos/spring-boot-admin/spring-boot-admin-server/src/main/java/de/codecentric/boot/admin/server/utils/jackson/EndpointMixin.java:[20,41] cannot find symbol
[ERROR]   symbol:   class JsonProperty
[ERROR]   location: package tools.jackson.databind.annotation
[ERROR] /home/ubuntu/repos/spring-boot-admin/spring-boot-admin-server/src/main/java/de/codecentric/boot/admin/server/utils/jackson/EndpointsMixin.java:[22,41] cannot find symbol
[ERROR]   symbol:   class JsonCreator
[ERROR]   location: package tools.jackson.databind.annotation
[ERROR] /home/ubuntu/repos/spring-boot-admin/spring-boot-admin-server/src/main/java/de/codecentric/boot/admin/server/utils/jackson/InfoMixin.java:[22,41] cannot find symbol
[ERROR]   symbol:   class JsonAnyGetter
[ERROR]   location: package tools.jackson.databind.annotation
[ERROR] /home/ubuntu/repos/spring-boot-admin/spring-boot-admin-server/src/main/java/de/codecentric/boot/admin/server/utils/jackson/InfoMixin.java:[23,41] cannot find symbol
[ERROR]   symbol:   class JsonCreator
[ERROR]   location: package tools.jackson.databind.annotation
[ERROR] /home/ubuntu/repos/spring-boot-admin/spring-boot-admin-server/src/main/java/de/codecentric/boot/admin/server/utils/jackson/InstanceDeregisteredEventMixin.java:[21,41] cannot find symbol
[ERROR]   symbol:   class JsonCreator
[ERROR]   location: package tools.jackson.databind.annotation
[ERROR] /home/ubuntu/repos/spring-boot-admin/spring-boot-admin-server/src/main/java/de/codecentric/boot/admin/server/utils/jackson/InstanceDeregisteredEventMixin.java:[22,41] cannot find symbol
[ERROR]   symbol:   class JsonProperty
[ERROR]   location: package tools.jackson.databind.annotation
[ERROR] /home/ubuntu/repos/spring-boot-admin/spring-boot-admin-server/src/main/java/de/codecentric/boot/admin/server/utils/jackson/InstanceEndpointsDetectedEventMixin.java:[21,41] cannot find symbol
[ERROR]   symbol:   class JsonCreator
[ERROR]   location: package tools.jackson.databind.annotation
[ERROR] /home/ubuntu/repos/spring-boot-admin/spring-boot-admin-server/src/main/java/de/codecentric/boot/admin/server/utils/jackson/InstanceEndpointsDetectedEventMixin.java:[22,41] cannot find symbol
[ERROR]   symbol:   class JsonProperty
[ERROR]   location: package tools.jackson.databind.annotation
[ERROR] /home/ubuntu/repos/spring-boot-admin/spring-boot-admin-server/src/main/java/de/codecentric/boot/admin/server/utils/jackson/InstanceEventMixin.java:[19,41] cannot find symbol
[ERROR]   symbol:   class JsonSubTypes
[ERROR]   location: package tools.jackson.databind.annotation
[ERROR] /home/ubuntu/repos/spring-boot-admin/spring-boot-admin-server/src/main/java/de/codecentric/boot/admin/server/utils/jackson/InstanceEventMixin.java:[20,41] cannot find symbol
[ERROR]   symbol:   class JsonTypeInfo
[ERROR]   location: package tools.jackson.databind.annotation
[ERROR] /home/ubuntu/repos/spring-boot-admin/spring-boot-admin-server/src/main/java/de/codecentric/boot/admin/server/utils/jackson/InstanceEventMixin.java:[35,2] cannot find symbol
[ERROR]   symbol: class JsonTypeInfo
[ERROR] /home/ubuntu/repos/spring-boot-admin/spring-boot-admin-server/src/main/java/de/codecentric/boot/admin/server/utils/jackson/InstanceEventMixin.java:[36,2] cannot find symbol
[ERROR]   symbol: class JsonSubTypes
[ERROR] /home/ubuntu/repos/spring-boot-admin/spring-boot-admin-server/src/main/java/de/codecentric/boot/admin/server/utils/jackson/InstanceIdMixin.java:[19,41] cannot find symbol
[ERROR]   symbol:   class JsonCreator
[ERROR]   location: package tools.jackson.databind.annotation
[ERROR] /home/ubuntu/repos/spring-boot-admin/spring-boot-admin-server/src/main/java/de/codecentric/boot/admin/server/utils/jackson/InstanceIdMixin.java:[20,41] cannot find symbol
[ERROR]   symbol:   class JsonValue
[ERROR]   location: package tools.jackson.databind.annotation
[ERROR] /home/ubuntu/repos/spring-boot-admin/spring-boot-admin-server/src/main/java/de/codecentric/boot/admin/server/utils/jackson/InstanceInfoChangedEventMixin.java:[21,41] cannot find symbol
[ERROR]   symbol:   class JsonCreator
[ERROR]   location: package tools.jackson.databind.annotation
[ERROR] /home/ubuntu/repos/spring-boot-admin/spring-boot-admin-server/src/main/java/de/codecentric/boot/admin/server/utils/jackson/InstanceInfoChangedEventMixin.java:[22,41] cannot find symbol
[ERROR]   symbol:   class JsonProperty
[ERROR]   location: package tools.jackson.databind.annotation
[ERROR] /home/ubuntu/repos/spring-boot-admin/spring-boot-admin-server/src/main/java/de/codecentric/boot/admin/server/utils/jackson/InstanceRegisteredEventMixin.java:[21,41] cannot find symbol
[ERROR]   symbol:   class JsonCreator
[ERROR]   location: package tools.jackson.databind.annotation
[ERROR] /home/ubuntu/repos/spring-boot-admin/spring-boot-admin-server/src/main/java/de/codecentric/boot/admin/server/utils/jackson/InstanceRegisteredEventMixin.java:[22,41] cannot find symbol
[ERROR]   symbol:   class JsonProperty
[ERROR]   location: package tools.jackson.databind.annotation
[ERROR] /home/ubuntu/repos/spring-boot-admin/spring-boot-admin-server/src/main/java/de/codecentric/boot/admin/server/utils/jackson/InstanceRegistrationUpdatedEventMixin.java:[21,41] cannot find symbol
[ERROR]   symbol:   class JsonCreator
[ERROR]   location: package tools.jackson.databind.annotation
[ERROR] /home/ubuntu/repos/spring-boot-admin/spring-boot-admin-server/src/main/java/de/codecentric/boot/admin/server/utils/jackson/InstanceRegistrationUpdatedEventMixin.java:[22,41] cannot find symbol
[ERROR]   symbol:   class JsonProperty
[ERROR]   location: package tools.jackson.databind.annotation
[ERROR] /home/ubuntu/repos/spring-boot-admin/spring-boot-admin-server/src/main/java/de/codecentric/boot/admin/server/utils/jackson/InstanceStatusChangedEventMixin.java:[21,41] cannot find symbol
[ERROR]   symbol:   class JsonCreator
[ERROR]   location: package tools.jackson.databind.annotation
[ERROR] /home/ubuntu/repos/spring-boot-admin/spring-boot-admin-server/src/main/java/de/codecentric/boot/admin/server/utils/jackson/InstanceStatusChangedEventMixin.java:[22,41] cannot find symbol
[ERROR]   symbol:   class JsonProperty
[ERROR]   location: package tools.jackson.databind.annotation
[ERROR] /home/ubuntu/repos/spring-boot-admin/spring-boot-admin-server/src/main/java/de/codecentric/boot/admin/server/utils/jackson/RegistrationBeanSerializerModifier.java:[22,30] cannot find symbol
[ERROR]   symbol:   class JsonSerializer
[ERROR]   location: package tools.jackson.databind
[ERROR] /home/ubuntu/repos/spring-boot-admin/spring-boot-admin-server/src/main/java/de/codecentric/boot/admin/server/utils/jackson/RegistrationBeanSerializerModifier.java:[25,34] cannot find symbol
[ERROR]   symbol:   class BeanSerializerModifier
[ERROR]   location: package tools.jackson.databind.ser
[ERROR] /home/ubuntu/repos/spring-boot-admin/spring-boot-admin-server/src/main/java/de/codecentric/boot/admin/server/utils/jackson/RegistrationBeanSerializerModifier.java:[29,57] cannot find symbol
[ERROR]   symbol: class BeanSerializerModifier
[ERROR] /home/ubuntu/repos/spring-boot-admin/spring-boot-admin-server/src/main/java/de/codecentric/boot/admin/server/utils/jackson/RegistrationBeanSerializerModifier.java:[31,23] cannot find symbol
[ERROR]   symbol:   class JsonSerializer
[ERROR]   location: class de.codecentric.boot.admin.server.utils.jackson.RegistrationBeanSerializerModifier
[ERROR] /home/ubuntu/repos/spring-boot-admin/spring-boot-admin-server/src/main/java/de/codecentric/boot/admin/server/utils/jackson/SanitizingMapSerializer.java:[27,30] cannot find symbol
[ERROR]   symbol:   class SerializerProvider
[ERROR]   location: package tools.jackson.databind
[ERROR] /home/ubuntu/repos/spring-boot-admin/spring-boot-admin-server/src/main/java/de/codecentric/boot/admin/server/utils/jackson/SanitizingMapSerializer.java:[48,77] cannot find symbol
[ERROR]   symbol:   class SerializerProvider
[ERROR]   location: class de.codecentric.boot.admin.server.utils.jackson.SanitizingMapSerializer
[ERROR] /home/ubuntu/repos/spring-boot-admin/spring-boot-admin-server/src/main/java/de/codecentric/boot/admin/server/utils/jackson/StatusInfoMixin.java:[22,41] cannot find symbol
[ERROR]   symbol:   class JsonCreator
[ERROR]   location: package tools.jackson.databind.annotation
[ERROR] /home/ubuntu/repos/spring-boot-admin/spring-boot-admin-server/src/main/java/de/codecentric/boot/admin/server/utils/jackson/StatusInfoMixin.java:[23,41] cannot find symbol
[ERROR]   symbol:   class JsonIgnore
[ERROR]   location: package tools.jackson.databind.annotation
[ERROR] /home/ubuntu/repos/spring-boot-admin/spring-boot-admin-server/src/main/java/de/codecentric/boot/admin/server/utils/jackson/StatusInfoMixin.java:[24,41] cannot find symbol
[ERROR]   symbol:   class JsonProperty
[ERROR]   location: package tools.jackson.databind.annotation
[ERROR] /home/ubuntu/repos/spring-boot-admin/spring-boot-admin-server/src/main/java/de/codecentric/boot/admin/server/utils/jackson/TagsMixin.java:[21,41] cannot find symbol
[ERROR]   symbol:   class JsonAnyGetter
[ERROR]   location: package tools.jackson.databind.annotation
[ERROR] /home/ubuntu/repos/spring-boot-admin/spring-boot-admin-server/src/main/java/de/codecentric/boot/admin/server/utils/jackson/TagsMixin.java:[22,41] cannot find symbol
[ERROR]   symbol:   class JsonCreator
[ERROR]   location: package tools.jackson.databind.annotation
[ERROR] /home/ubuntu/repos/spring-boot-admin/spring-boot-admin-server/src/main/java/de/codecentric/boot/admin/server/config/AdminServerAutoConfiguration.java:[62,23] cannot find symbol
[ERROR]   symbol: class WebClientAutoConfiguration
[ERROR] /home/ubuntu/repos/spring-boot-admin/spring-boot-admin-server/src/main/java/de/codecentric/boot/admin/server/config/AdminServerHazelcastAutoConfiguration.java:[49,21] cannot find symbol
[ERROR]   symbol: class HazelcastAutoConfiguration
[ERROR] /home/ubuntu/repos/spring-boot-admin/spring-boot-admin-server/src/main/java/de/codecentric/boot/admin/server/config/AdminServerNotifierAutoConfiguration.java:[80,23] cannot find symbol
[ERROR]   symbol: class MailSenderAutoConfiguration
[ERROR] /home/ubuntu/repos/spring-boot-admin/spring-boot-admin-server/src/main/java/de/codecentric/boot/admin/server/web/InstanceWebProxy.java:[148,18] cannot find symbol
[ERROR]   symbol:   class JsonInclude
[ERROR]   location: class de.codecentric.boot.admin.server.web.InstanceWebProxy.InstanceResponse
[ERROR] /home/ubuntu/repos/spring-boot-admin/spring-boot-admin-server/src/main/java/de/codecentric/boot/admin/server/web/InstanceWebProxy.java:[148,41] package JsonInclude does not exist
[ERROR] /home/ubuntu/repos/spring-boot-admin/spring-boot-admin-server/src/main/java/de/codecentric/boot/admin/server/web/InstanceWebProxy.java:[152,18] cannot find symbol
[ERROR]   symbol:   class JsonInclude
[ERROR]   location: class de.codecentric.boot.admin.server.web.InstanceWebProxy.InstanceResponse
[ERROR] /home/ubuntu/repos/spring-boot-admin/spring-boot-admin-server/src/main/java/de/codecentric/boot/admin/server/web/InstanceWebProxy.java:[152,41] package JsonInclude does not exist
[ERROR] /home/ubuntu/repos/spring-boot-admin/spring-boot-admin-server/src/main/java/de/codecentric/boot/admin/server/config/AdminServerWebConfiguration.java:[99,29] cannot find symbol
[ERROR]   symbol:   class WebMvcAutoConfiguration
[ERROR]   location: class de.codecentric.boot.admin.server.config.AdminServerWebConfiguration
[ERROR] /home/ubuntu/repos/spring-boot-admin/spring-boot-admin-server/src/main/java/de/codecentric/boot/admin/server/services/endpoints/QueryIndexEndpointStrategy.java:[129,18] cannot find symbol
[ERROR]   symbol:   class JsonProperty
[ERROR]   location: class de.codecentric.boot.admin.server.services.endpoints.QueryIndexEndpointStrategy.Response
[ERROR] /home/ubuntu/repos/spring-boot-admin/spring-boot-admin-server/src/main/java/de/codecentric/boot/admin/server/services/endpoints/QueryIndexEndpointStrategy.java:[140,38] cannot find symbol
[ERROR]   symbol:   class JsonProperty
[ERROR]   location: class de.codecentric.boot.admin.server.services.endpoints.QueryIndexEndpointStrategy.Response.EndpointRef
[ERROR] /home/ubuntu/repos/spring-boot-admin/spring-boot-admin-server/src/main/java/de/codecentric/boot/admin/server/services/endpoints/QueryIndexEndpointStrategy.java:[140,73] cannot find symbol
[ERROR]   symbol:   class JsonProperty
[ERROR]   location: class de.codecentric.boot.admin.server.services.endpoints.QueryIndexEndpointStrategy.Response.EndpointRef
[ERROR] /home/ubuntu/repos/spring-boot-admin/spring-boot-admin-server/src/main/java/de/codecentric/boot/admin/server/services/endpoints/QueryIndexEndpointStrategy.java:[139,26] cannot find symbol
[ERROR]   symbol:   class JsonCreator
[ERROR]   location: class de.codecentric.boot.admin.server.services.endpoints.QueryIndexEndpointStrategy.Response.EndpointRef
[ERROR] /home/ubuntu/repos/spring-boot-admin/spring-boot-admin-server/src/main/java/de/codecentric/boot/admin/server/utils/jackson/BuildVersionMixin.java:[31,10] cannot find symbol
[ERROR]   symbol:   class JsonCreator
[ERROR]   location: class de.codecentric.boot.admin.server.utils.jackson.BuildVersionMixin
[ERROR] /home/ubuntu/repos/spring-boot-admin/spring-boot-admin-server/src/main/java/de/codecentric/boot/admin/server/utils/jackson/BuildVersionMixin.java:[36,10] cannot find symbol
[ERROR]   symbol:   class JsonValue
[ERROR]   location: class de.codecentric.boot.admin.server.utils.jackson.BuildVersionMixin
[ERROR] /home/ubuntu/repos/spring-boot-admin/spring-boot-admin-server/src/main/java/de/codecentric/boot/admin/server/utils/jackson/EndpointMixin.java:[32,36] cannot find symbol
[ERROR]   symbol:   class JsonProperty
[ERROR]   location: class de.codecentric.boot.admin.server.utils.jackson.EndpointMixin
[ERROR] /home/ubuntu/repos/spring-boot-admin/spring-boot-admin-server/src/main/java/de/codecentric/boot/admin/server/utils/jackson/EndpointMixin.java:[32,67] cannot find symbol
[ERROR]   symbol:   class JsonProperty
[ERROR]   location: class de.codecentric.boot.admin.server.utils.jackson.EndpointMixin
[ERROR] /home/ubuntu/repos/spring-boot-admin/spring-boot-admin-server/src/main/java/de/codecentric/boot/admin/server/utils/jackson/EndpointMixin.java:[31,10] cannot find symbol
[ERROR]   symbol:   class JsonCreator
[ERROR]   location: class de.codecentric.boot.admin.server.utils.jackson.EndpointMixin
[ERROR] /home/ubuntu/repos/spring-boot-admin/spring-boot-admin-server/src/main/java/de/codecentric/boot/admin/server/utils/jackson/EndpointsMixin.java:[34,10] cannot find symbol
[ERROR]   symbol:   class JsonCreator
[ERROR]   location: class de.codecentric.boot.admin.server.utils.jackson.EndpointsMixin
[ERROR] /home/ubuntu/repos/spring-boot-admin/spring-boot-admin-server/src/main/java/de/codecentric/boot/admin/server/utils/jackson/InfoMixin.java:[34,10] cannot find symbol
[ERROR]   symbol:   class JsonCreator
[ERROR]   location: class de.codecentric.boot.admin.server.utils.jackson.InfoMixin
[ERROR] /home/ubuntu/repos/spring-boot-admin/spring-boot-admin-server/src/main/java/de/codecentric/boot/admin/server/utils/jackson/InfoMixin.java:[39,10] cannot find symbol
[ERROR]   symbol:   class JsonAnyGetter
[ERROR]   location: class de.codecentric.boot.admin.server.utils.jackson.InfoMixin
[ERROR] /home/ubuntu/repos/spring-boot-admin/spring-boot-admin-server/src/main/java/de/codecentric/boot/admin/server/utils/jackson/InstanceDeregisteredEventMixin.java:[35,48] cannot find symbol
[ERROR]   symbol:   class JsonProperty
[ERROR]   location: class de.codecentric.boot.admin.server.utils.jackson.InstanceDeregisteredEventMixin
[ERROR] /home/ubuntu/repos/spring-boot-admin/spring-boot-admin-server/src/main/java/de/codecentric/boot/admin/server/utils/jackson/InstanceDeregisteredEventMixin.java:[36,26] cannot find symbol
[ERROR]   symbol:   class JsonProperty
[ERROR]   location: class de.codecentric.boot.admin.server.utils.jackson.InstanceDeregisteredEventMixin
[ERROR] /home/ubuntu/repos/spring-boot-admin/spring-boot-admin-server/src/main/java/de/codecentric/boot/admin/server/utils/jackson/InstanceDeregisteredEventMixin.java:[36,65] cannot find symbol
[ERROR]   symbol:   class JsonProperty
[ERROR]   location: class de.codecentric.boot.admin.server.utils.jackson.InstanceDeregisteredEventMixin
[ERROR] /home/ubuntu/repos/spring-boot-admin/spring-boot-admin-server/src/main/java/de/codecentric/boot/admin/server/utils/jackson/InstanceDeregisteredEventMixin.java:[34,10] cannot find symbol
[ERROR]   symbol:   class JsonCreator
[ERROR]   location: class de.codecentric.boot.admin.server.utils.jackson.InstanceDeregisteredEventMixin
[ERROR] /home/ubuntu/repos/spring-boot-admin/spring-boot-admin-server/src/main/java/de/codecentric/boot/admin/server/utils/jackson/InstanceEndpointsDetectedEventMixin.java:[37,53] cannot find symbol
[ERROR]   symbol:   class JsonProperty
[ERROR]   location: class de.codecentric.boot.admin.server.utils.jackson.InstanceEndpointsDetectedEventMixin
[ERROR] /home/ubuntu/repos/spring-boot-admin/spring-boot-admin-server/src/main/java/de/codecentric/boot/admin/server/utils/jackson/InstanceEndpointsDetectedEventMixin.java:[38,26] cannot find symbol
[ERROR]   symbol:   class JsonProperty
[ERROR]   location: class de.codecentric.boot.admin.server.utils.jackson.InstanceEndpointsDetectedEventMixin
[ERROR] /home/ubuntu/repos/spring-boot-admin/spring-boot-admin-server/src/main/java/de/codecentric/boot/admin/server/utils/jackson/InstanceEndpointsDetectedEventMixin.java:[38,65] cannot find symbol
[ERROR]   symbol:   class JsonProperty
[ERROR]   location: class de.codecentric.boot.admin.server.utils.jackson.InstanceEndpointsDetectedEventMixin
[ERROR] /home/ubuntu/repos/spring-boot-admin/spring-boot-admin-server/src/main/java/de/codecentric/boot/admin/server/utils/jackson/InstanceEndpointsDetectedEventMixin.java:[39,26] cannot find symbol
[ERROR]   symbol:   class JsonProperty
[ERROR]   location: class de.codecentric.boot.admin.server.utils.jackson.InstanceEndpointsDetectedEventMixin
[ERROR] /home/ubuntu/repos/spring-boot-admin/spring-boot-admin-server/src/main/java/de/codecentric/boot/admin/server/utils/jackson/InstanceEndpointsDetectedEventMixin.java:[36,10] cannot find symbol
[ERROR]   symbol:   class JsonCreator
[ERROR]   location: class de.codecentric.boot.admin.server.utils.jackson.InstanceEndpointsDetectedEventMixin
[ERROR] /home/ubuntu/repos/spring-boot-admin/spring-boot-admin-server/src/main/java/de/codecentric/boot/admin/server/utils/jackson/InstanceEventMixin.java:[35,33] package JsonTypeInfo does not exist
[ERROR] /home/ubuntu/repos/spring-boot-admin/spring-boot-admin-server/src/main/java/de/codecentric/boot/admin/server/utils/jackson/InstanceEventMixin.java:[35,65] package JsonTypeInfo does not exist
[ERROR] /home/ubuntu/repos/spring-boot-admin/spring-boot-admin-server/src/main/java/de/codecentric/boot/admin/server/utils/jackson/InstanceEventMixin.java:[37,30] package JsonSubTypes does not exist
[ERROR] /home/ubuntu/repos/spring-boot-admin/spring-boot-admin-server/src/main/java/de/codecentric/boot/admin/server/utils/jackson/InstanceEventMixin.java:[38,30] package JsonSubTypes does not exist
[ERROR] /home/ubuntu/repos/spring-boot-admin/spring-boot-admin-server/src/main/java/de/codecentric/boot/admin/server/utils/jackson/InstanceEventMixin.java:[40,30] package JsonSubTypes does not exist
[ERROR] /home/ubuntu/repos/spring-boot-admin/spring-boot-admin-server/src/main/java/de/codecentric/boot/admin/server/utils/jackson/InstanceEventMixin.java:[41,30] package JsonSubTypes does not exist
[ERROR] /home/ubuntu/repos/spring-boot-admin/spring-boot-admin-server/src/main/java/de/codecentric/boot/admin/server/utils/jackson/InstanceEventMixin.java:[42,30] package JsonSubTypes does not exist
[ERROR] /home/ubuntu/repos/spring-boot-admin/spring-boot-admin-server/src/main/java/de/codecentric/boot/admin/server/utils/jackson/InstanceEventMixin.java:[43,30] package JsonSubTypes does not exist
[ERROR] /home/ubuntu/repos/spring-boot-admin/spring-boot-admin-server/src/main/java/de/codecentric/boot/admin/server/utils/jackson/InstanceIdMixin.java:[31,10] cannot find symbol
[ERROR]   symbol:   class JsonCreator
[ERROR]   location: class de.codecentric.boot.admin.server.utils.jackson.InstanceIdMixin
[ERROR] /home/ubuntu/repos/spring-boot-admin/spring-boot-admin-server/src/main/java/de/codecentric/boot/admin/server/utils/jackson/InstanceIdMixin.java:[36,10] cannot find symbol
[ERROR]   symbol:   class JsonValue
[ERROR]   location: class de.codecentric.boot.admin.server.utils.jackson.InstanceIdMixin
[ERROR] /home/ubuntu/repos/spring-boot-admin/spring-boot-admin-server/src/main/java/de/codecentric/boot/admin/server/utils/jackson/InstanceInfoChangedEventMixin.java:[36,47] cannot find symbol
[ERROR]   symbol:   class JsonProperty
[ERROR]   location: class de.codecentric.boot.admin.server.utils.jackson.InstanceInfoChangedEventMixin
[ERROR] /home/ubuntu/repos/spring-boot-admin/spring-boot-admin-server/src/main/java/de/codecentric/boot/admin/server/utils/jackson/InstanceInfoChangedEventMixin.java:[37,26] cannot find symbol
[ERROR]   symbol:   class JsonProperty
[ERROR]   location: class de.codecentric.boot.admin.server.utils.jackson.InstanceInfoChangedEventMixin
[ERROR] /home/ubuntu/repos/spring-boot-admin/spring-boot-admin-server/src/main/java/de/codecentric/boot/admin/server/utils/jackson/InstanceInfoChangedEventMixin.java:[37,65] cannot find symbol
[ERROR]   symbol:   class JsonProperty
[ERROR]   location: class de.codecentric.boot.admin.server.utils.jackson.InstanceInfoChangedEventMixin
[ERROR] /home/ubuntu/repos/spring-boot-admin/spring-boot-admin-server/src/main/java/de/codecentric/boot/admin/server/utils/jackson/InstanceInfoChangedEventMixin.java:[38,26] cannot find symbol
[ERROR]   symbol:   class JsonProperty
[ERROR]   location: class de.codecentric.boot.admin.server.utils.jackson.InstanceInfoChangedEventMixin
[ERROR] /home/ubuntu/repos/spring-boot-admin/spring-boot-admin-server/src/main/java/de/codecentric/boot/admin/server/utils/jackson/InstanceInfoChangedEventMixin.java:[35,10] cannot find symbol
[ERROR]   symbol:   class JsonCreator
[ERROR]   location: class de.codecentric.boot.admin.server.utils.jackson.InstanceInfoChangedEventMixin
[ERROR] /home/ubuntu/repos/spring-boot-admin/spring-boot-admin-server/src/main/java/de/codecentric/boot/admin/server/utils/jackson/InstanceRegisteredEventMixin.java:[36,46] cannot find symbol
[ERROR]   symbol:   class JsonProperty
[ERROR]   location: class de.codecentric.boot.admin.server.utils.jackson.InstanceRegisteredEventMixin
[ERROR] /home/ubuntu/repos/spring-boot-admin/spring-boot-admin-server/src/main/java/de/codecentric/boot/admin/server/utils/jackson/InstanceRegisteredEventMixin.java:[37,26] cannot find symbol
[ERROR]   symbol:   class JsonProperty
[ERROR]   location: class de.codecentric.boot.admin.server.utils.jackson.InstanceRegisteredEventMixin
[ERROR] /home/ubuntu/repos/spring-boot-admin/spring-boot-admin-server/src/main/java/de/codecentric/boot/admin/server/utils/jackson/InstanceRegisteredEventMixin.java:[37,65] cannot find symbol
[ERROR]   symbol:   class JsonProperty
[ERROR]   location: class de.codecentric.boot.admin.server.utils.jackson.InstanceRegisteredEventMixin
[ERROR] /home/ubuntu/repos/spring-boot-admin/spring-boot-admin-server/src/main/java/de/codecentric/boot/admin/server/utils/jackson/InstanceRegisteredEventMixin.java:[38,26] cannot find symbol
[ERROR]   symbol:   class JsonProperty
[ERROR]   location: class de.codecentric.boot.admin.server.utils.jackson.InstanceRegisteredEventMixin
[ERROR] /home/ubuntu/repos/spring-boot-admin/spring-boot-admin-server/src/main/java/de/codecentric/boot/admin/server/utils/jackson/InstanceRegisteredEventMixin.java:[35,10] cannot find symbol
[ERROR]   symbol:   class JsonCreator
[ERROR]   location: class de.codecentric.boot.admin.server.utils.jackson.InstanceRegisteredEventMixin
[ERROR] /home/ubuntu/repos/spring-boot-admin/spring-boot-admin-server/src/main/java/de/codecentric/boot/admin/server/utils/jackson/InstanceRegistrationUpdatedEventMixin.java:[37,55] cannot find symbol
[ERROR]   symbol:   class JsonProperty
[ERROR]   location: class de.codecentric.boot.admin.server.utils.jackson.InstanceRegistrationUpdatedEventMixin
[ERROR] /home/ubuntu/repos/spring-boot-admin/spring-boot-admin-server/src/main/java/de/codecentric/boot/admin/server/utils/jackson/InstanceRegistrationUpdatedEventMixin.java:[38,26] cannot find symbol
[ERROR]   symbol:   class JsonProperty
[ERROR]   location: class de.codecentric.boot.admin.server.utils.jackson.InstanceRegistrationUpdatedEventMixin
[ERROR] /home/ubuntu/repos/spring-boot-admin/spring-boot-admin-server/src/main/java/de/codecentric/boot/admin/server/utils/jackson/InstanceRegistrationUpdatedEventMixin.java:[38,65] cannot find symbol
[ERROR]   symbol:   class JsonProperty
[ERROR]   location: class de.codecentric.boot.admin.server.utils.jackson.InstanceRegistrationUpdatedEventMixin
[ERROR] /home/ubuntu/repos/spring-boot-admin/spring-boot-admin-server/src/main/java/de/codecentric/boot/admin/server/utils/jackson/InstanceRegistrationUpdatedEventMixin.java:[39,26] cannot find symbol
[ERROR]   symbol:   class JsonProperty
[ERROR]   location: class de.codecentric.boot.admin.server.utils.jackson.InstanceRegistrationUpdatedEventMixin
[ERROR] /home/ubuntu/repos/spring-boot-admin/spring-boot-admin-server/src/main/java/de/codecentric/boot/admin/server/utils/jackson/InstanceRegistrationUpdatedEventMixin.java:[36,10] cannot find symbol
[ERROR]   symbol:   class JsonCreator
[ERROR]   location: class de.codecentric.boot.admin.server.utils.jackson.InstanceRegistrationUpdatedEventMixin
[ERROR] /home/ubuntu/repos/spring-boot-admin/spring-boot-admin-server/src/main/java/de/codecentric/boot/admin/server/utils/jackson/InstanceStatusChangedEventMixin.java:[36,49] cannot find symbol
[ERROR]   symbol:   class JsonProperty
[ERROR]   location: class de.codecentric.boot.admin.server.utils.jackson.InstanceStatusChangedEventMixin
[ERROR] /home/ubuntu/repos/spring-boot-admin/spring-boot-admin-server/src/main/java/de/codecentric/boot/admin/server/utils/jackson/InstanceStatusChangedEventMixin.java:[37,26] cannot find symbol
[ERROR]   symbol:   class JsonProperty
[ERROR]   location: class de.codecentric.boot.admin.server.utils.jackson.InstanceStatusChangedEventMixin
[ERROR] /home/ubuntu/repos/spring-boot-admin/spring-boot-admin-server/src/main/java/de/codecentric/boot/admin/server/utils/jackson/InstanceStatusChangedEventMixin.java:[37,65] cannot find symbol
[ERROR]   symbol:   class JsonProperty
[ERROR]   location: class de.codecentric.boot.admin.server.utils.jackson.InstanceStatusChangedEventMixin
[ERROR] -> [Help 1]
[ERROR] 
[ERROR] To see the full stack trace of the errors, re-run Maven with the -e switch.
[ERROR] Re-run Maven using the -X switch to enable full debug logging.
[ERROR] 
[ERROR] For more information about the errors and possible solutions, please read the following articles:
[ERROR] [Help 1] http://cwiki.apache.org/confluence/display/MAVEN/MojoFailureException
[ERROR] 
[ERROR] After correcting the problems, you can resume the build with the command
[ERROR]   mvn <args> -rf :spring-boot-admin-server
