[INFO] Scanning for projects...
[INFO] ------------------------------------------------------------------------
[INFO] Reactor Build Order:
[INFO] 
[INFO] Spring Boot Admin                                                  [pom]
[INFO] Spring Boot Admin Dependencies                                     [pom]
[INFO] Spring Boot Admin Build                                            [pom]
[INFO] Spring Boot Admin Server                                           [jar]
[INFO] Spring Boot Admin Server UI                                        [jar]
[INFO] Spring Boot Admin Client                                           [jar]
[INFO] Spring Boot Admin Docs                                             [pom]
[INFO] Spring Boot Admin Server Cloud                                     [jar]
[INFO] Spring Boot Admin Server Starter                                   [jar]
[INFO] Spring Boot Admin Client Starter                                   [jar]
[INFO] Spring Boot Admin Samples                                          [pom]
[INFO] Spring Boot Admin Server custom UI                                 [jar]
[INFO] Spring Boot Admin Sample Servlet                                   [jar]
[INFO] Spring Boot Admin Sample Reactive                                  [jar]
[INFO] Spring Boot Admin Sample War                                       [war]
[INFO] Spring Boot Admin Sample Hazelcast                                 [jar]
[INFO] Spring Boot Admin Sample Eureka                                    [jar]
[INFO] Spring Boot Admin Sample Consul                                    [jar]
[INFO] Spring Boot Admin Sample Zookeeper                                 [jar]
[INFO] 
[INFO] ------------------< de.codecentric:spring-boot-admin >------------------
[INFO] Building Spring Boot Admin 3.5.8-SNAPSHOT                         [1/19]
[INFO]   from pom.xml
[INFO] --------------------------------[ pom ]---------------------------------
[INFO] 
[INFO] --- checkstyle:3.6.0:check (default-cli) @ spring-boot-admin ---
[INFO] Starting audit...
Audit done.
[INFO] You have 0 Checkstyle violations.
[INFO] 
[INFO] --- spring-javaformat:0.0.47:validate (default-cli) @ spring-boot-admin ---
[INFO] 
[INFO] -----------< de.codecentric:spring-boot-admin-dependencies >------------
[INFO] Building Spring Boot Admin Dependencies 3.5.8-SNAPSHOT            [2/19]
[INFO]   from spring-boot-admin-dependencies/pom.xml
[INFO] --------------------------------[ pom ]---------------------------------
[INFO] 
[INFO] --- checkstyle:3.6.0:check (default-cli) @ spring-boot-admin-dependencies ---
[INFO] Starting audit...
Audit done.
[INFO] You have 0 Checkstyle violations.
[INFO] 
[INFO] --- spring-javaformat:0.0.47:validate (default-cli) @ spring-boot-admin-dependencies ---
[INFO] 
[INFO] ---------------< de.codecentric:spring-boot-admin-build >---------------
[INFO] Building Spring Boot Admin Build 3.5.8-SNAPSHOT                   [3/19]
[INFO]   from spring-boot-admin-build/pom.xml
[INFO] --------------------------------[ pom ]---------------------------------
[INFO] 
[INFO] --- checkstyle:3.6.0:check (default-cli) @ spring-boot-admin-build ---
[INFO] Starting audit...
Audit done.
[INFO] You have 0 Checkstyle violations.
[INFO] 
[INFO] --- spring-javaformat:0.0.47:validate (default-cli) @ spring-boot-admin-build ---
[INFO] 
[INFO] --------------< de.codecentric:spring-boot-admin-server >---------------
[INFO] Building Spring Boot Admin Server 3.5.8-SNAPSHOT                  [4/19]
[INFO]   from spring-boot-admin-server/pom.xml
[INFO] --------------------------------[ jar ]---------------------------------
[INFO] 
[INFO] --- checkstyle:3.6.0:check (default-cli) @ spring-boot-admin-server ---
[INFO] Starting audit...
[ERROR] /home/ubuntu/repos/spring-boot-admin/spring-boot-admin-server/src/main/java/de/codecentric/boot/admin/server/config/AdminServerNotifierAutoConfiguration.java:37:1: Wrong order for 'org.springframework.boot.context.properties.ConfigurationProperties' import. [SpringImportOrder]
[ERROR] /home/ubuntu/repos/spring-boot-admin/spring-boot-admin-server/src/main/java/de/codecentric/boot/admin/server/config/AdminServerWebConfiguration.java:20:1: Wrong order for 'org.springframework.boot.autoconfigure.AutoConfigureAfter' import. [SpringImportOrder]
[ERROR] /home/ubuntu/repos/spring-boot-admin/spring-boot-admin-server/src/main/java/de/codecentric/boot/admin/server/utils/jackson/SanitizingMapSerializer.java:27:1: Wrong order for 'org.springframework.lang.Nullable' import. [SpringImportOrder]
[ERROR] /home/ubuntu/repos/spring-boot-admin/spring-boot-admin-server/src/test/java/de/codecentric/boot/admin/server/AbstractAdminApplicationTest.java:24:1: Wrong order for 'com.fasterxml.jackson.datatype.jsonorg.JsonOrgModule' import. [SpringImportOrder]
[ERROR] /home/ubuntu/repos/spring-boot-admin/spring-boot-admin-server/src/test/java/de/codecentric/boot/admin/server/config/AdminServerCloudFoundryAutoConfigurationTest.java:26:1: Wrong order for 'org.springframework.boot.test.context.runner.WebApplicationContextRunner' import. [SpringImportOrder]
[ERROR] /home/ubuntu/repos/spring-boot-admin/spring-boot-admin-server/src/test/java/de/codecentric/boot/admin/server/config/AdminServerAutoConfigurationTest.java:27:1: Wrong order for 'org.springframework.boot.test.context.runner.WebApplicationContextRunner' import. [SpringImportOrder]
[ERROR] /home/ubuntu/repos/spring-boot-admin/spring-boot-admin-server/src/test/java/de/codecentric/boot/admin/server/config/AdminServerNotifierAutoConfigurationTest.java:27:1: Wrong order for 'org.springframework.boot.test.context.runner.WebApplicationContextRunner' import. [SpringImportOrder]
[ERROR] /home/ubuntu/repos/spring-boot-admin/spring-boot-admin-server/src/test/java/de/codecentric/boot/admin/server/config/AdminServerInstanceWebClientConfigurationTest.java:25:1: Wrong order for 'org.springframework.boot.test.context.runner.WebApplicationContextRunner' import. [SpringImportOrder]
[ERROR] /home/ubuntu/repos/spring-boot-admin/spring-boot-admin-server/src/test/java/de/codecentric/boot/admin/server/utils/jackson/InstanceEventMixinTest.java:21:1: Wrong order for 'com.fasterxml.jackson.datatype.jsr310.JavaTimeModule' import. [SpringImportOrder]
[ERROR] /home/ubuntu/repos/spring-boot-admin/spring-boot-admin-server/src/test/java/de/codecentric/boot/admin/server/utils/jackson/StatusInfoMixinTest.java:24:1: Wrong order for 'com.fasterxml.jackson.datatype.jsr310.JavaTimeModule' import. [SpringImportOrder]
[ERROR] /home/ubuntu/repos/spring-boot-admin/spring-boot-admin-server/src/test/java/de/codecentric/boot/admin/server/utils/jackson/InfoMixinTest.java:26:1: Wrong order for 'com.fasterxml.jackson.datatype.jsr310.JavaTimeModule' import. [SpringImportOrder]
[ERROR] /home/ubuntu/repos/spring-boot-admin/spring-boot-admin-server/src/test/java/de/codecentric/boot/admin/server/utils/jackson/RegistrationDeserializerTest.java:21:1: Wrong order for 'org.json.JSONObject' import. [SpringImportOrder]
[ERROR] /home/ubuntu/repos/spring-boot-admin/spring-boot-admin-server/src/test/java/de/codecentric/boot/admin/server/utils/jackson/InstanceIdMixinTest.java:23:1: Wrong order for 'com.fasterxml.jackson.datatype.jsr310.JavaTimeModule' import. [SpringImportOrder]
[ERROR] /home/ubuntu/repos/spring-boot-admin/spring-boot-admin-server/src/test/java/de/codecentric/boot/admin/server/utils/jackson/InstanceDeregisteredEventMixinTest.java:25:1: Wrong order for 'com.fasterxml.jackson.datatype.jsr310.JavaTimeModule' import. [SpringImportOrder]
[ERROR] /home/ubuntu/repos/spring-boot-admin/spring-boot-admin-server/src/test/java/de/codecentric/boot/admin/server/utils/jackson/BuildVersionMixinTest.java:21:1: Wrong order for 'com.fasterxml.jackson.datatype.jsr310.JavaTimeModule' import. [SpringImportOrder]
[ERROR] /home/ubuntu/repos/spring-boot-admin/spring-boot-admin-server/src/test/java/de/codecentric/boot/admin/server/utils/jackson/InstanceStatusChangedEventMixinTest.java:27:1: Wrong order for 'com.fasterxml.jackson.datatype.jsr310.JavaTimeModule' import. [SpringImportOrder]
[ERROR] /home/ubuntu/repos/spring-boot-admin/spring-boot-admin-server/src/test/java/de/codecentric/boot/admin/server/utils/jackson/InstanceRegistrationUpdatedEventMixinTest.java:26:1: Wrong order for 'com.fasterxml.jackson.datatype.jsr310.JavaTimeModule' import. [SpringImportOrder]
[ERROR] /home/ubuntu/repos/spring-boot-admin/spring-boot-admin-server/src/test/java/de/codecentric/boot/admin/server/utils/jackson/TagsMixinTest.java:25:1: Wrong order for 'com.fasterxml.jackson.datatype.jsr310.JavaTimeModule' import. [SpringImportOrder]
[ERROR] /home/ubuntu/repos/spring-boot-admin/spring-boot-admin-server/src/test/java/de/codecentric/boot/admin/server/utils/jackson/InstanceInfoChangedEventMixinTest.java:28:1: Wrong order for 'com.fasterxml.jackson.datatype.jsr310.JavaTimeModule' import. [SpringImportOrder]
[ERROR] /home/ubuntu/repos/spring-boot-admin/spring-boot-admin-server/src/test/java/de/codecentric/boot/admin/server/utils/jackson/InstanceEndpointsDetectedEventMixinTest.java:25:1: Wrong order for 'com.fasterxml.jackson.datatype.jsr310.JavaTimeModule' import. [SpringImportOrder]
[ERROR] /home/ubuntu/repos/spring-boot-admin/spring-boot-admin-server/src/test/java/de/codecentric/boot/admin/server/utils/jackson/EndpointsMixinTest.java:23:1: Wrong order for 'com.fasterxml.jackson.datatype.jsr310.JavaTimeModule' import. [SpringImportOrder]
[ERROR] /home/ubuntu/repos/spring-boot-admin/spring-boot-admin-server/src/test/java/de/codecentric/boot/admin/server/utils/jackson/EndpointMixinTest.java:23:1: Wrong order for 'com.fasterxml.jackson.datatype.jsr310.JavaTimeModule' import. [SpringImportOrder]
[ERROR] /home/ubuntu/repos/spring-boot-admin/spring-boot-admin-server/src/test/java/de/codecentric/boot/admin/server/utils/jackson/InstanceRegisteredEventMixinTest.java:26:1: Wrong order for 'com.fasterxml.jackson.datatype.jsr310.JavaTimeModule' import. [SpringImportOrder]
[ERROR] /home/ubuntu/repos/spring-boot-admin/spring-boot-admin-server/src/test/java/de/codecentric/boot/admin/server/notify/filter/web/NotificationFilterControllerTest.java:23:1: Wrong order for 'org.junit.jupiter.api.Test' import. [SpringImportOrder]
Audit done.
[INFO] There are 24 errors reported by Checkstyle 12.3.1 with src/checkstyle/checkstyle.xml ruleset.
[ERROR] src/main/java/de/codecentric/boot/admin/server/config/AdminServerNotifierAutoConfiguration.java:[37,1] (extension) SpringImportOrder: Wrong order for 'org.springframework.boot.context.properties.ConfigurationProperties' import.
[ERROR] src/main/java/de/codecentric/boot/admin/server/config/AdminServerWebConfiguration.java:[20,1] (extension) SpringImportOrder: Wrong order for 'org.springframework.boot.autoconfigure.AutoConfigureAfter' import.
[ERROR] src/main/java/de/codecentric/boot/admin/server/utils/jackson/SanitizingMapSerializer.java:[27,1] (extension) SpringImportOrder: Wrong order for 'org.springframework.lang.Nullable' import.
[ERROR] src/test/java/de/codecentric/boot/admin/server/AbstractAdminApplicationTest.java:[24,1] (extension) SpringImportOrder: Wrong order for 'com.fasterxml.jackson.datatype.jsonorg.JsonOrgModule' import.
[ERROR] src/test/java/de/codecentric/boot/admin/server/config/AdminServerCloudFoundryAutoConfigurationTest.java:[26,1] (extension) SpringImportOrder: Wrong order for 'org.springframework.boot.test.context.runner.WebApplicationContextRunner' import.
[ERROR] src/test/java/de/codecentric/boot/admin/server/config/AdminServerAutoConfigurationTest.java:[27,1] (extension) SpringImportOrder: Wrong order for 'org.springframework.boot.test.context.runner.WebApplicationContextRunner' import.
[ERROR] src/test/java/de/codecentric/boot/admin/server/config/AdminServerNotifierAutoConfigurationTest.java:[27,1] (extension) SpringImportOrder: Wrong order for 'org.springframework.boot.test.context.runner.WebApplicationContextRunner' import.
[ERROR] src/test/java/de/codecentric/boot/admin/server/config/AdminServerInstanceWebClientConfigurationTest.java:[25,1] (extension) SpringImportOrder: Wrong order for 'org.springframework.boot.test.context.runner.WebApplicationContextRunner' import.
[ERROR] src/test/java/de/codecentric/boot/admin/server/utils/jackson/InstanceEventMixinTest.java:[21,1] (extension) SpringImportOrder: Wrong order for 'com.fasterxml.jackson.datatype.jsr310.JavaTimeModule' import.
[ERROR] src/test/java/de/codecentric/boot/admin/server/utils/jackson/StatusInfoMixinTest.java:[24,1] (extension) SpringImportOrder: Wrong order for 'com.fasterxml.jackson.datatype.jsr310.JavaTimeModule' import.
[ERROR] src/test/java/de/codecentric/boot/admin/server/utils/jackson/InfoMixinTest.java:[26,1] (extension) SpringImportOrder: Wrong order for 'com.fasterxml.jackson.datatype.jsr310.JavaTimeModule' import.
[ERROR] src/test/java/de/codecentric/boot/admin/server/utils/jackson/RegistrationDeserializerTest.java:[21,1] (extension) SpringImportOrder: Wrong order for 'org.json.JSONObject' import.
[ERROR] src/test/java/de/codecentric/boot/admin/server/utils/jackson/InstanceIdMixinTest.java:[23,1] (extension) SpringImportOrder: Wrong order for 'com.fasterxml.jackson.datatype.jsr310.JavaTimeModule' import.
[ERROR] src/test/java/de/codecentric/boot/admin/server/utils/jackson/InstanceDeregisteredEventMixinTest.java:[25,1] (extension) SpringImportOrder: Wrong order for 'com.fasterxml.jackson.datatype.jsr310.JavaTimeModule' import.
[ERROR] src/test/java/de/codecentric/boot/admin/server/utils/jackson/BuildVersionMixinTest.java:[21,1] (extension) SpringImportOrder: Wrong order for 'com.fasterxml.jackson.datatype.jsr310.JavaTimeModule' import.
[ERROR] src/test/java/de/codecentric/boot/admin/server/utils/jackson/InstanceStatusChangedEventMixinTest.java:[27,1] (extension) SpringImportOrder: Wrong order for 'com.fasterxml.jackson.datatype.jsr310.JavaTimeModule' import.
[ERROR] src/test/java/de/codecentric/boot/admin/server/utils/jackson/InstanceRegistrationUpdatedEventMixinTest.java:[26,1] (extension) SpringImportOrder: Wrong order for 'com.fasterxml.jackson.datatype.jsr310.JavaTimeModule' import.
[ERROR] src/test/java/de/codecentric/boot/admin/server/utils/jackson/TagsMixinTest.java:[25,1] (extension) SpringImportOrder: Wrong order for 'com.fasterxml.jackson.datatype.jsr310.JavaTimeModule' import.
[ERROR] src/test/java/de/codecentric/boot/admin/server/utils/jackson/InstanceInfoChangedEventMixinTest.java:[28,1] (extension) SpringImportOrder: Wrong order for 'com.fasterxml.jackson.datatype.jsr310.JavaTimeModule' import.
[ERROR] src/test/java/de/codecentric/boot/admin/server/utils/jackson/InstanceEndpointsDetectedEventMixinTest.java:[25,1] (extension) SpringImportOrder: Wrong order for 'com.fasterxml.jackson.datatype.jsr310.JavaTimeModule' import.
[ERROR] src/test/java/de/codecentric/boot/admin/server/utils/jackson/EndpointsMixinTest.java:[23,1] (extension) SpringImportOrder: Wrong order for 'com.fasterxml.jackson.datatype.jsr310.JavaTimeModule' import.
[ERROR] src/test/java/de/codecentric/boot/admin/server/utils/jackson/EndpointMixinTest.java:[23,1] (extension) SpringImportOrder: Wrong order for 'com.fasterxml.jackson.datatype.jsr310.JavaTimeModule' import.
[ERROR] src/test/java/de/codecentric/boot/admin/server/utils/jackson/InstanceRegisteredEventMixinTest.java:[26,1] (extension) SpringImportOrder: Wrong order for 'com.fasterxml.jackson.datatype.jsr310.JavaTimeModule' import.
[ERROR] src/test/java/de/codecentric/boot/admin/server/notify/filter/web/NotificationFilterControllerTest.java:[23,1] (extension) SpringImportOrder: Wrong order for 'org.junit.jupiter.api.Test' import.
[INFO] ------------------------------------------------------------------------
[INFO] Reactor Summary for Spring Boot Admin 3.5.8-SNAPSHOT:
[INFO] 
[INFO] Spring Boot Admin .................................. SUCCESS [  1.066 s]
[INFO] Spring Boot Admin Dependencies ..................... SUCCESS [  0.088 s]
[INFO] Spring Boot Admin Build ............................ SUCCESS [  0.059 s]
[INFO] Spring Boot Admin Server ........................... FAILURE [  0.969 s]
[INFO] Spring Boot Admin Server UI ........................ SKIPPED
[INFO] Spring Boot Admin Client ........................... SKIPPED
[INFO] Spring Boot Admin Docs ............................. SKIPPED
[INFO] Spring Boot Admin Server Cloud ..................... SKIPPED
[INFO] Spring Boot Admin Server Starter ................... SKIPPED
[INFO] Spring Boot Admin Client Starter ................... SKIPPED
[INFO] Spring Boot Admin Samples .......................... SKIPPED
[INFO] Spring Boot Admin Server custom UI ................. SKIPPED
[INFO] Spring Boot Admin Sample Servlet ................... SKIPPED
[INFO] Spring Boot Admin Sample Reactive .................. SKIPPED
[INFO] Spring Boot Admin Sample War ....................... SKIPPED
[INFO] Spring Boot Admin Sample Hazelcast ................. SKIPPED
[INFO] Spring Boot Admin Sample Eureka .................... SKIPPED
[INFO] Spring Boot Admin Sample Consul .................... SKIPPED
[INFO] Spring Boot Admin Sample Zookeeper ................. SKIPPED
[INFO] ------------------------------------------------------------------------
[INFO] BUILD FAILURE
[INFO] ------------------------------------------------------------------------
[INFO] Total time:  2.610 s
[INFO] Finished at: 2026-02-05T23:25:25Z
[INFO] ------------------------------------------------------------------------
[ERROR] Failed to execute goal org.apache.maven.plugins:maven-checkstyle-plugin:3.6.0:check (default-cli) on project spring-boot-admin-server: You have 24 Checkstyle violations. -> [Help 1]
[ERROR] 
[ERROR] To see the full stack trace of the errors, re-run Maven with the -e switch.
[ERROR] Re-run Maven using the -X switch to enable full debug logging.
[ERROR] 
[ERROR] For more information about the errors and possible solutions, please read the following articles:
[ERROR] [Help 1] http://cwiki.apache.org/confluence/display/MAVEN/MojoFailureException
[ERROR] 
[ERROR] After correcting the problems, you can resume the build with the command
[ERROR]   mvn <args> -rf :spring-boot-admin-server
