[INFO] Scanning for projects...
[INFO] ------------------------------------------------------------------------
[INFO] Reactor Build Order:
[INFO] 
[INFO] Spring Boot Admin                                                  [pom]
[INFO] Spring Boot Admin Dependencies                                     [pom]
[INFO] Spring Boot Admin Build                                            [pom]
[INFO] Spring Boot Admin Server                                           [jar]
[INFO] Spring Boot Admin Server UI                                        [jar]
[INFO] Spring Boot Admin Client                                           [jar]
[INFO] Spring Boot Admin Docs                                             [pom]
[INFO] Spring Boot Admin Server Cloud                                     [jar]
[INFO] Spring Boot Admin Server Starter                                   [jar]
[INFO] Spring Boot Admin Client Starter                                   [jar]
[INFO] Spring Boot Admin Samples                                          [pom]
[INFO] Spring Boot Admin Server custom UI                                 [jar]
[INFO] Spring Boot Admin Sample Servlet                                   [jar]
[INFO] Spring Boot Admin Sample Reactive                                  [jar]
[INFO] Spring Boot Admin Sample War                                       [war]
[INFO] Spring Boot Admin Sample Hazelcast                                 [jar]
[INFO] Spring Boot Admin Sample Eureka                                    [jar]
[INFO] Spring Boot Admin Sample Consul                                    [jar]
[INFO] Spring Boot Admin Sample Zookeeper                                 [jar]
[INFO] 
[INFO] ------------------< de.codecentric:spring-boot-admin >------------------
[INFO] Building Spring Boot Admin 3.5.8-SNAPSHOT                         [1/19]
[INFO]   from pom.xml
[INFO] --------------------------------[ pom ]---------------------------------
[INFO] 
[INFO] --- checkstyle:3.6.0:check (default-cli) @ spring-boot-admin ---
[INFO] Starting audit...
Audit done.
[INFO] You have 0 Checkstyle violations.
[INFO] 
[INFO] --- spring-javaformat:0.0.47:validate (default-cli) @ spring-boot-admin ---
[INFO] 
[INFO] -----------< de.codecentric:spring-boot-admin-dependencies >------------
[INFO] Building Spring Boot Admin Dependencies 3.5.8-SNAPSHOT            [2/19]
[INFO]   from spring-boot-admin-dependencies/pom.xml
[INFO] --------------------------------[ pom ]---------------------------------
[INFO] 
[INFO] --- checkstyle:3.6.0:check (default-cli) @ spring-boot-admin-dependencies ---
[INFO] Starting audit...
Audit done.
[INFO] You have 0 Checkstyle violations.
[INFO] 
[INFO] --- spring-javaformat:0.0.47:validate (default-cli) @ spring-boot-admin-dependencies ---
[INFO] 
[INFO] ---------------< de.codecentric:spring-boot-admin-build >---------------
[INFO] Building Spring Boot Admin Build 3.5.8-SNAPSHOT                   [3/19]
[INFO]   from spring-boot-admin-build/pom.xml
[INFO] --------------------------------[ pom ]---------------------------------
[INFO] 
[INFO] --- checkstyle:3.6.0:check (default-cli) @ spring-boot-admin-build ---
[INFO] Starting audit...
Audit done.
[INFO] You have 0 Checkstyle violations.
[INFO] 
[INFO] --- spring-javaformat:0.0.47:validate (default-cli) @ spring-boot-admin-build ---
[INFO] 
[INFO] --------------< de.codecentric:spring-boot-admin-server >---------------
[INFO] Building Spring Boot Admin Server 3.5.8-SNAPSHOT                  [4/19]
[INFO]   from spring-boot-admin-server/pom.xml
[INFO] --------------------------------[ jar ]---------------------------------
[INFO] 
[INFO] --- checkstyle:3.6.0:check (default-cli) @ spring-boot-admin-server ---
[INFO] Starting audit...
Audit done.
[INFO] You have 0 Checkstyle violations.
[INFO] 
[INFO] --- spring-javaformat:0.0.47:validate (default-cli) @ spring-boot-admin-server ---
[INFO] 
[INFO] -------------< de.codecentric:spring-boot-admin-server-ui >-------------
[INFO] Building Spring Boot Admin Server UI 3.5.8-SNAPSHOT               [5/19]
[INFO]   from spring-boot-admin-server-ui/pom.xml
[INFO] --------------------------------[ jar ]---------------------------------
[INFO] 
[INFO] --- checkstyle:3.6.0:check (default-cli) @ spring-boot-admin-server-ui ---
[INFO] Starting audit...
Audit done.
[INFO] You have 0 Checkstyle violations.
[INFO] 
[INFO] --- spring-javaformat:0.0.47:validate (default-cli) @ spring-boot-admin-server-ui ---
[INFO] 
[INFO] --------------< de.codecentric:spring-boot-admin-client >---------------
[INFO] Building Spring Boot Admin Client 3.5.8-SNAPSHOT                  [6/19]
[INFO]   from spring-boot-admin-client/pom.xml
[INFO] --------------------------------[ jar ]---------------------------------
[INFO] 
[INFO] --- checkstyle:3.6.0:check (default-cli) @ spring-boot-admin-client ---
[INFO] Starting audit...
[ERROR] /home/ubuntu/repos/spring-boot-admin/spring-boot-admin-client/src/main/java/de/codecentric/boot/admin/client/config/SpringBootAdminClientAutoConfiguration.java:33:1: Wrong order for 'org.springframework.boot.restclient.autoconfigure.RestClientAutoConfiguration' import. [SpringImportOrder]
[ERROR] /home/ubuntu/repos/spring-boot-admin/spring-boot-admin-client/src/main/java/de/codecentric/boot/admin/client/config/SpringBootAdminClientAutoConfiguration.java:39:1: Wrong order for 'org.springframework.boot.context.properties.EnableConfigurationProperties' import. [SpringImportOrder]
[ERROR] /home/ubuntu/repos/spring-boot-admin/spring-boot-admin-client/src/main/java/de/codecentric/boot/admin/client/config/SpringBootAdminClientCloudFoundryAutoConfiguration.java:31:1: Wrong order for 'org.springframework.boot.cloud.CloudPlatform' import. [SpringImportOrder]
[ERROR] /home/ubuntu/repos/spring-boot-admin/spring-boot-admin-client/src/main/java/de/codecentric/boot/admin/client/registration/ReactiveApplicationFactory.java:24:1: Wrong order for 'org.springframework.boot.web.server.Ssl' import. [SpringImportOrder]
[ERROR] /home/ubuntu/repos/spring-boot-admin/spring-boot-admin-client/src/main/java/de/codecentric/boot/admin/client/registration/DefaultApplicationFactory.java:30:1: Wrong order for 'org.springframework.boot.web.server.Ssl' import. [SpringImportOrder]
[ERROR] /home/ubuntu/repos/spring-boot-admin/spring-boot-admin-client/src/main/java/de/codecentric/boot/admin/client/registration/ServletApplicationFactory.java:25:1: Wrong order for 'org.springframework.boot.web.server.Ssl' import. [SpringImportOrder]
[ERROR] /home/ubuntu/repos/spring-boot-admin/spring-boot-admin-client/src/test/java/de/codecentric/boot/admin/client/config/SpringBootAdminClientCloudFoundryAutoConfigurationTest.java:26:1: Wrong order for 'org.springframework.boot.test.context.runner.WebApplicationContextRunner' import. [SpringImportOrder]
[ERROR] /home/ubuntu/repos/spring-boot-admin/spring-boot-admin-client/src/test/java/de/codecentric/boot/admin/client/config/SpringBootAdminClientRegistrationClientAutoConfigurationTest.java:30:1: Wrong order for 'org.springframework.boot.http.client.ClientHttpRequestFactoryBuilder' import. [SpringImportOrder]
[ERROR] /home/ubuntu/repos/spring-boot-admin/spring-boot-admin-client/src/test/java/de/codecentric/boot/admin/client/config/SpringBootAdminClientRegistrationClientAutoConfigurationTest.java:32:1: Wrong order for 'org.springframework.boot.restclient.RestTemplateBuilder' import. [SpringImportOrder]
[ERROR] /home/ubuntu/repos/spring-boot-admin/spring-boot-admin-client/src/test/java/de/codecentric/boot/admin/client/config/SpringBootAdminClientAutoConfigurationTest.java:30:1: Wrong order for 'org.springframework.boot.autoconfigure.web.reactive.function.client.WebClientAutoConfiguration' import. [SpringImportOrder]
[ERROR] /home/ubuntu/repos/spring-boot-admin/spring-boot-admin-client/src/test/java/de/codecentric/boot/admin/client/config/SpringBootAdminClientAutoConfigurationTest.java:32:1: Wrong order for 'org.springframework.boot.context.annotation.UserConfigurations' import. [SpringImportOrder]
[ERROR] /home/ubuntu/repos/spring-boot-admin/spring-boot-admin-client/src/test/java/de/codecentric/boot/admin/client/registration/ApplicationTest.java:22:1: Wrong order for 'com.jayway.jsonpath.DocumentContext' import. [SpringImportOrder]
[ERROR] /home/ubuntu/repos/spring-boot-admin/spring-boot-admin-client/src/test/java/de/codecentric/boot/admin/client/registration/ServletApplicationFactoryTest.java:31:1: Wrong order for 'org.springframework.boot.web.context.WebServerApplicationContext' import. [SpringImportOrder]
[ERROR] /home/ubuntu/repos/spring-boot-admin/spring-boot-admin-client/src/test/java/de/codecentric/boot/admin/client/registration/ServletApplicationFactoryTest.java:33:1: Wrong order for 'org.springframework.boot.web.server.WebServer' import. [SpringImportOrder]
[ERROR] /home/ubuntu/repos/spring-boot-admin/spring-boot-admin-client/src/test/java/de/codecentric/boot/admin/client/registration/DefaultApplicationFactoryTest.java:29:1: Wrong order for 'org.springframework.boot.web.context.WebServerApplicationContext' import. [SpringImportOrder]
[ERROR] /home/ubuntu/repos/spring-boot-admin/spring-boot-admin-client/src/test/java/de/codecentric/boot/admin/client/registration/DefaultApplicationFactoryTest.java:31:1: Wrong order for 'org.springframework.boot.web.server.Ssl' import. [SpringImportOrder]
[ERROR] /home/ubuntu/repos/spring-boot-admin/spring-boot-admin-client/src/test/java/de/codecentric/boot/admin/client/registration/ReactiveApplicationFactoryTest.java:30:1: Wrong order for 'org.springframework.boot.web.context.WebServerApplicationContext' import. [SpringImportOrder]
[ERROR] /home/ubuntu/repos/spring-boot-admin/spring-boot-admin-client/src/test/java/de/codecentric/boot/admin/client/registration/ReactiveApplicationFactoryTest.java:32:1: Wrong order for 'org.springframework.boot.web.server.WebServer' import. [SpringImportOrder]
Audit done.
[INFO] There are 18 errors reported by Checkstyle 12.3.1 with src/checkstyle/checkstyle.xml ruleset.
[ERROR] src/main/java/de/codecentric/boot/admin/client/config/SpringBootAdminClientAutoConfiguration.java:[33,1] (extension) SpringImportOrder: Wrong order for 'org.springframework.boot.restclient.autoconfigure.RestClientAutoConfiguration' import.
[ERROR] src/main/java/de/codecentric/boot/admin/client/config/SpringBootAdminClientAutoConfiguration.java:[39,1] (extension) SpringImportOrder: Wrong order for 'org.springframework.boot.context.properties.EnableConfigurationProperties' import.
[ERROR] src/main/java/de/codecentric/boot/admin/client/config/SpringBootAdminClientCloudFoundryAutoConfiguration.java:[31,1] (extension) SpringImportOrder: Wrong order for 'org.springframework.boot.cloud.CloudPlatform' import.
[ERROR] src/main/java/de/codecentric/boot/admin/client/registration/ReactiveApplicationFactory.java:[24,1] (extension) SpringImportOrder: Wrong order for 'org.springframework.boot.web.server.Ssl' import.
[ERROR] src/main/java/de/codecentric/boot/admin/client/registration/DefaultApplicationFactory.java:[30,1] (extension) SpringImportOrder: Wrong order for 'org.springframework.boot.web.server.Ssl' import.
[ERROR] src/main/java/de/codecentric/boot/admin/client/registration/ServletApplicationFactory.java:[25,1] (extension) SpringImportOrder: Wrong order for 'org.springframework.boot.web.server.Ssl' import.
[ERROR] src/test/java/de/codecentric/boot/admin/client/config/SpringBootAdminClientCloudFoundryAutoConfigurationTest.java:[26,1] (extension) SpringImportOrder: Wrong order for 'org.springframework.boot.test.context.runner.WebApplicationContextRunner' import.
[ERROR] src/test/java/de/codecentric/boot/admin/client/config/SpringBootAdminClientRegistrationClientAutoConfigurationTest.java:[30,1] (extension) SpringImportOrder: Wrong order for 'org.springframework.boot.http.client.ClientHttpRequestFactoryBuilder' import.
[ERROR] src/test/java/de/codecentric/boot/admin/client/config/SpringBootAdminClientRegistrationClientAutoConfigurationTest.java:[32,1] (extension) SpringImportOrder: Wrong order for 'org.springframework.boot.restclient.RestTemplateBuilder' import.
[ERROR] src/test/java/de/codecentric/boot/admin/client/config/SpringBootAdminClientAutoConfigurationTest.java:[30,1] (extension) SpringImportOrder: Wrong order for 'org.springframework.boot.autoconfigure.web.reactive.function.client.WebClientAutoConfiguration' import.
[ERROR] src/test/java/de/codecentric/boot/admin/client/config/SpringBootAdminClientAutoConfigurationTest.java:[32,1] (extension) SpringImportOrder: Wrong order for 'org.springframework.boot.context.annotation.UserConfigurations' import.
[ERROR] src/test/java/de/codecentric/boot/admin/client/registration/ApplicationTest.java:[22,1] (extension) SpringImportOrder: Wrong order for 'com.jayway.jsonpath.DocumentContext' import.
[ERROR] src/test/java/de/codecentric/boot/admin/client/registration/ServletApplicationFactoryTest.java:[31,1] (extension) SpringImportOrder: Wrong order for 'org.springframework.boot.web.context.WebServerApplicationContext' import.
[ERROR] src/test/java/de/codecentric/boot/admin/client/registration/ServletApplicationFactoryTest.java:[33,1] (extension) SpringImportOrder: Wrong order for 'org.springframework.boot.web.server.WebServer' import.
[ERROR] src/test/java/de/codecentric/boot/admin/client/registration/DefaultApplicationFactoryTest.java:[29,1] (extension) SpringImportOrder: Wrong order for 'org.springframework.boot.web.context.WebServerApplicationContext' import.
[ERROR] src/test/java/de/codecentric/boot/admin/client/registration/DefaultApplicationFactoryTest.java:[31,1] (extension) SpringImportOrder: Wrong order for 'org.springframework.boot.web.server.Ssl' import.
[ERROR] src/test/java/de/codecentric/boot/admin/client/registration/ReactiveApplicationFactoryTest.java:[30,1] (extension) SpringImportOrder: Wrong order for 'org.springframework.boot.web.context.WebServerApplicationContext' import.
[ERROR] src/test/java/de/codecentric/boot/admin/client/registration/ReactiveApplicationFactoryTest.java:[32,1] (extension) SpringImportOrder: Wrong order for 'org.springframework.boot.web.server.WebServer' import.
[INFO] ------------------------------------------------------------------------
[INFO] Reactor Summary for Spring Boot Admin 3.5.8-SNAPSHOT:
[INFO] 
[INFO] Spring Boot Admin .................................. SUCCESS [  1.029 s]
[INFO] Spring Boot Admin Dependencies ..................... SUCCESS [  0.090 s]
[INFO] Spring Boot Admin Build ............................ SUCCESS [  0.061 s]
[INFO] Spring Boot Admin Server ........................... SUCCESS [  1.060 s]
[INFO] Spring Boot Admin Server UI ........................ SUCCESS [  0.504 s]
[INFO] Spring Boot Admin Client ........................... FAILURE [  0.625 s]
[INFO] Spring Boot Admin Docs ............................. SKIPPED
[INFO] Spring Boot Admin Server Cloud ..................... SKIPPED
[INFO] Spring Boot Admin Server Starter ................... SKIPPED
[INFO] Spring Boot Admin Client Starter ................... SKIPPED
[INFO] Spring Boot Admin Samples .......................... SKIPPED
[INFO] Spring Boot Admin Server custom UI ................. SKIPPED
[INFO] Spring Boot Admin Sample Servlet ................... SKIPPED
[INFO] Spring Boot Admin Sample Reactive .................. SKIPPED
[INFO] Spring Boot Admin Sample War ....................... SKIPPED
[INFO] Spring Boot Admin Sample Hazelcast ................. SKIPPED
[INFO] Spring Boot Admin Sample Eureka .................... SKIPPED
[INFO] Spring Boot Admin Sample Consul .................... SKIPPED
[INFO] Spring Boot Admin Sample Zookeeper ................. SKIPPED
[INFO] ------------------------------------------------------------------------
[INFO] BUILD FAILURE
[INFO] ------------------------------------------------------------------------
[INFO] Total time:  3.781 s
[INFO] Finished at: 2026-02-05T23:27:36Z
[INFO] ------------------------------------------------------------------------
[ERROR] Failed to execute goal org.apache.maven.plugins:maven-checkstyle-plugin:3.6.0:check (default-cli) on project spring-boot-admin-client: You have 18 Checkstyle violations. -> [Help 1]
[ERROR] 
[ERROR] To see the full stack trace of the errors, re-run Maven with the -e switch.
[ERROR] Re-run Maven using the -X switch to enable full debug logging.
[ERROR] 
[ERROR] For more information about the errors and possible solutions, please read the following articles:
[ERROR] [Help 1] http://cwiki.apache.org/confluence/display/MAVEN/MojoFailureException
[ERROR] 
[ERROR] After correcting the problems, you can resume the build with the command
[ERROR]   mvn <args> -rf :spring-boot-admin-client
