[INFO] Scanning for projects...
[INFO] ------------------------------------------------------------------------
[INFO] Reactor Build Order:
[INFO] 
[INFO] Spring Boot Admin                                                  [pom]
[INFO] Spring Boot Admin Dependencies                                     [pom]
[INFO] Spring Boot Admin Build                                            [pom]
[INFO] Spring Boot Admin Server                                           [jar]
[INFO] Spring Boot Admin Server UI                                        [jar]
[INFO] Spring Boot Admin Client                                           [jar]
[INFO] Spring Boot Admin Docs                                             [pom]
[INFO] Spring Boot Admin Server Cloud                                     [jar]
[INFO] Spring Boot Admin Server Starter                                   [jar]
[INFO] Spring Boot Admin Client Starter                                   [jar]
[INFO] Spring Boot Admin Samples                                          [pom]
[INFO] Spring Boot Admin Server custom UI                                 [jar]
[INFO] Spring Boot Admin Sample Servlet                                   [jar]
[INFO] Spring Boot Admin Sample Reactive                                  [jar]
[INFO] Spring Boot Admin Sample War                                       [war]
[INFO] Spring Boot Admin Sample Hazelcast                                 [jar]
[INFO] Spring Boot Admin Sample Eureka                                    [jar]
[INFO] Spring Boot Admin Sample Consul                                    [jar]
[INFO] Spring Boot Admin Sample Zookeeper                                 [jar]
[INFO] 
[INFO] ------------------< de.codecentric:spring-boot-admin >------------------
[INFO] Building Spring Boot Admin 3.5.8-SNAPSHOT                         [1/19]
[INFO]   from pom.xml
[INFO] --------------------------------[ pom ]---------------------------------
[INFO] 
[INFO] --- checkstyle:3.6.0:check (default-cli) @ spring-boot-admin ---
[INFO] Starting audit...
Audit done.
[INFO] You have 0 Checkstyle violations.
[INFO] 
[INFO] --- spring-javaformat:0.0.47:validate (default-cli) @ spring-boot-admin ---
[INFO] 
[INFO] -----------< de.codecentric:spring-boot-admin-dependencies >------------
[INFO] Building Spring Boot Admin Dependencies 3.5.8-SNAPSHOT            [2/19]
[INFO]   from spring-boot-admin-dependencies/pom.xml
[INFO] --------------------------------[ pom ]---------------------------------
[INFO] 
[INFO] --- checkstyle:3.6.0:check (default-cli) @ spring-boot-admin-dependencies ---
[INFO] Starting audit...
Audit done.
[INFO] You have 0 Checkstyle violations.
[INFO] 
[INFO] --- spring-javaformat:0.0.47:validate (default-cli) @ spring-boot-admin-dependencies ---
[INFO] 
[INFO] ---------------< de.codecentric:spring-boot-admin-build >---------------
[INFO] Building Spring Boot Admin Build 3.5.8-SNAPSHOT                   [3/19]
[INFO]   from spring-boot-admin-build/pom.xml
[INFO] --------------------------------[ pom ]---------------------------------
[INFO] 
[INFO] --- checkstyle:3.6.0:check (default-cli) @ spring-boot-admin-build ---
[INFO] Starting audit...
Audit done.
[INFO] You have 0 Checkstyle violations.
[INFO] 
[INFO] --- spring-javaformat:0.0.47:validate (default-cli) @ spring-boot-admin-build ---
[INFO] 
[INFO] --------------< de.codecentric:spring-boot-admin-server >---------------
[INFO] Building Spring Boot Admin Server 3.5.8-SNAPSHOT                  [4/19]
[INFO]   from spring-boot-admin-server/pom.xml
[INFO] --------------------------------[ jar ]---------------------------------
[INFO] 
[INFO] --- checkstyle:3.6.0:check (default-cli) @ spring-boot-admin-server ---
[INFO] Starting audit...
Audit done.
[INFO] You have 0 Checkstyle violations.
[INFO] 
[INFO] --- spring-javaformat:0.0.47:validate (default-cli) @ spring-boot-admin-server ---
[INFO] 
[INFO] -------------< de.codecentric:spring-boot-admin-server-ui >-------------
[INFO] Building Spring Boot Admin Server UI 3.5.8-SNAPSHOT               [5/19]
[INFO]   from spring-boot-admin-server-ui/pom.xml
[INFO] --------------------------------[ jar ]---------------------------------
[INFO] 
[INFO] --- checkstyle:3.6.0:check (default-cli) @ spring-boot-admin-server-ui ---
[INFO] Starting audit...
Audit done.
[INFO] You have 0 Checkstyle violations.
[INFO] 
[INFO] --- spring-javaformat:0.0.47:validate (default-cli) @ spring-boot-admin-server-ui ---
[INFO] 
[INFO] --------------< de.codecentric:spring-boot-admin-client >---------------
[INFO] Building Spring Boot Admin Client 3.5.8-SNAPSHOT                  [6/19]
[INFO]   from spring-boot-admin-client/pom.xml
[INFO] --------------------------------[ jar ]---------------------------------
[INFO] 
[INFO] --- checkstyle:3.6.0:check (default-cli) @ spring-boot-admin-client ---
[INFO] Starting audit...
Audit done.
[INFO] You have 0 Checkstyle violations.
[INFO] 
[INFO] --- spring-javaformat:0.0.47:validate (default-cli) @ spring-boot-admin-client ---
[INFO] 
[INFO] ---------------< de.codecentric:spring-boot-admin-docs >----------------
[INFO] Building Spring Boot Admin Docs 3.5.8-SNAPSHOT                    [7/19]
[INFO]   from spring-boot-admin-docs/pom.xml
[INFO] --------------------------------[ pom ]---------------------------------
[INFO] 
[INFO] --- checkstyle:3.6.0:check (default-cli) @ spring-boot-admin-docs ---
[INFO] Starting audit...
Audit done.
[INFO] You have 0 Checkstyle violations.
[INFO] 
[INFO] --- spring-javaformat:0.0.47:validate (default-cli) @ spring-boot-admin-docs ---
[INFO] 
[INFO] -----------< de.codecentric:spring-boot-admin-server-cloud >------------
[INFO] Building Spring Boot Admin Server Cloud 3.5.8-SNAPSHOT            [8/19]
[INFO]   from spring-boot-admin-server-cloud/pom.xml
[INFO] --------------------------------[ jar ]---------------------------------
[INFO] 
[INFO] --- checkstyle:3.6.0:check (default-cli) @ spring-boot-admin-server-cloud ---
[INFO] Starting audit...
[ERROR] /home/ubuntu/repos/spring-boot-admin/spring-boot-admin-server-cloud/src/test/java/de/codecentric/boot/admin/server/cloud/AdminApplicationDiscoveryTest.java:25:1: Wrong order for 'com.fasterxml.jackson.datatype.jsonorg.JsonOrgModule' import. [SpringImportOrder]
Audit done.
[INFO] There is 1 error reported by Checkstyle 12.3.1 with src/checkstyle/checkstyle.xml ruleset.
[ERROR] src/test/java/de/codecentric/boot/admin/server/cloud/AdminApplicationDiscoveryTest.java:[25,1] (extension) SpringImportOrder: Wrong order for 'com.fasterxml.jackson.datatype.jsonorg.JsonOrgModule' import.
[INFO] ------------------------------------------------------------------------
[INFO] Reactor Summary for Spring Boot Admin 3.5.8-SNAPSHOT:
[INFO] 
[INFO] Spring Boot Admin .................................. SUCCESS [  1.054 s]
[INFO] Spring Boot Admin Dependencies ..................... SUCCESS [  0.095 s]
[INFO] Spring Boot Admin Build ............................ SUCCESS [  0.059 s]
[INFO] Spring Boot Admin Server ........................... SUCCESS [  1.076 s]
[INFO] Spring Boot Admin Server UI ........................ SUCCESS [  0.096 s]
[INFO] Spring Boot Admin Client ........................... SUCCESS [  0.475 s]
[INFO] Spring Boot Admin Docs ............................. SUCCESS [  0.044 s]
[INFO] Spring Boot Admin Server Cloud ..................... FAILURE [  0.496 s]
[INFO] Spring Boot Admin Server Starter ................... SKIPPED
[INFO] Spring Boot Admin Client Starter ................... SKIPPED
[INFO] Spring Boot Admin Samples .......................... SKIPPED
[INFO] Spring Boot Admin Server custom UI ................. SKIPPED
[INFO] Spring Boot Admin Sample Servlet ................... SKIPPED
[INFO] Spring Boot Admin Sample Reactive .................. SKIPPED
[INFO] Spring Boot Admin Sample War ....................... SKIPPED
[INFO] Spring Boot Admin Sample Hazelcast ................. SKIPPED
[INFO] Spring Boot Admin Sample Eureka .................... SKIPPED
[INFO] Spring Boot Admin Sample Consul .................... SKIPPED
[INFO] Spring Boot Admin Sample Zookeeper ................. SKIPPED
[INFO] ------------------------------------------------------------------------
[INFO] BUILD FAILURE
[INFO] ------------------------------------------------------------------------
[INFO] Total time:  3.846 s
[INFO] Finished at: 2026-02-05T23:28:34Z
[INFO] ------------------------------------------------------------------------
[ERROR] Failed to execute goal org.apache.maven.plugins:maven-checkstyle-plugin:3.6.0:check (default-cli) on project spring-boot-admin-server-cloud: You have 1 Checkstyle violation. -> [Help 1]
[ERROR] 
[ERROR] To see the full stack trace of the errors, re-run Maven with the -e switch.
[ERROR] Re-run Maven using the -X switch to enable full debug logging.
[ERROR] 
[ERROR] For more information about the errors and possible solutions, please read the following articles:
[ERROR] [Help 1] http://cwiki.apache.org/confluence/display/MAVEN/MojoFailureException
[ERROR] 
[ERROR] After correcting the problems, you can resume the build with the command
[ERROR]   mvn <args> -rf :spring-boot-admin-server-cloud
