================================================================================
SPRING BOOT ADMIN - JAVA 17 TO JAVA 21 UPGRADE SESSION LOG
================================================================================

Session ID: 4380a9cdd661421984046d55c3817e89
Session URL: https://jpmc-oss.devinenterprise.com/sessions/4380a9cdd661421984046d55c3817e89
Requested by: feimvnc@gmail.com (@feimvnc)
Date: 2026-02-06

================================================================================
TASK DETAILS
================================================================================

Task: Upgrade Spring Boot Admin from Java 17 to Java 21
Repository: https://github.com/AI-Data-Ranch/spring-boot-admin.git
Base Branch: master
Result Branch: feature/java21-upgrade_20260205_230249590
PR Number: 15
PR URL: https://github.com/AI-Data-Ranch/spring-boot-admin/pull/15

================================================================================
FILES MODIFIED
================================================================================

1. pom.xml
   - Line 35: Changed <java.version>17</java.version> to <java.version>21</java.version>

2. .github/workflows/build-main.yml
   - Line 25: Changed java-version: '17' to java-version: '21'
   - Line 64: Changed java-version: '17' to java-version: '21'

3. .github/workflows/build-feature.yml
   - Line 38: Changed java-version: '17' to java-version: '21'

4. .github/workflows/release-to-maven-central.yml
   - Line 43: Changed java-version: '17' to java-version: '21'

================================================================================
EXECUTION STEPS
================================================================================

1. [COMPLETED] Cloned repository and checked out result branch
2. [COMPLETED] Analyzed current Java version configuration
3. [COMPLETED] Updated Java version in pom.xml (17 -> 21)
4. [COMPLETED] Updated Java version in CI/CD workflows
5. [COMPLETED] Ran lint checks (checkstyle, spring-javaformat) - PASSED
6. [COMPLETED] Committed changes with descriptive message
7. [COMPLETED] Pushed branch to remote
8. [COMPLETED] Created Pull Request #15
9. [IN PROGRESS] Waiting for CI checks to complete

================================================================================
LINT CHECK OUTPUT
================================================================================

Build Status: SUCCESS
Total Time: 4.335 seconds
Checkstyle Violations: 0
Spring JavaFormat Violations: 0

All 19 modules passed lint validation:
- Spring Boot Admin
- Spring Boot Admin Dependencies
- Spring Boot Admin Build
- Spring Boot Admin Server
- Spring Boot Admin Server UI
- Spring Boot Admin Client
- Spring Boot Admin Docs
- Spring Boot Admin Server Cloud
- Spring Boot Admin Server Starter
- Spring Boot Admin Client Starter
- Spring Boot Admin Samples
- Spring Boot Admin Server custom UI
- Spring Boot Admin Sample Servlet
- Spring Boot Admin Sample Reactive
- Spring Boot Admin Sample War
- Spring Boot Admin Sample Hazelcast
- Spring Boot Admin Sample Eureka
- Spring Boot Admin Sample Consul
- Spring Boot Admin Sample Zookeeper

================================================================================
END OF SESSION LOG
================================================================================
